11-05 11:51:42.241  7077  7077 D CameraHolder: cameraIdList size =2
11-05 11:51:42.243   430  3209 W ServiceManager: Permission failure: android.permission.SYSTEM_CAMERA from uid=10168 pid=7077
11-05 11:51:42.245   430  3209 W ServiceManager: Permission failure: android.permission.SYSTEM_CAMERA from uid=10168 pid=7077
11-05 11:51:42.249  7077  7077 W LegacyMetadataMapper: No AWB modes supported (HAL bug); defaulting to AWB_MODE_AUTO only
11-05 11:51:42.254  7077  7077 D CameraHolder: cameraIdList size =2
11-05 11:51:42.255  7077  7077 I SetActivitiesCameraReceiver: number of camera: 2
11-05 11:51:42.255  7077  7077 I SetActivitiesCameraReceiver: component state is 1
11-05 11:51:42.269  2438  2438 W Choreographer: Frame time is 0.332814 ms in the future!  Check that graphics HAL is generating vsync timestamps using the correct timebase.
11-05 11:51:42.269  5967  5967 W Choreographer: Frame time is 0.328647 ms in the future!  Check that graphics HAL is generating vsync timestamps using the correct timebase.
11-05 11:51:42.283  6486  6486 I Notifications: [ChimeBroadcastReceiver] Intent received for action [android.intent.action.BOOT_COMPLETED] package [com.android.chrome].
11-05 11:51:42.284  6486  6486 I Notifications: [ChimeBroadcastReceiver] Phenotype initialized.
11-05 11:51:42.284  6486  6486 W Notifications: [ChimeBroadcastReceiver] BroadcastReceiver stopped
11-05 11:51:42.284  6486  6486 W Notifications: java.lang.IllegalStateException: Unable to get ChimeComponent from host app. Did you mean for your application to extend GeneratedComponentManager or HasComponent or to use jcga.libraries.notifications.injection.Chime#set(ChimeComponent)?
11-05 11:51:42.284  6486  6486 W Notifications: 	at OQ.a(Unknown Source:28)
11-05 11:51:42.284  6486  6486 W Notifications: 	at aR.onReceive(Unknown Source:109)
11-05 11:51:42.284  6486  6486 W Notifications: 	at android.app.ActivityThread.handleReceiver(ActivityThread.java:4027)
11-05 11:51:42.284  6486  6486 W Notifications: 	at android.app.ActivityThread.access$1400(ActivityThread.java:238)
11-05 11:51:42.284  6486  6486 W Notifications: 	at android.app.ActivityThread$H.handleMessage(ActivityThread.java:1925)
11-05 11:51:42.284  6486  6486 W Notifications: 	at android.os.Handler.dispatchMessage(Handler.java:106)
11-05 11:51:42.284  6486  6486 W Notifications: 	at android.os.Looper.loop(Looper.java:223)
11-05 11:51:42.284  6486  6486 W Notifications: 	at android.app.ActivityThread.main(ActivityThread.java:7669)
11-05 11:51:42.284  6486  6486 W Notifications: 	at java.lang.reflect.Method.invoke(Native Method)
11-05 11:51:42.284  6486  6486 W Notifications: 	at com.android.internal.os.RuntimeInit$MethodAndArgsCaller.run(RuntimeInit.java:594)
11-05 11:51:42.284  6486  6486 W Notifications: 	at com.android.internal.os.ZygoteInit.main(ZygoteInit.java:947)
11-05 11:51:42.286  1234  4370 D CompatibilityChangeReporter: Compat change id reported: 135634846; UID 10185; state: DISABLED
11-05 11:51:42.286  1234  1286 D CompatibilityChangeReporter: Compat change id reported: 143937733; UID 10185; state: ENABLED
11-05 11:51:42.289  1234  4370 I ActivityManager: Killing 6242:com.google.android.apps.turbo:aab/u0a112 (adj 985): empty #17
11-05 11:51:42.305  7024  7125 I chatty  : uid=10114(com.google.android.gms) IntentService[D expire 5 lines
11-05 11:51:42.306   275   275 D Zygote  : Forked child process 7225
11-05 11:51:42.322  1234  1286 I ActivityManager: Start proc 7225:com.google.android.youtube/u0a185 for broadcast {com.google.android.youtube/com.google.android.libraries.notifications.entrypoints.restart.RestartReceiver}
11-05 11:51:42.328  4820  4820 I Finsky  : [2] vxl.a(3): SCH: job service start with id 9364.
11-05 11:51:42.355  7225  7225 E android.youtub: Not starting debugger since process cannot load the jdwp agent.
11-05 11:51:42.434  7225  7225 I android.youtub: The ClassLoaderContext is a special shared library.
11-05 11:51:42.470  4820  4983 I Finsky  : [192] vwj.a(25): SCH: Satisfied jobs for 9364 are: 29-29
11-05 11:51:42.474  5967  5967 W Choreographer: Frame time is 0.34407 ms in the future!  Check that graphics HAL is generating vsync timestamps using the correct timebase.
11-05 11:51:42.474  2438  2438 W Choreographer: Frame time is 0.21808 ms in the future!  Check that graphics HAL is generating vsync timestamps using the correct timebase.
11-05 11:51:42.481  4820  5650 I Finsky  : [243] vvw.accept(2): SCH: Job 29-29 starting
11-05 11:51:42.524   275   275 I Zygote  : Process 6242 exited due to signal 9 (Killed)
11-05 11:51:42.525  1234  1248 D CompatibilityChangeReporter: Compat change id reported: 149924527; UID 10114; state: ENABLED
11-05 11:51:42.526  1234  4366 D CompatibilityChangeReporter: Compat change id reported: 132649864; UID 10114; state: DISABLED
11-05 11:51:42.537  4371  6068 I chatty  : uid=10177(com.android.providers.media.module) Thread-8 expire 83 lines
11-05 11:51:42.545  4820  7243 I Finsky  : [261] abxc.g(0): ProcessRecoveryLogsUtil: No files in recovery directory
11-05 11:51:42.546  4820  7243 I Finsky  : [261] vto.s(4): SCH: jobFinished: 29-29. TimeElapsed: 61ms.
11-05 11:51:42.577  2438  2438 W Choreographer: Frame time is 0.204484 ms in the future!  Check that graphics HAL is generating vsync timestamps using the correct timebase.
11-05 11:51:42.577  5967  5967 W Choreographer: Frame time is 0.262193 ms in the future!  Check that graphics HAL is generating vsync timestamps using the correct timebase.
11-05 11:51:42.597  7225  7225 W android.youtub: JIT profile information will not be recorded: profile file does not exist.
11-05 11:51:42.597  7225  7225 I chatty  : uid=10185(com.google.android.youtube) identical 1 line
11-05 11:51:42.597  7225  7225 W android.youtub: JIT profile information will not be recorded: profile file does not exist.
11-05 11:51:42.608  7225  7225 D NetworkSecurityConfig: Using Network Security Config from resource network_security_config debugBuild: false
11-05 11:51:42.609  7225  7225 D NetworkSecurityConfig: Using Network Security Config from resource network_security_config debugBuild: false
11-05 11:51:42.676  4820  4972 I Finsky  : [191] vjm.accept(41): SCH: Scheduling phonesky job Id: 26-1414141414, CT: 1636100436354, Constraints: [{ L: 43200000, D: 44100000, C: 1, I: 1, N: 0 }]
11-05 11:51:42.679  2438  2438 W Choreographer: Frame time is 0.36479 ms in the future!  Check that graphics HAL is generating vsync timestamps using the correct timebase.
11-05 11:51:42.760  4820  4961 I Finsky  : [187] vta.apply(8): SCH: Scheduling 1 system job(s)
11-05 11:51:42.762  4820  4961 I Finsky  : [187] vta.apply(12): SCH: Scheduling system job Id: 9378, L: 34133593, D: 35033593, C: false, I: false, N: 0
11-05 11:51:42.765  7024  7037 I chatty  : uid=10114(com.google.android.gms) HeapTaskDaemon expire 1 line
11-05 11:51:42.807  4820  5650 I Finsky  : [243] vxf.a(16): SCH: job service finished with id 9364.
11-05 11:51:42.867  3472  6819 I chatty  : uid=10114 com.google.android.gms.persistent expire 1 line
11-05 11:51:43.034  7225  7268 W android.youtub: Accessing hidden field Ljava/util/Collections$SynchronizedCollection;->mutex:Ljava/lang/Object; (greylist-max-o, reflection, denied)
11-05 11:51:43.034  7225  7268 W android.youtub: Accessing hidden method Ljava/util/Collections$SynchronizedSet;-><init>(Ljava/util/Set;Ljava/lang/Object;)V (greylist-max-o, reflection, denied)
11-05 11:51:43.034  7225  7268 W android.youtub: Accessing hidden method Ljava/util/Collections$SynchronizedCollection;-><init>(Ljava/util/Collection;Ljava/lang/Object;)V (greylist-max-o, reflection, denied)
11-05 11:51:43.069  7225  7225 I TetheringManager: registerTetheringEventCallback:com.google.android.youtube
11-05 11:51:43.115  2757  2757 D PhoneSwitcherNetworkRequstListener: got request NetworkRequest [ TRACK_DEFAULT id=37, [ Capabilities: INTERNET&NOT_RESTRICTED&TRUSTED Uid: 10185 AdministratorUids: [] RequestorUid: 10185 RequestorPackageName: com.google.android.youtube] ] with score 60 and providerId 4
11-05 11:51:43.115  1234  2293 I chatty  : uid=1000(system) EthernetService expire 5 lines
11-05 11:51:43.129  7225  7285 W YouTube : Fetching the Gservices key 'failsafe_enable_gms_device_compliance_check' before the end of the bulk initialization
11-05 11:51:43.143  3472  6969 E ActivityThread: Failed to find provider info for instantapp-dev-manager
11-05 11:51:43.202  4820  4853 I Finsky  : [175] egz.a(7): Received content filters request from sharedUserId=com.google.uid.shared:10114
11-05 11:51:43.227  7225  7271 W GooglePlayServicesUtil: Google Play services out of date for com.google.android.youtube.  Requires 214380000 but found 213917044
11-05 11:51:43.331  2757  2757 D PhoneSwitcherNetworkRequstListener: got request NetworkRequest [ TRACK_DEFAULT id=38, [ Capabilities: INTERNET&NOT_RESTRICTED&TRUSTED Uid: 10185 AdministratorUids: [] RequestorUid: 10185 RequestorPackageName: com.google.android.youtube] ] with score 60 and providerId 4
11-05 11:51:43.366  7225  7276 D StrictMode: StrictMode policy violation: android.os.strictmode.NetworkViolation
11-05 11:51:43.366  7225  7276 D StrictMode: 	at android.os.StrictMode$AndroidBlockGuardPolicy.onNetwork(StrictMode.java:1610)
11-05 11:51:43.366  7225  7276 D StrictMode: 	at java.net.Inet6AddressImpl.lookupHostByName(Inet6AddressImpl.java:115)
11-05 11:51:43.366  7225  7276 D StrictMode: 	at java.net.Inet6AddressImpl.lookupAllHostAddr(Inet6AddressImpl.java:103)
11-05 11:51:43.366  7225  7276 D StrictMode: 	at java.net.InetAddress.getByName(InetAddress.java:1106)
11-05 11:51:43.366  7225  7276 D StrictMode: 	at ajyz.u(PG:4)
11-05 11:51:43.366  7225  7276 D StrictMode: 	at epd.run(PG:9)
11-05 11:51:43.366  7225  7276 D StrictMode: 	at zef.run(PG:6)
11-05 11:51:43.366  7225  7276 D StrictMode: 	at slu.run(PG:5)
11-05 11:51:43.366  7225  7276 D StrictMode: 	at java.util.concurrent.ThreadPoolExecutor.runWorker(ThreadPoolExecutor.java:1167)
11-05 11:51:43.366  7225  7276 D StrictMode: 	at java.util.concurrent.ThreadPoolExecutor$Worker.run(ThreadPoolExecutor.java:641)
11-05 11:51:43.366  7225  7276 D StrictMode: 	at skw.run(PG:2)
11-05 11:51:43.366  7225  7276 D StrictMode: 	at sle.run(PG:4)
11-05 11:51:43.366  7225  7276 D StrictMode: 	at java.lang.Thread.run(Thread.java:923)
11-05 11:51:43.409  7225  7276 D StrictMode: StrictMode policy violation: android.os.strictmode.NetworkViolation
11-05 11:51:43.409  7225  7276 D StrictMode: 	at android.os.StrictMode$AndroidBlockGuardPolicy.onNetwork(StrictMode.java:1610)
11-05 11:51:43.409  7225  7276 D StrictMode: 	at libcore.io.BlockGuardOs.android_getaddrinfo(BlockGuardOs.java:200)
11-05 11:51:43.409  7225  7276 D StrictMode: 	at libcore.io.ForwardingOs.android_getaddrinfo(ForwardingOs.java:73)
11-05 11:51:43.409  7225  7276 D StrictMode: 	at java.net.Inet6AddressImpl.lookupHostByName(Inet6AddressImpl.java:135)
11-05 11:51:43.409  7225  7276 D StrictMode: 	at java.net.Inet6AddressImpl.lookupAllHostAddr(Inet6AddressImpl.java:103)
11-05 11:51:43.409  7225  7276 D StrictMode: 	at java.net.InetAddress.getByName(InetAddress.java:1106)
11-05 11:51:43.409  7225  7276 D StrictMode: 	at ajyz.u(PG:4)
11-05 11:51:43.409  7225  7276 D StrictMode: 	at epd.run(PG:9)
11-05 11:51:43.409  7225  7276 D StrictMode: 	at zef.run(PG:6)
11-05 11:51:43.409  7225  7276 D StrictMode: 	at slu.run(PG:5)
11-05 11:51:43.409  7225  7276 D StrictMode: 	at java.util.concurrent.ThreadPoolExecutor.runWorker(ThreadPoolExecutor.java:1167)
11-05 11:51:43.409  7225  7276 D StrictMode: 	at java.util.concurrent.ThreadPoolExecutor$Worker.run(ThreadPoolExecutor.java:641)
11-05 11:51:43.409  7225  7276 D StrictMode: 	at skw.run(PG:2)
11-05 11:51:43.409  7225  7276 D StrictMode: 	at sle.run(PG:4)
11-05 11:51:43.409  7225  7276 D StrictMode: 	at java.lang.Thread.run(Thread.java:923)
11-05 11:51:43.415  2438  2438 W Choreographer: Frame time is 0.31851 ms in the future!  Check that graphics HAL is generating vsync timestamps using the correct timebase.
11-05 11:51:43.415  5967  5967 W Choreographer: Frame time is 0.312676 ms in the future!  Check that graphics HAL is generating vsync timestamps using the correct timebase.
11-05 11:51:43.443  6617  6617 E GooglePartnerSetup: Phenotype client.register: true
11-05 11:51:43.479  1234  4396 D BiometricService: canAuthenticate: User=0, Caller=0, Authenticators=255
11-05 11:51:43.479  1234  4396 D AuthService: canAuthenticate, userId: 0, callingUserId: 0, authenticators: 255, result: 12
11-05 11:51:43.482  1234  4395 I ActivityManager: Killing 6269:com.google.android.apps.turbo:ssb/u0a112 (adj 955): empty #17
11-05 11:51:43.534  2438  2438 W Choreographer: Frame time is 0.344329 ms in the future!  Check that graphics HAL is generating vsync timestamps using the correct timebase.
11-05 11:51:43.677  2757  2757 D PhoneSwitcherNetworkRequstListener: got request NetworkRequest [ TRACK_DEFAULT id=40, [ Capabilities: INTERNET&NOT_RESTRICTED&TRUSTED Uid: 10185 AdministratorUids: [] RequestorUid: 10185 RequestorPackageName: com.google.android.youtube] ] with score 60 and providerId 4
11-05 11:51:43.749   275   275 I Zygote  : Process 6269 exited due to signal 9 (Killed)
11-05 11:51:43.817  3472  5164 I chatty  : uid=10114(com.google.android.gms) NearbyDiscovery expire 5 lines
11-05 11:51:43.870  4820  4855 I android.vendin: oneway function results will be dropped but finished with status UNKNOWN_TRANSACTION and parcel size 0
11-05 11:51:43.872  5516  5516 I Finsky:background: [2] oup.onDestroy(8): IPC-SERVER: Stopping gRPC host service...
11-05 11:51:43.960  7225  7225 W YT.MDX.adef: CastAppId for type 0 not found. Defaulting to mainCastAppId.
11-05 11:51:43.970   446   446 I keystore: del USRPKEY_unstable.c7202ece89390c490b1b94d5b71225e1.5423051600047652425 10114
11-05 11:51:43.971   446   446 I keystore: del USRSKEY_unstable.c7202ece89390c490b1b94d5b71225e1.5423051600047652425 10114
11-05 11:51:43.971   446   446 I keystore: del USRCERT_unstable.c7202ece89390c490b1b94d5b71225e1.5423051600047652425 10114
11-05 11:51:43.971   446   446 I keystore: del CACERT_unstable.c7202ece89390c490b1b94d5b71225e1.5423051600047652425 10114
11-05 11:51:43.972  1234  2706 I chatty  : uid=1000(system) Binder:1234_5 expire 2 lines
11-05 11:51:43.973  7225  7225 W YT.MDX.adef: CastAppId for type 0 not found. Defaulting to mainCastAppId.
11-05 11:51:43.974   462   462 W wificond: Copy constructor is only used for unit tests
11-05 11:51:43.975   462   462 W wificond: Failed to get NL80211_ATTR_EXT_FEATURES
11-05 11:51:43.975   462   462 W wificond: Copy constructor is only used for unit tests
11-05 11:51:43.975   462   462 W wificond: Failed to get NL80211_ATTR_EXT_FEATURES
11-05 11:51:43.975   462   462 W wificond: Copy constructor is only used for unit tests
11-05 11:51:43.976   462   462 W wificond: Failed to get NL80211_ATTR_EXT_FEATURES
11-05 11:51:43.976   462   462 W wificond: Copy constructor is only used for unit tests
11-05 11:51:43.976   462   462 W wificond: Failed to get NL80211_ATTR_EXT_FEATURES
11-05 11:51:44.078  1234  4394 I chatty  : uid=1000(system) Binder:1234_11 expire 4 lines
11-05 11:51:44.349  4443  7377 I chatty  : uid=10114(com.google.android.gms) expire 2 lines
11-05 11:51:44.372  2438  2438 W Choreographer: Frame time is 0.342088 ms in the future!  Check that graphics HAL is generating vsync timestamps using the correct timebase.
11-05 11:51:44.372  5967  5967 W Choreographer: Frame time is 0.274379 ms in the future!  Check that graphics HAL is generating vsync timestamps using the correct timebase.
11-05 11:51:44.379  7225  7345 D CompatibilityChangeReporter: Compat change id reported: 147600208; UID 10185; state: ENABLED
11-05 11:51:44.406   430  2907 W ServiceManager: Permission failure: android.permission.SYSTEM_CAMERA from uid=10185 pid=7225
11-05 11:51:44.416   430  2906 W ServiceManager: Permission failure: android.permission.SYSTEM_CAMERA from uid=10185 pid=7225
11-05 11:51:44.419   430   430 W ServiceManager: Permission failure: android.permission.SYSTEM_CAMERA from uid=10185 pid=7225
11-05 11:51:44.421   430  2905 W ServiceManager: Permission failure: android.permission.SYSTEM_CAMERA from uid=10185 pid=7225
11-05 11:51:44.421   430  2905 W ServiceManager: Permission failure: android.permission.SYSTEM_CAMERA from uid=10185 pid=7225
11-05 11:51:44.432   430  3209 W ServiceManager: Permission failure: android.permission.SYSTEM_CAMERA from uid=10185 pid=7225
11-05 11:51:44.435   430  2907 W ServiceManager: Permission failure: android.permission.SYSTEM_CAMERA from uid=10185 pid=7225
11-05 11:51:44.435   430  2906 W ServiceManager: Permission failure: android.permission.SYSTEM_CAMERA from uid=10185 pid=7225
11-05 11:51:44.435   430  2906 W ServiceManager: Permission failure: android.permission.SYSTEM_CAMERA from uid=10185 pid=7225
11-05 11:51:44.602  4371  6068 W FuseDaemon: Handling plain readdir for .substratum. Invalid d_ino
11-05 11:51:44.602  4371  6068 W FuseDaemon: Handling plain readdir for substratum. Invalid d_ino
11-05 11:51:44.602  4371  6068 W FuseDaemon: Handling plain readdir for cooltool_presets. Invalid d_ino
11-05 11:51:44.602  4371  6068 W FuseDaemon: Handling plain readdir for AppInventor. Invalid d_ino
11-05 11:51:44.602  4371  6068 W FuseDaemon: Handling plain readdir for .HhTjqSRo6dybqDAV2ImUSREmnZU=. Invalid d_ino
11-05 11:51:44.602  4371  6068 W FuseDaemon: Handling plain readdir for pbxaudiobackend.pl. Invalid d_ino
11-05 11:51:44.602  4371  6068 W FuseDaemon: Handling plain readdir for extensions_custom.conf. Invalid d_ino
11-05 11:51:44.602  4371  6068 W FuseDaemon: Handling plain readdir for .profig.os. Invalid d_ino
11-05 11:51:44.602  4371  6068 W FuseDaemon: Handling plain readdir for kws. Invalid d_ino
11-05 11:51:44.602  4371  6068 W FuseDaemon: Handling plain readdir for 7Links. Invalid d_ino
11-05 11:51:44.602  4371  6068 W FuseDaemon: Handling plain readdir for CarbonDelta. Invalid d_ino
11-05 11:51:44.602  4371  6068 W FuseDaemon: Handling plain readdir for twrp3021.img. Invalid d_ino
11-05 11:51:44.602  4371  6068 W FuseDaemon: Handling plain readdir for MediaMonkey. Invalid d_ino
11-05 11:51:44.602  4371  6068 W FuseDaemon: Handling plain readdir for RFAnalyzer. Invalid d_ino
11-05 11:51:44.602  4371  6068 W FuseDaemon: Handling plain readdir for ScreenRecorder. Invalid d_ino
11-05 11:51:44.602  4371  6068 W FuseDaemon: Handling plain readdir for locksettings.db. Invalid d_ino
11-05 11:51:44.602  4371  6068 W FuseDaemon: Handling plain readdir for com.qtrun.QuickTest. Invalid d_ino
11-05 11:51:44.602  4371  6068 W FuseDaemon: Handling plain readdir for Audiobooks. Invalid d_ino
11-05 11:51:44.602  4371  6068 W FuseDaemon: Handling plain readdir for recovery.log. Invalid d_ino
11-05 11:51:44.602  4371  6068 W FuseDaemon: Handling plain readdir for dmesg.log. Invalid d_ino
11-05 11:51:44.611  4371  6068 W FuseDaemon: Handling plain readdir for data. Invalid d_ino
11-05 11:51:44.611  4371  6068 W FuseDaemon: Handling plain readdir for media. Invalid d_ino
11-05 11:51:44.611  4371  6068 W FuseDaemon: Handling plain readdir for obb. Invalid d_ino
11-05 11:51:44.622  3472  3726 I chatty  : uid=10114(com.google.android.gms) GoogleApiHandle expire 5 lines
11-05 11:51:44.660  7225  7260 D JavaScriptCore.Version: 250230.2.1
11-05 11:51:44.679  3472  3720 I chatty  : uid=10114 com.google.android.gms.persistent expire 10 lines
11-05 11:51:44.745  1234  1247 D CompatibilityChangeReporter: Compat change id reported: 135634846; UID 10187; state: DISABLED
11-05 11:51:44.746  1234  1286 D CompatibilityChangeReporter: Compat change id reported: 143937733; UID 10187; state: ENABLED
11-05 11:51:44.761   275   275 D Zygote  : Forked child process 7398
11-05 11:51:44.763  1234  1286 I ActivityManager: Start proc 7398:net.simplyadvanced.ltediscovery/u0a187 for broadcast {net.simplyadvanced.ltediscovery/androidx.work.impl.background.systemalarm.RescheduleReceiver}
11-05 11:51:44.778  7225  7289 W YouTube : ECatcher disabled: level: WARNING, category: initialization, message: ColdStartTypeDetector mismatch earlyDetected:1 detected:3
11-05 11:51:44.778  7225  7289 W YouTube : java.lang.Exception
11-05 11:51:44.778  7225  7289 W YouTube : 	at agax.b(PG:1)
11-05 11:51:44.778  7225  7289 W YouTube : 	at eth.b(PG:7)
11-05 11:51:44.778  7225  7289 W YouTube : 	at eth.c(PG:1)
11-05 11:51:44.778  7225  7289 W YouTube : 	at aczi.queueIdle(PG:4)
11-05 11:51:44.778  7225  7289 W YouTube : 	at android.os.MessageQueue.next(MessageQueue.java:404)
11-05 11:51:44.778  7225  7289 W YouTube : 	at android.os.Looper.loop(Looper.java:183)
11-05 11:51:44.778  7225  7289 W YouTube : 	at android.app.ActivityThread.main(ActivityThread.java:7669)
11-05 11:51:44.778  7225  7289 W YouTube : 	at java.lang.reflect.Method.invoke(Native Method)
11-05 11:51:44.778  7225  7289 W YouTube : 	at com.android.internal.os.RuntimeInit$MethodAndArgsCaller.run(RuntimeInit.java:594)
11-05 11:51:44.778  7225  7289 W YouTube : 	at com.android.internal.os.ZygoteInit.main(ZygoteInit.java:947)
11-05 11:51:44.821  3472  5253 I chatty  : uid=10114(com.google.android.gms) NearbyDirectMai expire 4 lines
11-05 11:51:44.832  7398  7398 E ed.ltediscover: Not starting debugger since process cannot load the jdwp agent.
11-05 11:51:44.841  2377  3358 I bt_stack: [INFO:gatt_api.cc(947)] GATT_Register 503d7e68-d0b5-e7a9-ec7e-dbe475007518
11-05 11:51:44.841  2377  3358 I bt_stack: [INFO:gatt_api.cc(967)] allocated gatt_if=6
11-05 11:51:44.844  3472  7367 I chatty  : uid=10114(com.google.android.gms) Binder:3472_9 expire 2 lines
11-05 11:51:44.881   314   317 E bt_upio : upio_set : open(/proc/bluetooth/sleep/btwrite) for write failed: No such file or directory (2)
11-05 11:51:44.902  2438  2438 W Choreographer: Frame time is 0.272075 ms in the future!  Check that graphics HAL is generating vsync timestamps using the correct timebase.
11-05 11:51:44.936  6977  6997 I gle.android.tt: Waiting for a blocking GC ProfileSaver
11-05 11:51:44.944  4443  4893 I chatty  : uid=10114(com.google.android.gms) Binder:4443_3 expire 1 line
11-05 11:51:44.960  7398  7398 I ed.ltediscover: The ClassLoaderContext is a special shared library.
11-05 11:51:44.967  3472  5095 I chatty  : uid=10114(com.google.android.gms) netscheduler-qu expire 1 line
11-05 11:51:44.973  2377  2377 D BluetoothPbapService:  onChange on contact uri 
11-05 11:51:44.980  2377  2377 D BluetoothPbapService:  onChange on contact uri 
11-05 11:51:45.021  6977  6997 I gle.android.tt: WaitForGcToComplete blocked ProfileSaver on ClassLinker for 85.029ms
11-05 11:51:45.022  2438  2438 W Choreographer: Frame time is 0.34477898 ms in the future!  Check that graphics HAL is generating vsync timestamps using the correct timebase.
11-05 11:51:45.094  2377  7423 D BluetoothPbapUtils: primaryVersionCounter = 272, secondaryVersionCounter=272
11-05 11:51:45.105  1234  1990 I chatty  : uid=1000(system) WifiHandlerThre expire 8 lines
11-05 11:51:45.105  2757  2757 D PhoneSwitcherNetworkRequstListener: got request NetworkRequest [ TRACK_DEFAULT id=41, [ Capabilities: INTERNET&NOT_RESTRICTED&TRUSTED Uid: 10185 AdministratorUids: [] RequestorUid: 10185 RequestorPackageName: com.google.android.youtube] ] with score 60 and providerId 4
11-05 11:51:45.131  7398  7398 W ed.ltediscover: JIT profile information will not be recorded: profile file does not exist.
11-05 11:51:45.131  7398  7398 I chatty  : uid=10187(net.simplyadvanced.ltediscovery) identical 2 lines
11-05 11:51:45.131  7398  7398 W ed.ltediscover: JIT profile information will not be recorded: profile file does not exist.
11-05 11:51:45.142  2438  2438 W Choreographer: Frame time is 0.195384 ms in the future!  Check that graphics HAL is generating vsync timestamps using the correct timebase.
11-05 11:51:45.153  7398  7398 D NetworkSecurityConfig: No Network Security Config specified, using platform default
11-05 11:51:45.154  7398  7398 D NetworkSecurityConfig: No Network Security Config specified, using platform default
11-05 11:51:45.274  7398  7398 I FirebaseApp: Device unlocked: initializing all Firebase APIs for app [DEFAULT]
11-05 11:51:45.308  7398  7398 I FirebaseCrashlytics: Initializing Firebase Crashlytics 18.2.3 for net.simplyadvanced.ltediscovery
11-05 11:51:45.321  7398  7439 V FA      : Deferring to Google Analytics for Firebase for event data collection. https://goo.gl/J1sWQy
11-05 11:51:45.326  7398  7398 W ed.ltediscover: No such thread id for suspend: 17
11-05 11:51:45.390  7398  7456 I FirebaseAuth: [FirebaseAuth:] Preparing to create service connection to fallback implementation
11-05 11:51:45.470  7398  7398 I FirebaseInitProvider: FirebaseApp initialization successful
11-05 11:51:45.478  7398  7439 I DynamiteModule: Considering local module com.google.android.gms.ads.dynamite:0 and remote module com.google.android.gms.ads.dynamite:213806100
11-05 11:51:45.478  7398  7439 I DynamiteModule: Selected remote version of com.google.android.gms.ads.dynamite, version >= 213806100
11-05 11:51:45.478  7398  7439 V DynamiteModule: Dynamite loader version >= 2, using loadModule2NoCrashUtils
11-05 11:51:45.481  2438  2438 W Choreographer: Frame time is 0.280369 ms in the future!  Check that graphics HAL is generating vsync timestamps using the correct timebase.
11-05 11:51:45.508  7225  7421 E GoogleConversionReporter: Error sending ping
11-05 11:51:45.508  7225  7421 E GoogleConversionReporter: baux: Exception in CronetUrlRequest: net::ERR_CONNECTION_REFUSED, ErrorCode=7, InternalErrorCode=-102, Retryable=false
11-05 11:51:45.508  7225  7421 E GoogleConversionReporter: 	at org.chromium.net.impl.CronetUrlRequest.onError(PG:4)
11-05 11:51:45.528  7398  7459 I DynamiteModule: Considering local module com.google.android.gms.measurement.dynamite:52 and remote module com.google.android.gms.measurement.dynamite:53
11-05 11:51:45.528  7398  7459 I DynamiteModule: Selected remote version of com.google.android.gms.measurement.dynamite, version >= 53
11-05 11:51:45.528  7398  7459 V DynamiteModule: Dynamite loader version >= 2, using loadModule2NoCrashUtils
11-05 11:51:45.530  7398  7398 D WM-WrkMgrInitializer: Initializing WorkManager with default configuration.
11-05 11:51:45.595  7398  7398 I TetheringManager: registerTetheringEventCallback:net.simplyadvanced.ltediscovery
11-05 11:51:45.603  2438  2438 W Choreographer: Frame time is 0.357458 ms in the future!  Check that graphics HAL is generating vsync timestamps using the correct timebase.
11-05 11:51:45.608  7398  7439 W ed.ltediscover: ClassLoaderContext classpath size mismatch. expected=5, found=2 (DLC[];PCL[/data/app/~~995QjB-AfDMn9xtAz78RLw==/com.google.android.youtube-IsrZMdEmptaVxyc6-VY_eg==/base.apk*1693275929:/data/app/~~995QjB-AfDMn9xtAz78RLw==/com.google.android.youtube-IsrZMdEmptaVxyc6-VY_eg==/base.apk!classes2.dex*2217430586:/data/app/~~995QjB-AfDMn9xtAz78RLw==/com.google.android.youtube-IsrZMdEmptaVxyc6-VY_eg==/base.apk!classes3.dex*1630200452:/data/app/~~995QjB-AfDMn9xtAz78RLw==/com.google.android.youtube-IsrZMdEmptaVxyc6-VY_eg==/base.apk!classes4.dex*1754081530:/data/app/~~995QjB-AfDMn9xtAz78RLw==/com.google.android.youtube-IsrZMdEmptaVxyc6-VY_eg==/base.apk!classes5.dex*1428071570]{PCL[/system/framework/org.apache.http.legacy.jar*1522375157]} | DLC[];PCL[/data/app/~~A93H4BSpOpHitxNyFKfgvw==/net.simplyadvanced.ltediscovery-hZ-_EDPHdGhFgiijc4A23A==/base.apk*1800254508:/data/app/~~A93H4BSpOpHitxNyFKfgvw==/net.simplyadvanced.ltediscovery-hZ-_EDPHdGhFgiijc4A23A==/base.apk!classes2.dex*3418869155]{PCL[/system/framework/org.apache.http.legacy.jar*1522375157]})
11-05 11:51:45.624  7398  7439 W ed.ltediscover: Found duplicate classes, falling back to extracting from APK : /data/user_de/0/com.google.android.gms/app_chimera/m/00000013/dl-AdsFdrDynamite.integ_213806100100000.apk
11-05 11:51:45.624  7398  7439 W ed.ltediscover: NOTE: This wastes RAM and hurts startup performance.
11-05 11:51:45.624  7398  7439 W ed.ltediscover: Found duplicated class when checking oat files: 'Landroid/support/v4/app/RemoteActionCompatParcelizer;' in /data/user_de/0/com.google.android.gms/app_chimera/m/00000013/dl-AdsFdrDynamite.integ_213806100100000.apk and /data/app/~~A93H4BSpOpHitxNyFKfgvw==/net.simplyadvanced.ltediscovery-hZ-_EDPHdGhFgiijc4A23A==/base.apk
11-05 11:51:45.673  2377  3358 I bt_stack: [INFO:gatt_api.cc(947)] GATT_Register 0588bc18-b8fe-27fe-b03c-dd4e6d95c15a
11-05 11:51:45.673  2377  3358 I bt_stack: [INFO:gatt_api.cc(967)] allocated gatt_if=7
11-05 11:51:45.674  3472  7355 I chatty  : uid=10114(com.google.android.gms) Binder:3472_7 expire 3 lines
11-05 11:51:45.679  3472  6823 I chatty  : uid=10114 com.google.android.gms.persistent expire 5 lines
11-05 11:51:45.723  2438  2438 W Choreographer: Frame time is 0.351473 ms in the future!  Check that graphics HAL is generating vsync timestamps using the correct timebase.
11-05 11:51:45.724  5967  5967 W Choreographer: Frame time is 0.039858 ms in the future!  Check that graphics HAL is generating vsync timestamps using the correct timebase.
11-05 11:51:45.800  1234  1248 I ActivityManager: Killing 6297:com.google.android.apps.wellbeing/u0a106 (adj 985): empty #17
11-05 11:51:45.874  3472  7490 I chatty  : uid=10114(com.google.android.gms) highpool[6] expire 2 lines
11-05 11:51:45.876  4443  4463 I chatty  : uid=10114(com.google.android.gms) Binder:4443_1 expire 2 lines
11-05 11:51:45.877  2438  2438 W Choreographer: Frame time is 0.344329 ms in the future!  Check that graphics HAL is generating vsync timestamps using the correct timebase.
11-05 11:51:45.878  5967  5967 W Choreographer: Frame time is 0.076256 ms in the future!  Check that graphics HAL is generating vsync timestamps using the correct timebase.
11-05 11:51:45.900  1234  4366 I ActivityManager: Finished processing BOOT_COMPLETED for u0
11-05 11:51:45.900  1234  4366 W BroadcastQueue: Background execution not allowed: receiving Intent { act=android.intent.action.DROPBOX_ENTRY_ADDED flg=0x10 (has extras) } to com.google.android.gms/.stats.service.DropBoxEntryAddedReceiver
11-05 11:51:45.902  1234  1285 W BroadcastQueue: Background execution not allowed: receiving Intent { act=android.intent.action.DROPBOX_ENTRY_ADDED flg=0x10 (has extras) } to com.google.android.gms/.chimera.GmsIntentOperationService$PersistentTrustedReceiver
11-05 11:51:45.942  1234  1287 I chatty  : uid=1000(system) ActivityManager expire 9 lines
11-05 11:51:46.012   275   275 I Zygote  : Process 6297 exited due to signal 9 (Killed)
11-05 11:51:46.069  4443  7448 I chatty  : uid=10114(com.google.android.gms) expire 1 line
11-05 11:51:46.091  3472  6966 I chatty  : uid=10114 com.google.android.gms.persistent expire 3 lines
11-05 11:51:46.163  6658  7372 E PhenotypeFlagCommitter: Retrieving snapshot for com.google.android.libraries.consentverifier#com.google.android.projection.gearhead failed
11-05 11:51:46.163  6658  7372 E PhenotypeFlagCommitter: java.util.concurrent.TimeoutException: Timed out waiting for Task
11-05 11:51:46.163  6658  7372 E PhenotypeFlagCommitter: 	at msi.H(SourceFile:8)
11-05 11:51:46.163  6658  7372 E PhenotypeFlagCommitter: 	at mkn.c(SourceFile:2)
11-05 11:51:46.163  6658  7372 E PhenotypeFlagCommitter: 	at mkn.d(SourceFile:2)
11-05 11:51:46.163  6658  7372 E PhenotypeFlagCommitter: 	at mkn.b(SourceFile:1)
11-05 11:51:46.163  6658  7372 E PhenotypeFlagCommitter: 	at naf.run(SourceFile:1)
11-05 11:51:46.163  6658  7372 E PhenotypeFlagCommitter: 	at java.lang.Thread.run(Thread.java:923)
11-05 11:51:46.322  2438  2438 W Choreographer: Frame time is 0.344513 ms in the future!  Check that graphics HAL is generating vsync timestamps using the correct timebase.
11-05 11:51:46.322  5967  5967 W Choreographer: Frame time is 0.332065 ms in the future!  Check that graphics HAL is generating vsync timestamps using the correct timebase.
11-05 11:51:46.442  1234  4344 W BroadcastQueue: Failure [background] sending broadcast result of Intent { act=com.google.apps.tiktok.account.api.controller.REQUIREMENT_STATE_CHANGED flg=0x10 pkg=com.google.android.googlequicksearchbox (has extras) }
11-05 11:51:46.442  1234  4344 W BroadcastQueue: android.os.RemoteException: app.thread must not be null
11-05 11:51:46.442  1234  4344 W BroadcastQueue: 	at com.android.server.am.BroadcastQueue.performReceiveLocked(BroadcastQueue.java:598)
11-05 11:51:46.442  1234  4344 W BroadcastQueue: 	at com.android.server.am.BroadcastQueue.processNextBroadcastLocked(BroadcastQueue.java:1136)
11-05 11:51:46.442  1234  4344 W BroadcastQueue: 	at com.android.server.am.ActivityManagerService.finishReceiver(ActivityManagerService.java:16901)
11-05 11:51:46.442  1234  4344 W BroadcastQueue: 	at android.app.IActivityManager$Stub.onTransact(IActivityManager.java:2337)
11-05 11:51:46.442  1234  4344 W BroadcastQueue: 	at com.android.server.am.ActivityManagerService.onTransact(ActivityManagerService.java:2922)
11-05 11:51:46.442  1234  4344 W BroadcastQueue: 	at android.os.Binder.execTransactInternal(Binder.java:1159)
11-05 11:51:46.442  1234  4344 W BroadcastQueue: 	at android.os.Binder.execTransact(Binder.java:1123)
11-05 11:51:46.527  2438  2438 W Choreographer: Frame time is 0.365883 ms in the future!  Check that graphics HAL is generating vsync timestamps using the correct timebase.
11-05 11:51:46.527  5967  5967 W Choreographer: Frame time is 0.351664 ms in the future!  Check that graphics HAL is generating vsync timestamps using the correct timebase.
11-05 11:51:46.586  6700  7387 E PhenotypeFlagCommitter: Retrieving snapshot for com.google.android.libraries.consentverifier#com.google.android.projection.gearhead failed
11-05 11:51:46.586  6700  7387 E PhenotypeFlagCommitter: java.util.concurrent.TimeoutException: Timed out waiting for Task
11-05 11:51:46.586  6700  7387 E PhenotypeFlagCommitter: 	at msi.H(SourceFile:8)
11-05 11:51:46.586  6700  7387 E PhenotypeFlagCommitter: 	at mkn.c(SourceFile:2)
11-05 11:51:46.586  6700  7387 E PhenotypeFlagCommitter: 	at mkn.d(SourceFile:2)
11-05 11:51:46.586  6700  7387 E PhenotypeFlagCommitter: 	at mkn.b(SourceFile:1)
11-05 11:51:46.586  6700  7387 E PhenotypeFlagCommitter: 	at naf.run(SourceFile:1)
11-05 11:51:46.586  6700  7387 E PhenotypeFlagCommitter: 	at java.lang.Thread.run(Thread.java:923)
11-05 11:51:46.606  7398  7503 I FA      : App measurement initialized, version: 44007
11-05 11:51:46.606  7398  7503 I FA      : To enable debug logging run: adb shell setprop log.tag.FA VERBOSE
11-05 11:51:46.607  7398  7503 I FA      : To enable faster debug mode event logging run:
11-05 11:51:46.607  7398  7503 I FA      :   adb shell setprop debug.firebase.analytics.app net.simplyadvanced.ltediscovery
11-05 11:51:46.647  2438  2438 W Choreographer: Frame time is 0.342043 ms in the future!  Check that graphics HAL is generating vsync timestamps using the correct timebase.
11-05 11:51:46.647  5967  5967 W Choreographer: Frame time is 0.330012 ms in the future!  Check that graphics HAL is generating vsync timestamps using the correct timebase.
11-05 11:51:46.733  1234  4344 D CompatibilityChangeReporter: Compat change id reported: 135634846; UID 10104; state: DISABLED
11-05 11:51:46.734  1234  1286 D CompatibilityChangeReporter: Compat change id reported: 143937733; UID 10104; state: ENABLED
11-05 11:51:46.756   275   275 D Zygote  : Forked child process 7525
11-05 11:51:46.762  1234  1286 I ActivityManager: Start proc 7525:com.android.externalstorage/u0a104 for broadcast {com.android.externalstorage/com.android.externalstorage.MountReceiver}
11-05 11:51:46.793  7525  7525 E externalstorag: Not starting debugger since process cannot load the jdwp agent.
11-05 11:51:46.864  7525  7525 I externalstorag: The ClassLoaderContext is a special shared library.
11-05 11:51:46.895  7525  7525 D NetworkSecurityConfig: No Network Security Config specified, using platform default
11-05 11:51:46.896  7525  7525 D NetworkSecurityConfig: No Network Security Config specified, using platform default
11-05 11:51:46.900  4443  7500 I chatty  : uid=10114(com.google.android.gms) expire 8 lines
11-05 11:51:46.910  7525  7525 D ExternalStorage: After updating volumes, found 2 active roots
11-05 11:51:46.921  7525  7525 D ExternalStorage: After updating volumes, found 2 active roots
11-05 11:51:46.923  1234  1247 W BroadcastQueue: Background execution not allowed: receiving Intent { act=android.intent.action.DROPBOX_ENTRY_ADDED flg=0x10 (has extras) } to com.google.android.gms/.stats.service.DropBoxEntryAddedReceiver
11-05 11:51:46.925  1234  1247 I ActivityManager: Killing 6352:com.google.android.configupdater/u0a93 (adj 985): empty #17
11-05 11:51:46.926  1234  1285 W BroadcastQueue: Background execution not allowed: receiving Intent { act=android.intent.action.DROPBOX_ENTRY_ADDED flg=0x10 (has extras) } to com.google.android.gms/.chimera.GmsIntentOperationService$PersistentTrustedReceiver
11-05 11:51:46.935  7525  7525 D ExternalStorage: After updating volumes, found 2 active roots
11-05 11:51:46.942  7525  7525 D ExternalStorage: After updating volumes, found 2 active roots
11-05 11:51:46.963   275   275 I Zygote  : Process 6352 exited due to signal 9 (Killed)
11-05 11:51:46.969  4443  5779 I chatty  : uid=10114(com.google.android.gms) lowpool[4] expire 3 lines
11-05 11:51:47.004  4371  7550 I MediaProvider: Begin Intent { act=android.intent.action.MEDIA_MOUNTED dat=file:///storage/emulated/0 flg=0x5000010 cmp=com.android.providers.media.module/com.android.providers.media.MediaService (has extras) }
11-05 11:51:47.026  2757  2757 D PhoneSwitcherNetworkRequstListener: got request NetworkRequest [ TRACK_DEFAULT id=42, [ Capabilities: INTERNET&NOT_RESTRICTED&TRUSTED Uid: 10114 AdministratorUids: [] RequestorUid: 10114 RequestorPackageName: com.google.android.gms] ] with score 60 and providerId 4
11-05 11:51:47.029  7525  7525 D ExternalStorage: After updating volumes, found 2 active roots
11-05 11:51:47.050  4371  7550 V MediaProvider: onConfigure() for internal.db
11-05 11:51:47.063  4371  7550 V MediaProvider: onOpen() for internal.db
11-05 11:51:47.064  4371  7550 V MediaProvider: onOpen() finished for internal.db
11-05 11:51:47.068  7525  7525 D ExternalStorage: After updating volumes, found 2 active roots
11-05 11:51:47.081  1234  1248 I chatty  : uid=1000(system) Binder:1234_2 expire 3 lines
11-05 11:51:47.123  7525  7525 D ExternalStorage: After updating volumes, found 2 active roots
11-05 11:51:47.184  1234  4354 W BroadcastQueue: Background execution not allowed: receiving Intent { act=com.google.android.location.internal.server.ACTION_RESTARTED flg=0x10 (has extras) } to com.google.android.gms/.chimera.GmsIntentOperationService$PersistentInternalReceiver
11-05 11:51:47.188  1234  4354 W BroadcastQueue: Background execution not allowed: receiving Intent { act=android.intent.action.DROPBOX_ENTRY_ADDED flg=0x10 (has extras) } to com.google.android.gms/.stats.service.DropBoxEntryAddedReceiver
11-05 11:51:47.190  1234  1285 W BroadcastQueue: Background execution not allowed: receiving Intent { act=android.intent.action.DROPBOX_ENTRY_ADDED flg=0x10 (has extras) } to com.google.android.gms/.chimera.GmsIntentOperationService$PersistentTrustedReceiver
11-05 11:51:47.194  1234  4378 W BroadcastQueue: Background execution not allowed: receiving Intent { act=android.intent.action.DROPBOX_ENTRY_ADDED flg=0x10 (has extras) } to com.google.android.gms/.stats.service.DropBoxEntryAddedReceiver
11-05 11:51:47.196  1234  1285 W BroadcastQueue: Background execution not allowed: receiving Intent { act=android.intent.action.DROPBOX_ENTRY_ADDED flg=0x10 (has extras) } to com.google.android.gms/.chimera.GmsIntentOperationService$PersistentTrustedReceiver
11-05 11:51:47.196  1234  1285 W BroadcastQueue: Background execution not allowed: receiving Intent { act=android.intent.action.DROPBOX_ENTRY_ADDED flg=0x10 (has extras) } to com.google.android.gms/.stats.service.DropBoxEntryAddedReceiver
11-05 11:51:47.196  1234  1285 W BroadcastQueue: Background execution not allowed: receiving Intent { act=android.intent.action.DROPBOX_ENTRY_ADDED flg=0x10 (has extras) } to com.google.android.gms/.chimera.GmsIntentOperationService$PersistentTrustedReceiver
11-05 11:51:47.198  1234  1285 D CompatibilityChangeReporter: Compat change id reported: 135634846; UID 10179; state: DISABLED
11-05 11:51:47.199  1234  1286 D CompatibilityChangeReporter: Compat change id reported: 143937733; UID 10179; state: ENABLED
11-05 11:51:47.215   275   275 D Zygote  : Forked child process 7553
11-05 11:51:47.217  1234  1286 I ActivityManager: Start proc 7553:com.android.cellbroadcastreceiver.module/u0a179 for broadcast {com.android.cellbroadcastreceiver.module/com.android.cellbroadcastreceiver.CellBroadcastReceiver}
11-05 11:51:47.271  7553  7553 E receiver.modul: Not starting debugger since process cannot load the jdwp agent.
11-05 11:51:47.298  4371  7550 I MediaProvider: Scanned internal due to REASON_MOUNTED, found 6 items in 230ms, 0 inserts 0 updates 0 deletes
11-05 11:51:47.385  4371  7550 W ModernMediaScanner: Failed to visit /oem/media: java.nio.file.NoSuchFileException: /oem/media
11-05 11:51:47.388  3472  7437 I chatty  : uid=10114(com.google.android.gms) lowpool[14] expire 8 lines
11-05 11:51:47.392  4371  7550 I MediaProvider: Scanned internal due to REASON_MOUNTED, found 0 items in 13ms, 0 inserts 0 updates 0 deletes
11-05 11:51:47.408  7553  7553 D NetworkSecurityConfig: No Network Security Config specified, using platform default
11-05 11:51:47.409  7553  7553 D NetworkSecurityConfig: No Network Security Config specified, using platform default
11-05 11:51:47.441  7553  7553 D CellBroadcastReceiver: onReceive Intent { act=android.intent.action.SERVICE_STATE flg=0x1000010 cmp=com.android.cellbroadcastreceiver.module/com.android.cellbroadcastreceiver.CellBroadcastReceiver (has extras) }
11-05 11:51:47.459  1234  2706 I ActivityManager: Killing 6575:com.google.android.onetimeinitializer/u0a96 (adj 985): empty #17
11-05 11:51:47.461  2757  2757 I VvmSimStateTracker: android.intent.action.SIM_STATE_CHANGED
11-05 11:51:47.472  4820  4820 I Finsky  : [2] SimStateReceiver.c(4): android.intent.action.SIM_STATE_CHANGED : simState = READY
11-05 11:51:47.477  1234  2706 D CompatibilityChangeReporter: Compat change id reported: 135634846; UID 10108; state: DISABLED
11-05 11:51:47.478  1234  1286 D CompatibilityChangeReporter: Compat change id reported: 143937733; UID 10108; state: ENABLED
11-05 11:51:47.486  2438  2438 W Choreographer: Frame time is 0.34195 ms in the future!  Check that graphics HAL is generating vsync timestamps using the correct timebase.
11-05 11:51:47.494   275   275 D Zygote  : Forked child process 7574
11-05 11:51:47.504  1234  4344 I chatty  : uid=1000(system) Binder:1234_7 expire 6 lines
11-05 11:51:47.507  1234  1286 I ActivityManager: Start proc 7574:com.google.android.carriersetup/u0a108 for broadcast {com.google.android.carriersetup/com.google.android.carriersetup.VzwActivationReceiver}
11-05 11:51:47.533  7574  7574 E id.carriersetu: Not starting debugger since process cannot load the jdwp agent.
11-05 11:51:47.603  7574  7574 D NetworkSecurityConfig: No Network Security Config specified, using platform default
11-05 11:51:47.604  7574  7574 D NetworkSecurityConfig: No Network Security Config specified, using platform default
11-05 11:51:47.605  7225  7244 I android.youtub: Waiting for a blocking GC ProfileSaver
11-05 11:51:47.616   275   275 I Zygote  : Process 6575 exited due to signal 9 (Killed)
11-05 11:51:47.628  7574  7574 I TetheringManager: registerTetheringEventCallback:com.google.android.carriersetup
11-05 11:51:47.632  7574  7574 D VzwActivationReceiver: Action: android.intent.action.SIM_STATE_CHANGED, subId : 1
11-05 11:51:47.641  7225  7244 I android.youtub: WaitForGcToComplete blocked ProfileSaver on ClassLinker for 35.408ms
11-05 11:51:47.649  7574  7574 D VzwEmergencyNotificationReceiver: action: android.intent.action.SIM_STATE_CHANGED
11-05 11:51:47.652  1234  4394 I ActivityManager: Killing 6597:com.google.android.packageinstaller/u0a100 (adj 985): empty #17
11-05 11:51:47.662  7225  7237 I android.youtub: WaitForGcToComplete blocked RunEmptyCheckpoint on ProfileSaver for 7.567ms
11-05 11:51:47.680  7553  7553 D CellBroadcastReceiver: onReceive Intent { act=android.intent.action.SERVICE_STATE flg=0x1000010 cmp=com.android.cellbroadcastreceiver.module/com.android.cellbroadcastreceiver.CellBroadcastReceiver (has extras) }
11-05 11:51:47.686  7553  7553 D CellBroadcastReceiver: onReceive Intent { act=android.intent.action.SERVICE_STATE flg=0x1000010 cmp=com.android.cellbroadcastreceiver.module/com.android.cellbroadcastreceiver.CellBroadcastReceiver (has extras) }
11-05 11:51:47.699  7574  7574 D VzwActivationReceiver: Action: android.intent.action.ACTION_DEFAULT_DATA_SUBSCRIPTION_CHANGED, subId : 1
11-05 11:51:47.699  7574  7574 W SharePreferenceHelper: There is no PCO status data
11-05 11:51:47.713  7553  7553 D CellBroadcastReceiver: onReceive Intent { act=android.telephony.action.DEFAULT_SMS_SUBSCRIPTION_CHANGED flg=0x21000010 cmp=com.android.cellbroadcastreceiver.module/com.android.cellbroadcastreceiver.CellBroadcastReceiver (has extras) }
11-05 11:51:47.714  7553  7553 D CellBroadcastReceiver: Start Cell Broadcast configuration.
11-05 11:51:47.715  4443  4882 I chatty  : uid=10114(com.google.android.gms) expire 2 lines
11-05 11:51:47.726  1234  4369 D CompatibilityChangeReporter: Compat change id reported: 135634846; UID 10158; state: DISABLED
11-05 11:51:47.727  1234  1286 D CompatibilityChangeReporter: Compat change id reported: 143937733; UID 10158; state: DISABLED
11-05 11:51:47.748  7553  7599 D CellBroadcastConfigService: Enable CellBroadcast on sub 1
11-05 11:51:47.750   275   275 D Zygote  : Forked child process 7601
11-05 11:51:47.752  1234  1286 I ActivityManager: Start proc 7601:com.android.messaging/u0a158 for broadcast {com.android.messaging/com.android.messaging.receiver.DefaultSmsSubscriptionChangeReceiver}
11-05 11:51:47.779  4278  4290 I chatty  : uid=10114(com.google.android.gms) HeapTaskDaemon expire 1 line
11-05 11:51:47.791  2438  2438 W Choreographer: Frame time is 0.303595 ms in the future!  Check that graphics HAL is generating vsync timestamps using the correct timebase.
11-05 11:51:47.791  5967  5967 W Choreographer: Frame time is 0.267502 ms in the future!  Check that graphics HAL is generating vsync timestamps using the correct timebase.
11-05 11:51:47.796   275   275 I Zygote  : Process 6597 exited due to signal 9 (Killed)
11-05 11:51:47.812  7601  7601 E droid.messagin: Not starting debugger since process cannot load the jdwp agent.
11-05 11:51:47.822  1234  1841 D WindowManager: powerPress: eventTime=81183 interactive=true count=1 beganFromNonInteractive=false mShortPressOnPowerBehavior=1
11-05 11:51:47.829  1234  1841 I PowerManagerService: Going to sleep due to power_button (uid 1000)...
11-05 11:51:47.831  1234  1319 I DreamManagerService: Entering dreamland.
11-05 11:51:47.831  1234  1319 I PowerManagerService: Dozing...
11-05 11:51:47.875  2438  2472 D KeyguardViewMediator: onStartedGoingToSleep(2)
11-05 11:51:47.880  1234  1250 I DreamController: Starting dream: name=ComponentInfo{com.android.systemui/com.android.systemui.doze.DozeService}, isTest=false, canDoze=true, userId=0
11-05 11:51:47.894  7601  7601 D ApplicationLoaders: Returning zygote-cached class loader: /system/framework/android.test.base.jar
11-05 11:51:47.894  7601  7601 D ApplicationLoaders: Returning zygote-cached class loader: /system/framework/android.hidl.base-V1.0-java.jar
11-05 11:51:47.895  7601  7601 D ApplicationLoaders: Returning zygote-cached class loader: /system/framework/android.hidl.manager-V1.0-java.jar
11-05 11:51:47.895  7601  7601 D ApplicationLoaders: Returning zygote-cached class loader: /system/framework/android.hidl.base-V1.0-java.jar
11-05 11:51:47.919  2438  2472 D KeyguardViewMediator: notifyStartedGoingToSleep
11-05 11:51:47.923  7601  7601 I droid.messagin: The ClassLoaderContext is a special shared library.
11-05 11:51:47.924  2438  2438 V ShadeControllerImpl: NotificationShadeWindow: com.android.systemui.statusbar.phone.NotificationShadeWindowView{db3f54b I.E...... ......ID 0,0-720,1280} canPanelBeCollapsed(): false
11-05 11:51:47.940  7601  7601 D NetworkSecurityConfig: No Network Security Config specified, using platform default
11-05 11:51:47.941  7601  7601 D NetworkSecurityConfig: No Network Security Config specified, using platform default
11-05 11:51:47.962  7601  7601 I TetheringManager: registerTetheringEventCallback:com.android.messaging
11-05 11:51:48.002  2438  2438 D KeyguardViewMediator: handleNotifyStartedGoingToSleep
11-05 11:51:48.019  7601  7617 D TelephonyRegistryManager: onSubscriptionsChangedListener callback received.
11-05 11:51:48.022  1234  1319 I chatty  : uid=1000(system) PowerManagerSer expire 5 lines
11-05 11:51:48.026  2757  2757 I VvmSimStateTracker: android.intent.action.SIM_STATE_CHANGED
11-05 11:51:48.029  4820  4820 I Finsky  : [2] SimStateReceiver.c(4): android.intent.action.SIM_STATE_CHANGED : simState = LOADED
11-05 11:51:48.029   448  2460 E Utils   : did not find channel-count and/or sample-rate
11-05 11:51:48.032  7601  7601 D CompatibilityChangeReporter: Compat change id reported: 147600208; UID 10158; state: DISABLED
11-05 11:51:48.046   448   621 E Utils   : did not find channel-count and/or sample-rate
11-05 11:51:48.106   366  5722 D PermissionCache: checking android.permission.READ_FRAME_BUFFER for uid=1000 => granted (13628 us)
11-05 11:51:48.109  7574  7574 D VzwActivationReceiver: Action: android.intent.action.SIM_STATE_CHANGED, subId : 1
11-05 11:51:48.120  7574  7574 D VzwEmergencyNotificationReceiver: action: android.intent.action.SIM_STATE_CHANGED
11-05 11:51:48.131  7601  7632 I MessagingAppDataModel: Fixup: Send failed - 0 Download failed - 0
11-05 11:51:48.135  7574  7574 E VzwEmergencyNotification: isCarrierSupport : falseisDeviceSupport : false
