11-05 11:50:55.601  1234  2218 I CameraService_proxy: Could not notify camera service of user switch, retrying...
11-05 11:50:55.610  1234  1286 I ActivityManager: Start proc 2836:com.android.launcher3/u0a172 for service {com.android.launcher3/com.android.quickstep.TouchInteractionService}
11-05 11:50:55.611  1234  1253 I ActivityManagerTiming: FinishBooting
11-05 11:50:55.612  1234  1253 W KeyguardServiceDelegate: onScreenTurningOn(): no keyguard service!
11-05 11:50:55.621  1234  2218 W CameraService_proxy: Could not notify cameraserver, camera service not available.
11-05 11:50:55.621  1234  2218 I CameraService_proxy: Could not notify camera service of user switch, retrying...
11-05 11:50:55.645  1234  2218 W CameraService_proxy: Could not notify cameraserver, camera service not available.
11-05 11:50:55.646  1234  2218 I CameraService_proxy: Could not notify camera service of user switch, retrying...
11-05 11:50:55.669  1234  2218 W CameraService_proxy: Could not notify cameraserver, camera service not available.
11-05 11:50:55.669  1234  2218 I CameraService_proxy: Could not notify camera service of user switch, retrying...
11-05 11:50:55.689  1234  2218 W CameraService_proxy: Could not notify cameraserver, camera service not available.
11-05 11:50:55.689  1234  2218 I CameraService_proxy: Could not notify camera service of user switch, retrying...
11-05 11:50:55.710  1234  2218 W CameraService_proxy: Could not notify cameraserver, camera service not available.
11-05 11:50:55.710  1234  2218 I CameraService_proxy: Could not notify camera service of user switch, retrying...
11-05 11:50:55.727  1234  1234 W Looper  : Slow dispatch took 282ms main h=android.app.ActivityThread$H c=null m=159
11-05 11:50:55.729  1234  1234 D ConditionProviders.SCP: onConnected
11-05 11:50:55.730  1234  2218 W CameraService_proxy: Could not notify cameraserver, camera service not available.
11-05 11:50:55.730  1234  2218 I CameraService_proxy: Could not notify camera service of user switch, retrying...
11-05 11:50:55.731  1234  1234 D ConditionProviders: Subscribing to condition://android/event?userId=-10000&calendar=&reply=1 with ComponentInfo{android/com.android.server.notification.EventConditionProvider}
11-05 11:50:55.731  1234  1234 D ConditionProviders: Subscribing to condition://android/schedule?days=1.2.3.4.5.6.7&start=22.0&end=7.0&exitAtAlarm=true with ComponentInfo{android/com.android.server.notification.ScheduleConditionProvider}
11-05 11:50:55.736  1234  1234 D CompatibilityChangeReporter: Compat change id reported: 135634846; UID 10178; state: DISABLED
11-05 11:50:55.737  1234  1286 D CompatibilityChangeReporter: Compat change id reported: 143937733; UID 10178; state: ENABLED
11-05 11:50:55.751  1234  2218 W CameraService_proxy: Could not notify cameraserver, camera service not available.
11-05 11:50:55.751  1234  2218 I CameraService_proxy: Could not notify camera service of user switch, retrying...
11-05 11:50:55.753  1234  1286 I ActivityManager: Start proc 2886:android.ext.services/u0a178 for service {android.ext.services/android.ext.services.autofill.InlineSuggestionRenderServiceImpl}
11-05 11:50:55.771  1234  2218 W CameraService_proxy: Could not notify cameraserver, camera service not available.
11-05 11:50:55.772  1234  2218 I CameraService_proxy: Could not notify camera service of user switch, retrying...
11-05 11:50:55.792  1234  2218 W CameraService_proxy: Could not notify cameraserver, camera service not available.
11-05 11:50:55.792  1234  2218 I CameraService_proxy: Could not notify camera service of user switch, retrying...
11-05 11:50:55.792  1234  2712 W ActivityManager: Permission Denial: registerUidObserver from pid=430, uid=1013 requires android.permission.PACKAGE_USAGE_STATS
11-05 11:50:55.829  1234  1234 D PackageWatchdog: Getting all observed packages pending health checks
11-05 11:50:55.829  1234  1234 I PackageWatchdog: Syncing health check requests for packages: {}
11-05 11:50:55.829  1234  1234 I ExplicitHealthCheckController: Service not ready to get health check supported packages. Binding...
11-05 11:50:55.831  1234  1234 I ExplicitHealthCheckController: Explicit health check service is bound
11-05 11:50:55.854  1234  1234 D BluetoothManagerService: Bluetooth Adapter name changed to Xperia Z3 Compact
11-05 11:50:55.855  1234  1234 D BluetoothManagerService: Stored Bluetooth name: Xperia Z3 Compact
11-05 11:50:55.859  1234  1234 D BluetoothManagerService: BluetoothServiceConnection: com.android.bluetooth.btservice.AdapterService
11-05 11:50:55.859  1234  1252 D BluetoothManagerService: MESSAGE_BLUETOOTH_SERVICE_CONNECTED: 1
11-05 11:50:55.861  1234  1252 D BluetoothManagerService: Broadcasting onBluetoothServiceUp() to 3 receivers.
11-05 11:50:55.865  1234  1253 I ActivityTaskManager: Config changes=40200000 {0.95000213 ?mcc?mnc [de_DE] ldltr sw360dp w360dp h568dp 320dpi nrml port finger -keyb/v/h -nav/h winConfig={ mBounds=Rect(0, 0 - 720, 1280) mAppBounds=Rect(0, 0 - 720, 1184) mWindowingMode=fullscreen mDisplayWindowingMode=fullscreen mActivityType=undefined mAlwaysOnTop=undefined mRotation=ROTATION_0} s.18}
11-05 11:50:55.867  1234  1252 D BluetoothManagerService: MESSAGE_BLUETOOTH_STATE_CHANGE: OFF > BLE_TURNING_ON
11-05 11:50:55.867  1234  1252 D BluetoothManagerService: Sending BLE State Change: OFF > BLE_TURNING_ON
11-05 11:50:55.868  1234  1253 I WindowManager: Override config changes=40200000 {0.95000213 ?mcc?mnc [de_DE] ldltr sw360dp w360dp h568dp 320dpi nrml port finger -keyb/v/h -nav/h winConfig={ mBounds=Rect(0, 0 - 720, 1280) mAppBounds=Rect(0, 0 - 720, 1184) mWindowingMode=fullscreen mDisplayWindowingMode=fullscreen mActivityType=undefined mAlwaysOnTop=undefined mRotation=ROTATION_0} s.18} for displayId=0
11-05 11:50:55.876  1234  1253 V WindowManager: Orientation start waiting for draw, mDrawState=DRAW_PENDING in Window{3e6a411 u0 com.android.settings/com.android.settings.FallbackHome}, surfaceController Surface(name=com.android.settings/com.android.settings.FallbackHome)/@0x5d8d70e
11-05 11:50:55.905  1234  1234 E TrustManagerService: EXTRA_USER_HANDLE missing or invalid, value=0
11-05 11:50:55.907  1234  1234 V WindowManager: Orientation start waiting for draw, mDrawState=DRAW_PENDING in Window{3e6a411 u0 com.android.settings/com.android.settings.FallbackHome}, surfaceController Surface(name=com.android.settings/com.android.settings.FallbackHome)/@0x5d8d70e
11-05 11:50:55.918  1234  1248 D CompatibilityChangeReporter: Compat change id reported: 124107808; UID 1001; state: ENABLED
11-05 11:50:55.924  1234  1234 V NotificationAssistants: enabling notification assistant for 0: ComponentInfo{android.ext.services/android.ext.services.notification.Assistant}
11-05 11:50:55.924  1234  1234 V NotificationAssistants: binding: Intent { act=android.service.notification.NotificationAssistantService cmp=android.ext.services/.notification.Assistant (has extras) }
11-05 11:50:56.130  1234  1234 W Looper  : Slow dispatch took 204ms main h=android.app.ActivityThread$H c=android.app.-$$Lambda$LoadedApk$ReceiverDispatcher$Args$_BumDX2UKsnxLVrE6UJsJZkotuA@3e9ba7e m=0
11-05 11:50:56.143  1234  1234 I ConnectivityModuleConnector: Networking module service connected
11-05 11:50:56.524  1234  1285 I DropBoxManagerService: add tag=system_server_wtf isTagEnabled=true flags=0x2
11-05 11:50:56.535  1234  1234 W Looper  : Slow dispatch took 362ms main h=android.app.ActivityThread$H c=null m=159
11-05 11:50:56.537  1234  1234 I ConnectivityModuleConnector: Networking module service connected
11-05 11:50:56.537  1234  1250 D UsbDeviceManager: push notification:Gert wird ber USB aufgeladen
11-05 11:50:56.538  1234  1248 D ActivityTaskManager: Top Process State changed to PROCESS_STATE_TOP_SLEEPING
11-05 11:50:56.538  1234  1234 D ConditionProviders.SCP: onSubscribe condition://android/schedule?days=1.2.3.4.5.6.7&start=22.0&end=7.0&exitAtAlarm=true
11-05 11:50:56.539  1234  1234 D ConditionProviders.SCP: setRegistered true
11-05 11:50:56.555  1234  1234 D ConditionProviders.SCP: evaluateSubscriptionLocked cal=ScheduleCalendar[mDays={1, 2, 3, 4, 5, 6, 7}, mSchedule=ScheduleInfo{days=[1, 2, 3, 4, 5, 6, 7], startHour=22, startMinute=0, endHour=7, endMinute=0, exitAtAlarm=true, nextAlarm=Thu Jan 01 01:00:00 GMT+01:00 1970 (0)}], now=Fri Nov 05 11:50:56 GMT+01:00 2021 (1636109456539), nextUserAlarmTime=Thu Jan 01 01:00:00 GMT+01:00 1970 (0)
11-05 11:50:56.555  1234  1234 D ConditionProviders.SCP: notifyCondition condition://android/schedule?days=1.2.3.4.5.6.7&start=22.0&end=7.0&exitAtAlarm=true STATE_FALSE reason=!meetsSchedule
11-05 11:50:56.557  1234  1234 D ConditionProviders.SCP: Scheduling evaluate for Fri Nov 05 22:00:00 GMT+01:00 2021 (1636146000000), in +10h9m3s461ms, now=Fri Nov 05 11:50:56 GMT+01:00 2021 (1636109456539)
11-05 11:50:56.577  1234  2185 W ActivityThread: Failed to find provider info for com.android.calendar (user not unlocked)
11-05 11:50:56.578  1234  2185 W ActivityThread: Failed to find provider info for com.android.calendar (user not unlocked)
11-05 11:50:56.601  1234  1234 D BluetoothManagerService: Trying to bind to profile: 1, while Bluetooth was disabled
11-05 11:50:56.605  1234  3072 I Telecom : BluetoothRouteManager: getBluetoothAudioConnectedDevice: no service available.
11-05 11:50:56.616  1234  1234 I Telecom : SystemStateHelper: Registering car mode receiver: android.content.IntentFilter@fb14a17: TS.init@AAA
11-05 11:50:56.638  1234  3080 I Telecom : Logging.Events: Non-call EVENT: AUDIO_ROUTE, Entering state QuiescentEarpieceRoute
11-05 11:50:56.640  1234  3080 I Telecom : BluetoothRouteManager: getBluetoothAudioConnectedDevice: no service available.
11-05 11:50:56.646  1234  3087 I Telecom : CallAudioModeStateMachine: Message received: null.: TS.init->CAMSM.pM_1@AAA
11-05 11:50:56.653  1234  1234 I Telecom : MissedCallNotifierImpl: reloadFromDatabase: Boot not yet complete -- call log db may not be available. Deferring loading until boot complete for user 0: TS.init@AAA
11-05 11:50:56.662  1234  1234 I Telecom : MissedCallNotifierImpl: reloadFromDatabase: Boot not yet complete -- call log db may not be available. Deferring loading until boot complete for user 0: TS.init@AAA
11-05 11:50:56.664  1234  1234 D BluetoothManagerService: Trying to bind to profile: 1, while Bluetooth was disabled
11-05 11:50:56.673  1234  1234 I Telecom : Class: TelecomSystem.INSTANCE being set
11-05 11:50:56.674  1234  1234 W ContextImpl: Calling a method in the system process without a qualified user: android.app.ContextImpl.startService:1669 android.content.ContextWrapper.startService:720 com.android.server.telecom.components.TelecomService.initializeTelecomSystem:213 com.android.server.telecom.components.TelecomService$1.createTelecomService:81 com.android.server.telecom.TelecomLoaderService$TelecomServiceConnection.onServiceConnected:62 
11-05 11:50:56.684  1234  1234 W Looper  : Slow dispatch took 120ms main h=android.app.ActivityThread$H c=android.app.LoadedApk$ServiceDispatcher$RunConnection@d80e2cb m=0
11-05 11:50:56.689  1234  1234 I AutofillManagerService: Updating for user 0: disabled=false
11-05 11:50:56.697  2757  3091 W ActivityThread: Failed to find provider info for com.android.contacts (user not unlocked)
11-05 11:50:56.703  1234  1234 I ExplicitHealthCheckController: Explicit health check service is connected ComponentInfo{android.ext.services/android.ext.services.watchdog.ExplicitHealthCheckServiceImpl}
11-05 11:50:56.703  1234  1234 I ExplicitHealthCheckController: Service initialized, syncing requests
11-05 11:50:56.705  1234  1290 E KernelCpuUidFreqTimeReader: Failed to read /proc/uid_time_in_state: java.nio.file.NoSuchFileException: /proc/uid_time_in_state
11-05 11:50:56.708  1234  1290 W KernelCpuProcStringReader: File not found. It's normal if not implemented: /proc/uid_time_in_state
11-05 11:50:56.708  1234  1290 W KernelCpuProcStringReader: File not found. It's normal if not implemented: /proc/uid_concurrent_active_time
11-05 11:50:56.709  1234  1290 W KernelCpuProcStringReader: File not found. It's normal if not implemented: /proc/uid_concurrent_policy_time
11-05 11:50:56.714  1234  1248 D BluetoothManagerService: Trying to bind to profile: 1, while Bluetooth was disabled
11-05 11:50:56.725  1234  1234 V NotificationAssistants: 0 notification assistant service connected: ComponentInfo{android.ext.services/android.ext.services.notification.Assistant}
11-05 11:50:56.726  1234  1234 I Telecom : WiredHeadsetManager: ACTION_HEADSET_PLUG event, plugged in: false, : WHC.oADA@AAE
11-05 11:50:56.737  1234  1234 D PackageWatchdog: Getting all observed packages pending health checks
11-05 11:50:56.737  1234  1234 I PackageWatchdog: Syncing health check requests for packages: {}
11-05 11:50:56.737  1234  1234 D ExplicitHealthCheckController: Getting health check supported packages
11-05 11:50:56.740  1234  1560 I ExplicitHealthCheckController: Explicit health check supported packages [PackageConfig{com.android.networkstack, 86400000}]
11-05 11:50:56.740  1234  1560 D PackageWatchdog: Received supported packages [PackageConfig{com.android.networkstack, 86400000}]
11-05 11:50:56.740  1234  1560 D ExplicitHealthCheckController: Getting health check requested packages
11-05 11:50:56.741  1234  1234 W NotificationHistory: Attempted to add notif for locked/gone/disabled user 0
11-05 11:50:56.743  1234  1234 W Looper  : Drained
11-05 11:50:56.745  1234  2712 I ExplicitHealthCheckController: Explicit health check requested packages []
11-05 11:50:56.745  1234  2712 I ExplicitHealthCheckController: No more health check requests, unbinding...
11-05 11:50:56.747  1234  2712 I ExplicitHealthCheckController: Explicit health check service is unbound
11-05 11:50:57.557  1234  1247 E AppOps  : Operation not started: uid=1013 pkg=media(null) op=CAMERA
11-05 11:50:57.586  1234  2706 I StatusBarManagerService: registerStatusBar bar=com.android.internal.statusbar.IStatusBar$Stub$Proxy@ba27d2a
11-05 11:50:57.636  1234  1285 D CompatibilityChangeReporter: Compat change id reported: 135634846; UID 10179; state: DISABLED
11-05 11:50:57.636  1234  1286 D CompatibilityChangeReporter: Compat change id reported: 143937733; UID 10179; state: ENABLED
11-05 11:50:57.651  1234  1286 I ActivityManager: Start proc 3371:com.android.cellbroadcastreceiver.module/u0a179 for broadcast {com.android.cellbroadcastreceiver.module/com.android.cellbroadcastreceiver.CellBroadcastReceiver}
11-05 11:50:57.768  1234  1234 D BluetoothManagerService: Bluetooth Adapter address changed to 58:48:22:0A:53:98
11-05 11:50:57.769  1234  1234 D BluetoothManagerService: Stored Bluetoothaddress: 58:48:22:0A:53:98
11-05 11:50:57.769  1234  1234 D BluetoothManagerService: Bluetooth Adapter name changed to Xperia Z3 Compact
11-05 11:50:57.769  1234  1234 D BluetoothManagerService: Stored Bluetooth name: Xperia Z3 Compact
11-05 11:50:57.788  1234  1252 D BluetoothManagerService: MESSAGE_BLUETOOTH_STATE_CHANGE: BLE_TURNING_ON > BLE_ON
11-05 11:50:57.788  1234  1252 D BluetoothManagerService: Bluetooth is in LE only mode
11-05 11:50:57.788  1234  1252 D BluetoothManagerService: Binding Bluetooth GATT service
11-05 11:50:57.789  1234  1252 D BluetoothManagerService: Sending BLE State Change: BLE_TURNING_ON > BLE_ON
11-05 11:50:57.790  1234  1234 D BluetoothManagerService: BluetoothServiceConnection: com.android.bluetooth.gatt.GattService
11-05 11:50:57.790  1234  1252 D BluetoothManagerService: MESSAGE_BLUETOOTH_SERVICE_CONNECTED: 2
11-05 11:50:57.790  1234  1252 D BluetoothManagerService: continueFromBleOnState()
11-05 11:50:57.792  1234  1252 D BluetoothManagerService: Persisting Bluetooth Setting: 1
11-05 11:50:57.792  1234  1252 D BluetoothManagerService: MESSAGE_BLUETOOTH_STATE_CHANGE: BLE_ON > TURNING_ON
11-05 11:50:57.792  1234  1252 D BluetoothManagerService: Sending BLE State Change: BLE_ON > TURNING_ON
11-05 11:50:57.820  1234  1561 I Telecom : PhoneAccountRegistrar: New phone account registered: [[ ] PhoneAccount: ComponentInfo{com.android.phone/com.android.services.telephony.TelephonyConnectionService}, ***, UserHandle{0} Capabilities: CallProvider EmergOnly MultiUser PlaceEmerg SimSub  Audio Routes: BESW Schemes: tel voicemail  Extras: Bundle[{android.telecom.extra.SUPPORTS_VIDEO_CALLING_FALLBACK=true}] GroupId: ***]: TSI.rPA@AAI
11-05 11:50:57.825  1234  1561 I Telecom : CallsManager: Sending phone-account ComponentInfo{com.android.phone/com.android.services.telephony.TelephonyConnectionService}, ***, UserHandle{0} registered intent as user: TSI.rPA@AAI
11-05 11:50:57.826  1234  1561 I Telecom : CallsManager: Sending phone-account registered intent to default dialer: TSI.rPA@AAI
11-05 11:50:57.832  1234  1248 I Telecom : CallsManager: Sending phone-account ComponentInfo{com.android.phone/com.android.services.telephony.TelephonyConnectionService}, ***, UserHandle{0} unregistered intent as user: TSI.uPA@AAQ
11-05 11:50:57.833  1234  1248 I Telecom : CallsManager: Sending phone-account unregistered intent to default dialer: TSI.uPA@AAQ
11-05 11:50:57.870  1234  1253 W WindowManager: App freeze timeout expired.
11-05 11:50:57.930  1234  1247 I Telecom : PhoneAccountRegistrar: Modify account: [ComponentInfo{com.android.phone/com.android.services.telephony.TelephonyConnectionService}, ***, UserHandle{0}]: TSI.rPA@AAY
11-05 11:50:57.932  1234  1247 I Telecom : CallsManager: handlePhoneAccountChanged: phoneAccount=[[X] PhoneAccount: ComponentInfo{com.android.phone/com.android.services.telephony.TelephonyConnectionService}, ***, UserHandle{0} Capabilities: CallProvider EmergOnly MultiUser PlaceEmerg SimSub  Audio Routes: BESW Schemes: tel voicemail  Extras: Bundle[{android.telecom.extra.SUPPORTS_VIDEO_CALLING_FALLBACK=true}] GroupId: ***]: TSI.rPA@AAY
11-05 11:50:57.935  1234  2706 D CompatibilityChangeReporter: Compat change id reported: 135634846; UID 10114; state: DISABLED
11-05 11:50:57.936  1234  1286 D CompatibilityChangeReporter: Compat change id reported: 143937733; UID 10114; state: ENABLED
11-05 11:50:57.954  1234  1286 I ActivityManager: Start proc 3472:com.google.android.gms.persistent/u0a114 for broadcast {com.google.android.gms/com.google.android.gms.chimera.GmsIntentOperationService$PersistentTrustedReceiver}
11-05 11:50:57.966  2377  3481 W ActivityThread: Failed to find provider info for com.android.contacts (user not unlocked)
11-05 11:50:57.973  1234  1252 D BluetoothManagerService: MESSAGE_BLUETOOTH_STATE_CHANGE: TURNING_ON > ON
11-05 11:50:57.973  1234  1252 D BluetoothManagerService: Broadcasting onBluetoothStateChange(true) to 6 receivers.
11-05 11:50:57.973  1234  1252 D BluetoothManagerService: Creating new ProfileServiceConnections object for profile: 1
11-05 11:50:57.976  1234  1252 D BluetoothManagerService: Sending BLE State Change: TURNING_ON > ON
11-05 11:50:57.978  1234  1234 W Telecom : BluetoothPhoneService: Calling get Profile proxy
11-05 11:50:57.979  1234  1234 W Telecom : BluetoothPhoneService: Done Calling get Profile proxy
11-05 11:50:57.979  1234  1234 I Telecom : BluetoothPhoneService: queryPhoneState: BPSI.qPS@AAc
11-05 11:50:58.031  1234  2712 W Telecom : PhoneAccountRegistrar: Trying to set nonexistent default outgoing ComponentInfo{com.android.phone/com.android.services.telephony.TelephonyConnectionService}, ***, UserHandle{0}: TSI.sUSOPA@AAk
11-05 11:50:58.076  1234  1234 W Telecom : BluetoothPhoneService: onServiceConnected: setting mBluetoothHeadset
11-05 11:50:58.077  1234  1234 I Telecom : BluetoothPhoneService: updateHeadsetWithCallState numActive 0, numHeld 0, callState 6, ringing number ***, ringing type 128, ringing name null
11-05 11:50:58.079  1234  1234 I Telecom : BluetoothDeviceManager: Got BluetoothHeadset: com.android.server.telecom.BluetoothHeadsetProxy@7251f1f: BMSL.oSC@AAo
11-05 11:50:58.080  1234  1234 W Telecom : BluetoothPhoneService: onServiceConnected: setting mBluetoothHeadset
11-05 11:50:58.080  1234  1234 I Telecom : BluetoothPhoneService: updateHeadsetWithCallState numActive 0, numHeld 0, callState 6, ringing number ***, ringing type 128, ringing name null
11-05 11:50:58.120  1234  1975 E NetworkPolicy: Missing subscriberId for subId 1
11-05 11:50:58.122  1234  1285 I DropBoxManagerService: add tag=system_server_wtf isTagEnabled=true flags=0x2
11-05 11:50:58.137  2438  2438 V FODCircleViewImpl: *** register callback for com.android.systemui.statusbar.phone.StatusBar$5@5b3b6d0
11-05 11:50:58.137  2438  2438 V FODCircleViewImpl: *** unregister callback for null
11-05 11:50:58.142  1234  1284 E StatsPullAtomService: subInfo of subId 1 is invalid, ignored.
11-05 11:50:58.154  2438  3015 W ActivityThread: Failed to find provider info for com.android.contacts (user not unlocked)
11-05 11:50:58.229  1234  1975 E NetworkPolicy: Missing subscriberId for subId 1
11-05 11:50:58.230  1234  1285 I DropBoxManagerService: add tag=system_server_wtf isTagEnabled=true flags=0x2
11-05 11:50:58.233  1234  1284 E StatsPullAtomService: subInfo of subId 1 is invalid, ignored.
11-05 11:50:58.241  1234  1561 E WindowManager: Window Session Crash
11-05 11:50:58.241  1234  1561 E WindowManager: java.lang.IllegalArgumentException: Requested window null does not exist
11-05 11:50:58.241  1234  1561 E WindowManager: 	at com.android.server.wm.WindowManagerService.windowForClientLocked(WindowManagerService.java:5443)
11-05 11:50:58.241  1234  1561 E WindowManager: 	at com.android.server.wm.Session.actionOnWallpaper(Session.java:356)
11-05 11:50:58.241  1234  1561 E WindowManager: 	at com.android.server.wm.Session.setWallpaperZoomOut(Session.java:382)
11-05 11:50:58.241  1234  1561 E WindowManager: 	at android.view.IWindowSession$Stub.onTransact(IWindowSession.java:1154)
11-05 11:50:58.241  1234  1561 E WindowManager: 	at com.android.server.wm.Session.onTransact(Session.java:139)
11-05 11:50:58.241  1234  1561 E WindowManager: 	at android.os.Binder.execTransactInternal(Binder.java:1159)
11-05 11:50:58.241  1234  1561 E WindowManager: 	at android.os.Binder.execTransact(Binder.java:1123)
11-05 11:50:58.242  1234  1285 I DropBoxManagerService: add tag=system_server_wtf isTagEnabled=true flags=0x2
11-05 11:50:58.266  1234  1975 E NetworkPolicy: Missing subscriberId for subId 1
11-05 11:50:58.272  1234  1284 E StatsPullAtomService: subInfo of subId 1 is invalid, ignored.
11-05 11:50:58.312  1234  2712 I Telecom : PhoneAccountRegistrar: New phone account registered: [[ ] PhoneAccount: ComponentInfo{com.android.phone/com.android.services.telephony.TelephonyConnectionService}, ***, UserHandle{0} Capabilities: CallProvider MultiUser PlaceEmerg SimSub  Audio Routes: BESW Schemes: tel voicemail  Extras: Bundle[{android.telecom.extra.SUPPORTS_VIDEO_CALLING_FALLBACK=true}] GroupId: ***]: TSI.rPA@AA0
11-05 11:50:58.315  1234  2712 I Telecom : CallsManager: Sending phone-account ComponentInfo{com.android.phone/com.android.services.telephony.TelephonyConnectionService}, ***, UserHandle{0} registered intent as user: TSI.rPA@AA0
11-05 11:50:58.316  1234  2712 I Telecom : CallsManager: Sending phone-account registered intent to default dialer: TSI.rPA@AA0
11-05 11:50:58.324  1234  2706 I Telecom : CallsManager: Sending phone-account ComponentInfo{com.android.phone/com.android.services.telephony.TelephonyConnectionService}, ***, UserHandle{0} unregistered intent as user: TSI.uPA@AA8
11-05 11:50:58.324  1234  2706 I Telecom : CallsManager: Sending phone-account unregistered intent to default dialer: TSI.uPA@AA8
11-05 11:50:58.336  1234  1560 D CompatibilityChangeReporter: Compat change id reported: 135634846; UID 10163; state: DISABLED
11-05 11:50:58.336  1234  1286 D CompatibilityChangeReporter: Compat change id reported: 143937733; UID 10163; state: ENABLED
11-05 11:50:58.351  1234  1286 I ActivityManager: Start proc 3535:com.android.carrierconfig/u0a163 for service {com.android.carrierconfig/com.android.carrierconfig.DefaultCarrierConfigService}
11-05 11:50:58.356  2438  2679 W ActivityThread: Failed to find provider info for com.android.contacts (user not unlocked)
11-05 11:50:58.395  1234  1247 I Telecom : PhoneAccountRegistrar: Modify account: [ComponentInfo{com.android.phone/com.android.services.telephony.TelephonyConnectionService}, ***, UserHandle{0}]: TSI.rPA@ABE
11-05 11:50:58.405  1234  1247 I Telecom : CallsManager: handlePhoneAccountChanged: phoneAccount=[[X] PhoneAccount: ComponentInfo{com.android.phone/com.android.services.telephony.TelephonyConnectionService}, ***, UserHandle{0} Capabilities: CallProvider MultiUser PlaceEmerg SimSub  Audio Routes: BESW Schemes: tel voicemail  Extras: Bundle[{android.telecom.extra.SUPPORTS_VIDEO_CALLING_FALLBACK=true}] GroupId: ***]: TSI.rPA@ABE
11-05 11:50:58.436  2438  2679 W ActivityThread: Failed to find provider info for com.android.contacts (user not unlocked)
11-05 11:50:58.437  1234  2706 I Telecom : PhoneAccountRegistrar: Modify account: [ComponentInfo{com.android.phone/com.android.services.telephony.TelephonyConnectionService}, ***, UserHandle{0}]: TSI.rPA@ABQ
11-05 11:50:58.438  1234  2706 I Telecom : CallsManager: handlePhoneAccountChanged: phoneAccount=[[X] PhoneAccount: ComponentInfo{com.android.phone/com.android.services.telephony.TelephonyConnectionService}, ***, UserHandle{0} Capabilities: CallProvider MultiUser PlaceEmerg SimSub  Audio Routes: BESW Schemes: tel voicemail  Extras: Bundle[{android.telecom.extra.SUPPORTS_VIDEO_CALLING_FALLBACK=true}] GroupId: ***]: TSI.rPA@ABQ
11-05 11:50:58.461  1234  1285 D CompatibilityChangeReporter: Compat change id reported: 135634846; UID 10152; state: DISABLED
11-05 11:50:58.461  1234  1286 D CompatibilityChangeReporter: Compat change id reported: 143937733; UID 10152; state: DISABLED
11-05 11:50:58.470  3472  3472 W ActivityThread: Failed to find provider info for com.google.android.gsf.gservices (user not unlocked)
11-05 11:50:58.486  1234  1286 I ActivityManager: Start proc 3556:com.android.dialer/u0a152 for broadcast {com.android.dialer/com.android.dialer.app.voicemail.LegacyVoicemailNotificationReceiver}
11-05 11:50:58.525  1234  1561 I Telecom : PhoneAccountRegistrar: Modify account: [ComponentInfo{com.android.phone/com.android.services.telephony.TelephonyConnectionService}, ***, UserHandle{0}]: TSI.rPA@ABs
11-05 11:50:58.527  1234  1561 I Telecom : CallsManager: handlePhoneAccountChanged: phoneAccount=[[X] PhoneAccount: ComponentInfo{com.android.phone/com.android.services.telephony.TelephonyConnectionService}, ***, UserHandle{0} Capabilities: CallProvider MultiUser PlaceEmerg SimSub  Audio Routes: BESW Schemes: tel voicemail  Extras: Bundle[{android.telecom.extra.SUPPORTS_VIDEO_CALLING_FALLBACK=true}] GroupId: ***]: TSI.rPA@ABs
11-05 11:50:58.575  1234  1254 V WindowManager: Orientation start waiting for draw, mDrawState=DRAW_PENDING in Window{bedc3c2 u0 NotificationShade}, surfaceController Surface(name=NotificationShade)/@0x6638641
11-05 11:50:58.587  3472  3472 W ActivityThread: Failed to find provider info for com.google.android.gsf.gservices (user not unlocked)
11-05 11:50:58.588  3472  3472 W ActivityThread: Failed to find provider info for com.google.android.gsf.gservices (user not unlocked)
11-05 11:50:58.592  1234  1975 E NetworkPolicy: Missing subscriberId for subId 1
11-05 11:50:58.599  3472  3472 W ActivityThread: Failed to find provider info for com.google.android.gsf.gservices (user not unlocked)
11-05 11:50:58.608  3472  3472 I chatty  : uid=10114 com.google.android.gms.persistent identical 9 lines
11-05 11:50:58.609  3472  3472 W ActivityThread: Failed to find provider info for com.google.android.gsf.gservices (user not unlocked)
11-05 11:50:58.609  1234  1284 E StatsPullAtomService: subInfo of subId 1 is invalid, ignored.
11-05 11:50:58.611  3472  3472 W ActivityThread: Failed to find provider info for com.google.android.gsf.gservices (user not unlocked)
11-05 11:50:58.615  3472  3472 I chatty  : uid=10114 com.google.android.gms.persistent identical 2 lines
11-05 11:50:58.617  3472  3472 W ActivityThread: Failed to find provider info for com.google.android.gsf.gservices (user not unlocked)
11-05 11:50:58.671  1234  2712 I Telecom : PhoneAccountRegistrar: Modify account: [ComponentInfo{com.android.phone/com.android.services.telephony.TelephonyConnectionService}, ***, UserHandle{0}]: TSI.rPA@AB4
11-05 11:50:58.672  1234  2712 I Telecom : CallsManager: handlePhoneAccountChanged: phoneAccount=[[X] PhoneAccount: ComponentInfo{com.android.phone/com.android.services.telephony.TelephonyConnectionService}, ***, UserHandle{0} Capabilities: CallProvider MultiUser PlaceEmerg SimSub  Audio Routes: BESW Schemes: tel voicemail  Extras: Bundle[{android.telecom.extra.SUPPORTS_VIDEO_CALLING_FALLBACK=true}] GroupId: ***]: TSI.rPA@AB4
11-05 11:50:58.695  1234  1975 E NetworkPolicy: Missing subscriberId for subId 1
11-05 11:50:58.706  1234  1975 E NetworkPolicy: Missing subscriberId for subId 1
11-05 11:50:58.747  3472  3472 W ActivityThread: Failed to find provider info for com.google.android.gsf.gservices (user not unlocked)
11-05 11:50:58.748  3472  3472 I chatty  : uid=10114 com.google.android.gms.persistent identical 1 line
11-05 11:50:58.750  3472  3472 W ActivityThread: Failed to find provider info for com.google.android.gsf.gservices (user not unlocked)
11-05 11:50:58.751  1234  1234 I Telecom : PhoneAccountRegistrar: getSimCallManager: SimCallManager for subId 1 queried, returning: null: TSI.gSCMFU@ACE
11-05 11:50:58.751  3472  3472 W ActivityThread: Failed to find provider info for com.google.android.gsf.gservices (user not unlocked)
11-05 11:50:58.753  1234  1234 D CompatibilityChangeReporter: Compat change id reported: 135634846; UID 10097; state: DISABLED
11-05 11:50:58.755  1234  1286 D CompatibilityChangeReporter: Compat change id reported: 143937733; UID 10097; state: ENABLED
11-05 11:50:58.782  1234  1286 I ActivityManager: Start proc 3617:android.process.acore/u0a97 for content provider {com.android.providers.blockednumber/com.android.providers.blockednumber.BlockedNumberProvider}
11-05 11:50:58.785  3472  3472 W ActivityThread: Failed to find provider info for com.google.android.gsf.gservices (user not unlocked)
11-05 11:50:58.786  3472  3472 W ActivityThread: Failed to find provider info for com.google.android.gsf.gservices (user not unlocked)
11-05 11:50:58.792  2438  2679 W ActivityThread: Failed to find provider info for com.android.contacts (user not unlocked)
11-05 11:50:58.811  1234  1248 I Telecom : PhoneAccountRegistrar: Modify account: [ComponentInfo{com.android.phone/com.android.services.telephony.TelephonyConnectionService}, ***, UserHandle{0}]: TSI.rPA@ACQ
11-05 11:50:58.813  1234  1248 I Telecom : CallsManager: handlePhoneAccountChanged: phoneAccount=[[X] PhoneAccount: ComponentInfo{com.android.phone/com.android.services.telephony.TelephonyConnectionService}, ***, UserHandle{0} Capabilities: CallProvider MultiUser PlaceEmerg SimSub  Audio Routes: BESW Schemes: tel voicemail  Extras: Bundle[{android.telecom.extra.SUPPORTS_VIDEO_CALLING_FALLBACK=true}] GroupId: ***]: TSI.rPA@ACQ
11-05 11:50:58.855  3472  3472 W ActivityThread: Failed to find provider info for com.google.android.gsf.gservices (user not unlocked)
11-05 11:50:58.943  3472  3472 I chatty  : uid=10114 com.google.android.gms.persistent identical 12 lines
11-05 11:50:58.944  3472  3472 W ActivityThread: Failed to find provider info for com.google.android.gsf.gservices (user not unlocked)
11-05 11:50:58.963  1234  1234 W Looper  : Slow dispatch took 212ms main h=android.app.ActivityThread$H c=android.app.-$$Lambda$LoadedApk$ReceiverDispatcher$Args$_BumDX2UKsnxLVrE6UJsJZkotuA@ad5ac91 m=0
11-05 11:50:58.970  3472  3472 W ActivityThread: Failed to find provider info for com.google.android.gsf.gservices (user not unlocked)
11-05 11:50:58.974  1234  1234 W Looper  : Slow delivery took 275ms main h=android.app.ActivityThread$H c=android.app.-$$Lambda$LoadedApk$ReceiverDispatcher$Args$_BumDX2UKsnxLVrE6UJsJZkotuA@89780cd m=0
11-05 11:50:58.975  1234  1234 W Looper  : Drained
11-05 11:50:58.981  3472  3472 W ActivityThread: Failed to find provider info for com.google.android.gsf.gservices (user not unlocked)
11-05 11:50:59.231  3472  3472 I chatty  : uid=10114 com.google.android.gms.persistent identical 17 lines
11-05 11:50:59.231  3472  3472 W ActivityThread: Failed to find provider info for com.google.android.gsf.gservices (user not unlocked)
11-05 11:50:59.233  3472  3714 W ActivityThread: Failed to find provider info for com.google.android.gsf.gservices (user not unlocked)
11-05 11:50:59.234  3472  3714 W ActivityThread: Failed to find provider info for com.google.android.gsf.gservices (user not unlocked)
11-05 11:50:59.238  3472  3472 W ActivityThread: Failed to find provider info for com.google.android.gsf.gservices (user not unlocked)
11-05 11:50:59.515  3472  3472 I chatty  : uid=10114 com.google.android.gms.persistent identical 19 lines
11-05 11:50:59.516  3472  3472 W ActivityThread: Failed to find provider info for com.google.android.gsf.gservices (user not unlocked)
11-05 11:50:59.522  3472  3719 W ActivityThread: Failed to find provider info for com.google.android.gsf.gservices (user not unlocked)
11-05 11:50:59.523  3472  3472 W ActivityThread: Failed to find provider info for com.google.android.gsf.gservices (user not unlocked)
11-05 11:50:59.526  3472  3472 I chatty  : uid=10114 com.google.android.gms.persistent identical 5 lines
11-05 11:50:59.528  3472  3472 W ActivityThread: Failed to find provider info for com.google.android.gsf.gservices (user not unlocked)
11-05 11:50:59.528  3472  3720 W ActivityThread: Failed to find provider info for com.google.android.gsf.gservices (user not unlocked)
11-05 11:50:59.529  3472  3720 W ActivityThread: Failed to find provider info for com.google.android.gsf.gservices (user not unlocked)
11-05 11:50:59.530  3472  3472 W ActivityThread: Failed to find provider info for com.google.android.gsf.gservices (user not unlocked)
11-05 11:50:59.530  3472  3472 W ActivityThread: Failed to find provider info for com.google.android.gsf.gservices (user not unlocked)
11-05 11:50:59.533  3472  3721 W ActivityThread: Failed to find provider info for com.google.android.gsf.gservices (user not unlocked)
11-05 11:50:59.533  3472  3720 W ActivityThread: Failed to find provider info for com.google.android.gsf.gservices (user not unlocked)
11-05 11:50:59.534  3472  3720 W ActivityThread: Failed to find provider info for com.google.android.gsf.gservices (user not unlocked)
11-05 11:50:59.535  3472  3721 W ActivityThread: Failed to find provider info for com.google.android.gsf.gservices (user not unlocked)
11-05 11:50:59.535  3472  3720 W ActivityThread: Failed to find provider info for com.google.android.gsf.gservices (user not unlocked)
11-05 11:50:59.536  3472  3721 W ActivityThread: Failed to find provider info for com.google.android.gsf.gservices (user not unlocked)
11-05 11:50:59.539  3472  3472 W ActivityThread: Failed to find provider info for com.google.android.gsf.gservices (user not unlocked)
11-05 11:50:59.540  3472  3472 W ActivityThread: Failed to find provider info for com.google.android.gsf.gservices (user not unlocked)
11-05 11:50:59.540  3472  3721 W ActivityThread: Failed to find provider info for com.google.android.gsf.gservices (user not unlocked)
11-05 11:50:59.541  3472  3720 W ActivityThread: Failed to find provider info for com.google.android.gsf.gservices (user not unlocked)
11-05 11:50:59.542  3472  3721 W ActivityThread: Failed to find provider info for com.google.android.gsf.gservices (user not unlocked)
11-05 11:50:59.544  3472  3472 W ActivityThread: Failed to find provider info for com.google.android.gsf.gservices (user not unlocked)
11-05 11:50:59.580  3472  3472 I chatty  : uid=10114 com.google.android.gms.persistent identical 9 lines
11-05 11:50:59.582  3472  3472 W ActivityThread: Failed to find provider info for com.google.android.gsf.gservices (user not unlocked)
11-05 11:50:59.595  3472  3726 W ActivityThread: Failed to find provider info for com.google.android.gsf.gservices (user not unlocked)
11-05 11:50:59.602  3472  3472 W ActivityThread: Failed to find provider info for com.google.android.gsf.gservices (user not unlocked)
11-05 11:50:59.652  3472  3472 I chatty  : uid=10114 com.google.android.gms.persistent identical 7 lines
11-05 11:50:59.653  3472  3472 W ActivityThread: Failed to find provider info for com.google.android.gsf.gservices (user not unlocked)
11-05 11:50:59.653  3472  3726 W ActivityThread: Failed to find provider info for com.google.android.gsf.gservices (user not unlocked)
11-05 11:50:59.654  3472  3726 W ActivityThread: Failed to find provider info for com.google.android.gsf.gservices (user not unlocked)
11-05 11:50:59.660  1234  1247 W ActivityManager: Unable to start service Intent { act=com.google.android.gms.phenotype.service.START cmp=com.google.android.gms/.chimera.PersistentApiService } U=0: not found
11-05 11:50:59.663  3472  3726 W ActivityThread: Failed to find provider info for com.google.android.gsf.gservices (user not unlocked)
11-05 11:50:59.664  1234  1247 W ActivityManager: Unbind failed: could not find connection for android.os.BinderProxy@23dfb78
11-05 11:50:59.666  1234  1561 W BroadcastQueue: Background execution not allowed: receiving Intent { act=android.bluetooth.adapter.action.STATE_CHANGED flg=0x4000010 (has extras) } to com.google.android.gms/.chimera.GmsIntentOperationService$PersistentTrustedReceiver
11-05 11:50:59.669  1234  1561 W BroadcastQueue: Background execution not allowed: receiving Intent { act=android.bluetooth.adapter.action.STATE_CHANGED flg=0x4000010 (has extras) } to com.google.android.gms/.chimera.GmsIntentOperationService$PersistentTrustedReceiver
11-05 11:50:59.672  3472  3472 W ActivityThread: Failed to find provider info for com.google.android.gsf.gservices (user not unlocked)
11-05 11:50:59.678  3472  3472 I chatty  : uid=10114 com.google.android.gms.persistent identical 2 lines
11-05 11:50:59.679  3472  3472 W ActivityThread: Failed to find provider info for com.google.android.gsf.gservices (user not unlocked)
11-05 11:50:59.690  3472  3730 W ActivityThread: Failed to find provider info for com.google.android.gsf.gservices (user not unlocked)
11-05 11:50:59.693  2784  2784 W ContextImpl: Calling a method in the system process without a qualified user: android.app.ContextImpl.startActivity:993 android.content.ContextWrapper.startActivity:403 android.content.ContextWrapper.startActivity:403 com.android.settings.sim.SimSelectNotification.startSimSelectDialogIfNeeded:170 com.android.settings.sim.SimSelectNotification.onPrimarySubscriptionListChanged:150 
11-05 11:50:59.694  2784  2784 W ContextImpl: Calling a method in the system process without a qualified user: android.app.ContextImpl.startActivity:1005 android.app.ContextImpl.startActivity:994 android.content.ContextWrapper.startActivity:403 android.content.ContextWrapper.startActivity:403 com.android.settings.sim.SimSelectNotification.startSimSelectDialogIfNeeded:170 
11-05 11:50:59.695  1234  2712 I ActivityTaskManager: START u0 {flg=0x10000000 cmp=com.android.settings/.sim.SimDialogActivity (has extras)} from uid 1000
11-05 11:50:59.707  1234  2712 W ActivityTaskManager: Tried to set launchTime (0) < mLastActivityLaunchTime (28815)
11-05 11:51:00.445  1234  1254 V WindowManager: Orientation start waiting for draw, mDrawState=DRAW_PENDING in Window{bedc3c2 u0 NotificationShade}, surfaceController Surface(name=NotificationShade)/@0x6638641
11-05 11:51:01.301  1234  1253 V WindowManager: Orientation start waiting for draw, mDrawState=DRAW_PENDING in Window{bedc3c2 u0 NotificationShade}, surfaceController Surface(name=NotificationShade)/@0x6638641
11-05 11:51:01.301  1234  1253 V WindowManager: Orientation start waiting for draw, mDrawState=DRAW_PENDING in Window{fb279f2 u0 com.android.systemui.ImageWallpaper}, surfaceController Surface(name=com.android.systemui.ImageWallpaper)/@0x3c2893a
11-05 11:51:01.409  1234  2706 W OverlayManager: service 'idmap' died
11-05 11:51:01.445  1234  1253 W WindowManager: Timeout waiting for drawn: undrawn=[Window{bedc3c2 u0 NotificationShade}]
11-05 11:51:01.779  1234  1253 V WindowManager: Orientation start waiting for draw, mDrawState=DRAW_PENDING in Window{bedc3c2 u0 NotificationShade}, surfaceController Surface(name=NotificationShade)/@0x6638641
11-05 11:51:01.779  1234  1253 V WindowManager: Orientation start waiting for draw, mDrawState=DRAW_PENDING in Window{fb279f2 u0 com.android.systemui.ImageWallpaper}, surfaceController Surface(name=com.android.systemui.ImageWallpaper)/@0x3c2893a
11-05 11:51:01.830  1234  1253 V WindowManager: Orientation start waiting for draw, mDrawState=DRAW_PENDING in Window{bedc3c2 u0 NotificationShade}, surfaceController Surface(name=NotificationShade)/@0x6638641
11-05 11:51:01.830  1234  1253 V WindowManager: Orientation start waiting for draw, mDrawState=DRAW_PENDING in Window{fb279f2 u0 com.android.systemui.ImageWallpaper}, surfaceController Surface(name=com.android.systemui.ImageWallpaper)/@0x3c2893a
11-05 11:51:01.970  2377  3857 W ActivityThread: Failed to find provider info for com.android.contacts (user not unlocked)
11-05 11:51:02.107  1234  1253 V WindowManager: Orientation start waiting for draw, mDrawState=DRAW_PENDING in Window{bedc3c2 u0 NotificationShade}, surfaceController Surface(name=NotificationShade)/@0x6638641
11-05 11:51:02.107  1234  1253 V WindowManager: Orientation start waiting for draw, mDrawState=DRAW_PENDING in Window{fb279f2 u0 com.android.systemui.ImageWallpaper}, surfaceController Surface(name=com.android.systemui.ImageWallpaper)/@0x3c2893a
11-05 11:51:05.977  2377  4096 W ActivityThread: Failed to find provider info for com.android.contacts (user not unlocked)
11-05 11:51:06.392  1234  1253 I WindowManager: ******* TELLING SURFACE FLINGER WE ARE BOOTED!
11-05 11:51:06.395  1234  1253 I ActivityManagerTiming: FinishBooting
11-05 11:51:06.397  1234  1253 I ActivityManager: About to commit checkpoint
11-05 11:51:06.398  1234  1253 I SystemServiceManager: Starting phase 1000
11-05 11:51:06.398  1234  1253 I ActivityManagerTiming: OnBootPhase_1000
11-05 11:51:06.398  1234  1253 I ActivityManagerTiming: OnBootPhase_1000_com.android.server.security.FileIntegrityService
11-05 11:51:06.398  1234  1253 I ActivityManagerTiming: OnBootPhase_1000_com.android.server.pm.Installer
11-05 11:51:06.398  1234  1253 I ActivityManagerTiming: OnBootPhase_1000_com.android.server.os.DeviceIdentifiersPolicyService
11-05 11:51:06.398  1234  1253 I ActivityManagerTiming: OnBootPhase_1000_com.android.server.uri.UriGrantsManagerService$Lifecycle
11-05 11:51:06.398  1234  1253 I ActivityManagerTiming: OnBootPhase_1000_com.android.server.wm.ActivityTaskManagerService$Lifecycle
11-05 11:51:06.398  1234  1253 I ActivityManagerTiming: OnBootPhase_1000_com.android.server.am.ActivityManagerService$Lifecycle
11-05 11:51:06.398  1234  1253 I ActivityManagerTiming: OnBootPhase_1000_com.android.server.pm.DataLoaderManagerService
11-05 11:51:06.398  1234  1253 I ActivityManagerTiming: OnBootPhase_1000_com.android.server.power.PowerManagerService
11-05 11:51:06.399  1234  1253 I ActivityManagerTiming: OnBootPhase_1000_com.android.server.power.ThermalManagerService
11-05 11:51:06.399  1234  1253 I ActivityManagerTiming: OnBootPhase_1000_com.android.server.recoverysystem.RecoverySystemService$Lifecycle
11-05 11:51:06.399  1234  1253 I ActivityManagerTiming: OnBootPhase_1000_com.android.server.lights.LightsService
11-05 11:51:06.399  1234  1253 I ActivityManagerTiming: OnBootPhase_1000_com.android.server.display.DisplayManagerService
11-05 11:51:06.399  1234  1253 I ActivityManagerTiming: OnBootPhase_1000_com.android.server.pm.UserManagerService$LifeCycle
11-05 11:51:06.399  1234  1253 I ActivityManagerTiming: OnBootPhase_1000_com.android.server.om.OverlayManagerService
11-05 11:51:06.399  1234  1253 I ActivityManagerTiming: OnBootPhase_1000_com.android.server.SensorPrivacyService
11-05 11:51:06.399  1234  1253 I ActivityManagerTiming: OnBootPhase_1000_com.android.server.SystemConfigService
11-05 11:51:06.399  1234  1253 I ActivityManagerTiming: OnBootPhase_1000_com.android.server.BatteryService
11-05 11:51:06.399  1234  1253 I ActivityManagerTiming: OnBootPhase_1000_com.android.server.usage.UsageStatsService
11-05 11:51:06.400  1234  1253 I ActivityManagerTiming: OnBootPhase_1000_com.android.server.webkit.WebViewUpdateService
11-05 11:51:06.400  1234  1253 I ActivityManagerTiming: OnBootPhase_1000_com.android.server.CachedDeviceStateService
11-05 11:51:06.400  1234  1253 I ActivityManagerTiming: OnBootPhase_1000_com.android.server.BinderCallsStatsService$LifeCycle
11-05 11:51:06.400  1234  1253 I ActivityManagerTiming: OnBootPhase_1000_com.android.server.LooperStatsService$Lifecycle
11-05 11:51:06.400  1234  1253 I ActivityManagerTiming: OnBootPhase_1000_com.android.server.rollback.RollbackManagerService
11-05 11:51:06.401  1234  1253 I ActivityManagerTiming: OnBootPhase_1000_com.android.server.os.BugreportManagerService
11-05 11:51:06.401  1234  1253 I ActivityManagerTiming: OnBootPhase_1000_com.android.server.gpu.GpuService
11-05 11:51:06.401  1234  1253 I ActivityManagerTiming: OnBootPhase_1000_com.android.server.security.KeyChainSystemService
11-05 11:51:06.401  1234  1253 I ActivityManagerTiming: OnBootPhase_1000_com.android.server.telecom.TelecomLoaderService
11-05 11:51:06.401  1234  1253 I ActivityManagerTiming: OnBootPhase_1000_com.android.server.accounts.AccountManagerService$Lifecycle
11-05 11:51:06.401  1234  1253 I ActivityManagerTiming: OnBootPhase_1000_com.android.server.content.ContentService$Lifecycle
11-05 11:51:06.401  1234  1253 I ActivityManagerTiming: OnBootPhase_1000_com.android.server.FontService$Lifecycle
11-05 11:51:06.401  1234  1733 D RollbackManager: mRollbackLifetimeDurationInMillis=1209600000
11-05 11:51:06.401  1234  1253 I ActivityManagerTiming: OnBootPhase_1000_com.android.server.DropBoxManagerService
11-05 11:51:06.401  1234  1253 I ActivityManagerTiming: OnBootPhase_1000_com.android.server.AlarmManagerService
11-05 11:51:06.401  1234  1253 I ActivityManagerTiming: OnBootPhase_1000_com.android.server.BluetoothService
11-05 11:51:06.401  1234  1319 V DisplayPowerController: Brightness [0.07799286] reason changing to: 'manual', previous reason: 'override'.
11-05 11:51:06.401  1234  1253 I ActivityManagerTiming: OnBootPhase_1000_com.android.server.connectivity.IpConnectivityMetrics
11-05 11:51:06.401  1234  1253 I ActivityManagerTiming: OnBootPhase_1000_com.android.server.net.watchlist.NetworkWatchlistService$Lifecycle
11-05 11:51:06.401  1234  1253 I ActivityManagerTiming: OnBootPhase_1000_com.android.server.PinnerService
11-05 11:51:06.401  1234  1253 I ActivityManagerTiming: OnBootPhase_1000_com.google.android.startop.iorap.IorapForwardingService
11-05 11:51:06.401  1234  1253 I ActivityManagerTiming: OnBootPhase_1000_com.android.server.integrity.AppIntegrityManagerService
11-05 11:51:06.402  1234  1253 I ActivityManagerTiming: OnBootPhase_1000_com.android.server.inputmethod.InputMethodManagerService$Lifecycle
11-05 11:51:06.402  1234  1253 I ActivityManagerTiming: OnBootPhase_1000_com.android.server.accessibility.AccessibilityManagerService$Lifecycle
11-05 11:51:06.402  1234  1253 I ActivityManagerTiming: OnBootPhase_1000_com.android.server.StorageManagerService$Lifecycle
11-05 11:51:06.402  1234  1253 D StorageManagerService: FUSE flags. Settings: true. Default: true
11-05 11:51:06.402  1234  1253 I ActivityManagerTiming: OnBootPhase_1000_com.android.server.usage.StorageStatsService$Lifecycle
11-05 11:51:06.402  1234  1253 I ActivityManagerTiming: OnBootPhase_1000_com.android.server.UiModeManagerService
11-05 11:51:06.402  1234  1253 I ActivityManagerTiming: OnBootPhase_1000_com.android.server.locksettings.LockSettingsService$Lifecycle
11-05 11:51:06.402  1234  1253 I ActivityManagerTiming: OnBootPhase_1000_com.android.server.testharness.TestHarnessModeService
11-05 11:51:06.402  1234  1863 D StorageManagerService: Thinking about init, mBootCompleted=true, mDaemonConnected=true
11-05 11:51:06.402  1234  1863 D StorageManagerService: Setting up emulation state, initlocked=false
11-05 11:51:06.402   232   240 D vold    : fscrypt_unlock_user_key 0 serial=0 token_present=0
11-05 11:51:06.403  1234  1863 D StorageManagerService: Thinking about reset, mBootCompleted=true, mDaemonConnected=true
11-05 11:51:06.403  1234  1863 I StorageSessionController: Started resetting external storage service...
11-05 11:51:06.403  1234  1863 I StorageSessionController: Finished resetting external storage service
11-05 11:51:06.403  1234  1863 I StorageManagerService: Resetting vold...
11-05 11:51:06.403  1234  1253 D TestHarnessModeService: Completing Test Harness Mode setup.
11-05 11:51:06.403  1234  1253 D TestHarnessModeService: Getting PersistentDataBlockManagerInternal from LocalServices
11-05 11:51:06.403  1234  1253 E TestHarnessModeService: Failed to start Test Harness Mode; no implementation of PersistentDataBlockManagerInternal was bound!
11-05 11:51:06.404  1234  1253 I ActivityManagerTiming: OnBootPhase_1000_com.android.server.DeviceIdleController
11-05 11:51:06.404  1234  1253 I ActivityManagerTiming: OnBootPhase_1000_com.android.server.devicepolicy.DevicePolicyManagerService$Lifecycle
11-05 11:51:06.404  1234  1253 I ActivityManagerTiming: OnBootPhase_1000_com.android.server.textservices.TextServicesManagerService$Lifecycle
11-05 11:51:06.404  1234  1253 I ActivityManagerTiming: OnBootPhase_1000_com.android.server.textclassifier.TextClassificationManagerService$Lifecycle
11-05 11:51:06.404  1234  1253 I ActivityManagerTiming: OnBootPhase_1000_com.android.server.NetworkScoreService$Lifecycle
11-05 11:51:06.404  1234  1253 I ActivityManagerTiming: OnBootPhase_1000_com.android.server.wifi.WifiService
11-05 11:51:06.405  1234  1863 I StorageManagerService: Reset vold
11-05 11:51:06.405   232   232 I vold    : onUserAdded: 0
