11-05 11:51:48.136  7574  7574 D VzwEmergencyNotificationReceiver: isSubIdExisted : false / isDeviceProvisioned : true / isFeatureOn : false
11-05 11:51:48.194  7601  7627 W MessagingApp: canonicalizeMccMnc: invalid mccmnc:null ,null
11-05 11:51:48.199  2438  2554 I DataUsageUtils: Subscription is not active: -1
11-05 11:51:48.210  7553  7553 D CellBroadcastReceiver: onReceive Intent { act=android.intent.action.SERVICE_STATE flg=0x1000010 cmp=com.android.cellbroadcastreceiver.module/com.android.cellbroadcastreceiver.CellBroadcastReceiver (has extras) }
11-05 11:51:48.219  1234  1319 V DisplayPowerController: Brightness [0.023622047] reason changing to: 'doze', previous reason: 'manual'.
11-05 11:51:48.224  1234  4395 W BroadcastQueue: Background execution not allowed: receiving Intent { act=android.intent.action.USER_PRESENT flg=0x24200010 } to com.google.android.gms/.auth.setup.devicesignals.LockScreenReceiver
11-05 11:51:48.227  1234  1285 W BroadcastQueue: Background execution not allowed: receiving Intent { act=android.intent.action.USER_PRESENT flg=0x24200010 } to com.google.android.gms/.chimera.GmsIntentOperationService$PersistentTrustedReceiver
11-05 11:51:48.227  1234  1285 W BroadcastQueue: Background execution not allowed: receiving Intent { act=android.intent.action.USER_PRESENT flg=0x24200010 } to com.android.chrome/org.chromium.chrome.browser.sharing.click_to_call.ClickToCallMessageHandler$PhoneUnlockedReceiver
11-05 11:51:48.228  1234  1285 D CompatibilityChangeReporter: Compat change id reported: 135634846; UID 10112; state: DISABLED
11-05 11:51:48.228  1234  1286 D CompatibilityChangeReporter: Compat change id reported: 143937733; UID 10112; state: ENABLED
11-05 11:51:48.249  1234  1247 I DropBoxManagerService: add tag=event_log isTagEnabled=true flags=0x2
11-05 11:51:48.255   275   275 D Zygote  : Forked child process 7635
11-05 11:51:48.263  1234  1286 I ActivityManager: Start proc 7635:com.google.android.apps.turbo/u0a112 for broadcast {com.google.android.apps.turbo/com.google.android.apps.turbo.deadline.library.PhenotypeCommittedReceiver}
11-05 11:51:48.315  7635  7635 E roid.apps.turb: Not starting debugger since process cannot load the jdwp agent.
11-05 11:51:48.330  7601  7627 I MessagingApp: Carrier configs loaded: Bundle[{httpSocketTimeout=60000, aliasMinChars=2, smsToMmsTextThreshold=-1, enableSMSDeliveryReports=true, maxMessageTextSize=-1, supportMmsContentDisposition=true, enabledTransID=false, aliasEnabled=false, supportHttpCharsetHeader=false, allowAttachAudio=true, smsToMmsTextLengthThreshold=-1, recipientLimit=2147483647, uaProfTagName=x-wap-profile, aliasMaxChars=48, maxImageHeight=480, enableMMSDeliveryReports=false, userAgent=, mmsCloseConnection=false, config_cellBroadcastAppLinks=true, maxSubjectLength=40, httpParams=, enableGroupMms=true, emailGatewayNumber=, maxMessageSize=307200, naiSuffix=, enableMMSReadReports=false, maxImageWidth=640, uaProfUrl=, enabledMMS=true, enabledNotifyWapMMSC=false, sendMultipartSmsAsSeparateMessages=false, enableMultipartSMS=true}] from resources+system for subId=1
11-05 11:51:48.376  2438  2438 W Choreographer: Frame time is 0.341941 ms in the future!  Check that graphics HAL is generating vsync timestamps using the correct timebase.
11-05 11:51:48.404  7601  7630 W MessagingApp: canonicalizeMccMnc: invalid mccmnc:null ,null
11-05 11:51:48.427  7635  7635 I roid.apps.turb: The ClassLoaderContext is a special shared library.
11-05 11:51:48.444  7601  7630 I MessagingApp: Carrier configs loaded: Bundle[{httpSocketTimeout=60000, aliasMinChars=2, smsToMmsTextThreshold=-1, enableSMSDeliveryReports=true, maxMessageTextSize=-1, supportMmsContentDisposition=true, enabledTransID=false, aliasEnabled=false, supportHttpCharsetHeader=false, allowAttachAudio=true, smsToMmsTextLengthThreshold=-1, recipientLimit=2147483647, uaProfTagName=x-wap-profile, aliasMaxChars=48, maxImageHeight=480, enableMMSDeliveryReports=false, userAgent=, mmsCloseConnection=false, config_cellBroadcastAppLinks=true, maxSubjectLength=40, httpParams=, enableGroupMms=true, emailGatewayNumber=, maxMessageSize=307200, naiSuffix=, enableMMSReadReports=false, maxImageWidth=640, uaProfUrl=, enabledMMS=true, enabledNotifyWapMMSC=false, sendMultipartSmsAsSeparateMessages=false, enableMultipartSMS=true}] from resources+system for subId=1
11-05 11:51:48.457  3472  7440 I chatty  : uid=10114 com.google.android.gms.persistent expire 2 lines
11-05 11:51:48.463  7635  7635 D NetworkSecurityConfig: No Network Security Config specified, using platform default
11-05 11:51:48.464  7635  7635 D NetworkSecurityConfig: No Network Security Config specified, using platform default
11-05 11:51:48.509  1234  1560 I chatty  : uid=1000(system) Binder:1234_3 expire 2 lines
11-05 11:51:48.530  2438  2438 W Choreographer: Frame time is 0.350578 ms in the future!  Check that graphics HAL is generating vsync timestamps using the correct timebase.
11-05 11:51:48.553  1234  4370 D CompatibilityChangeReporter: Compat change id reported: 135634846; UID 10114; state: DISABLED
11-05 11:51:48.553  1234  1286 D CompatibilityChangeReporter: Compat change id reported: 143937733; UID 10114; state: ENABLED
11-05 11:51:48.577  1234  1561 I ActivityManager: Killing 6658:com.google.android.projection.gearhead:shared/u0a118 (adj 945): empty #17
11-05 11:51:48.578   223   223 E lowmemorykiller: Error writing /proc/6658/oom_score_adj; errno=22
11-05 11:51:48.605   275   275 D Zygote  : Forked child process 7661
11-05 11:51:48.609  1234  1286 W ActivityManager: Slow operation: 57ms so far, now at startProcess: returned from zygote!
11-05 11:51:48.610  1234  1286 W ActivityManager: Slow operation: 57ms so far, now at startProcess: done updating battery stats
11-05 11:51:48.610  1234  1286 W ActivityManager: Slow operation: 57ms so far, now at startProcess: building log message
11-05 11:51:48.610  1234  1286 I ActivityManager: Start proc 7661:com.google.android.gms.ui/u0a114 for service {com.google.android.gms/com.google.android.gms.chimera.UiIntentOperationService}
11-05 11:51:48.610  1234  1286 W ActivityManager: Slow operation: 58ms so far, now at startProcess: starting to update pids map
11-05 11:51:48.610  1234  1286 W ActivityManager: Slow operation: 58ms so far, now at startProcess: done updating pids map
11-05 11:51:48.640  1234  1319 I DisplayPowerController: Blocking screen off
11-05 11:51:48.640  1234  1319 I DisplayPowerController: Unblocked screen off after 0 ms
11-05 11:51:48.650  2438  2438 W Choreographer: Frame time is 0.291333 ms in the future!  Check that graphics HAL is generating vsync timestamps using the correct timebase.
11-05 11:51:48.657  1234  1290 W KernelCpuProcStringReader: File not found. It's normal if not implemented: /proc/uid_time_in_state
11-05 11:51:48.658  1234  1290 W KernelCpuProcStringReader: File not found. It's normal if not implemented: /proc/uid_concurrent_active_time
11-05 11:51:48.658  1234  1290 W KernelCpuProcStringReader: File not found. It's normal if not implemented: /proc/uid_concurrent_policy_time
11-05 11:51:48.663  7661  7661 I chatty  : uid=10114(com.google.android.gms) expire 12 lines
11-05 11:51:48.681  1234  1319 D ActivityTaskManager: Top Process State changed to PROCESS_STATE_TOP_SLEEPING
11-05 11:51:48.705  2438  2469 D KeyguardViewMediator: notifyScreenTurnedOff
11-05 11:51:48.706  2438  2438 D KeyguardViewMediator: handleNotifyScreenTurnedOff
11-05 11:51:48.724  1234  1319 V DisplayPowerController: Brightness [-1.0] reason changing to: 'screen_off', previous reason: 'doze'.
11-05 11:51:48.745  2438  2438 D StatusBar: updateQsExpansionEnabled - QS Expand enabled: false
11-05 11:51:48.745   366   366 D SurfaceFlinger: Setting power mode 0 on display 0
11-05 11:51:48.752   334   386 D qdhwcomposer: hwc_setPowerMode: Setting mode 0 on display: 0
11-05 11:51:48.759  1234  4354 W ActivityManager: Slow operation: 52ms so far, now at attachApplicationLocked: after mServices.attachApplicationLocked
11-05 11:51:48.787  2438  2817 D KeyguardViewMediator: updateActivityLockScreenState(false, true)
11-05 11:51:48.821  1234  7680 I chatty  : uid=1000(system) RenderThread expire 1 line
11-05 11:51:48.864  1234  1253 I DisplayManagerService: Display device changed state: "Integrierter Bildschirm", OFF
11-05 11:51:48.889  1234  1253 I chatty  : uid=1000(system) android.display expire 1 line
11-05 11:51:48.902  2438  2438 D StatusBar: updateQsExpansionEnabled - QS Expand enabled: false
11-05 11:51:48.952   334   383 I qdhwcomposer: handle_blank_event: dpy:0 panel power state: 0
11-05 11:51:48.952   334   386 D qdhwcomposer: hwc_setPowerMode: Done setting mode 0 on display 0
11-05 11:51:48.958   366   366 D SurfaceFlinger: Finished setting power mode 0 on display 0
11-05 11:51:48.958  1234  2311 I chatty  : uid=1000(system) PhotonicModulat expire 1 line
11-05 11:51:48.962   345   345 I android.hardware.power-service-qti: Power setMode: 7 to: 0
11-05 11:51:48.963   345   345 E QTI PowerHAL: Invalid hint ID.
11-05 11:51:48.966   250   253 I android.system.suspend@1.0-service: automatic system suspend enabled
11-05 11:51:48.967  2438  2469 D KeyguardViewMediator: onFinishedGoingToSleep(2)
11-05 11:51:48.967  2438  2469 D KeyguardViewMediator: notifyFinishedGoingToSleep
11-05 11:51:48.985   427   598 D audio_hw_primary: adev_set_parameters: enter: screen_state=off
11-05 11:51:48.985   427   598 D audio_hw_extn: audio_extn_set_anc_parameters: anc_enabled:0
11-05 11:51:48.990   427   598 D audio_hw_extn: audio_extn_get_anc_enabled: anc_enabled:0
11-05 11:51:49.002  1234  1561 I chatty  : uid=1000(system) Binder:1234_4 expire 2 lines
11-05 11:51:49.004  2438  2438 D StatusBar: updateQsExpansionEnabled - QS Expand enabled: false
11-05 11:51:49.006  2438  2469 D KeyguardViewMediator: doKeyguard: showing the lock screen
11-05 11:51:49.006  2438  2469 D KeyguardViewMediator: showLocked
11-05 11:51:49.020  1234  1248 D CompatibilityChangeReporter: Compat change id reported: 135634846; UID 10112; state: DISABLED
11-05 11:51:49.020  1234  1286 D CompatibilityChangeReporter: Compat change id reported: 143937733; UID 10112; state: ENABLED
11-05 11:51:49.023  1234  1248 I ActivityManager: Killing 6700:com.google.android.projection.gearhead:car/u0a118 (adj 985): empty #17
11-05 11:51:49.041   275   275 D Zygote  : Forked child process 7685
11-05 11:51:49.047   223   223 E lowmemorykiller: Error writing /proc/6700/oom_score_adj; errno=22
11-05 11:51:49.055  1234  1286 I ActivityManager: Start proc 7685:com.google.android.apps.turbo:aab/u0a112 for broadcast {com.google.android.apps.turbo/com.google.android.libraries.smartbattery.appusage.library.PhenotypeUpdatedReceiver}
11-05 11:51:49.069  4820  4986 I Finsky  : [194] vjm.accept(41): SCH: Scheduling phonesky job Id: 37-18, CT: 1636109508198, Constraints: [{ L: 0, D: 0, C: 1, I: 1, N: 0 }, { L: 0, D: 0, C: 1, I: 1, N: 0 }]
11-05 11:51:49.083   275   275 I Zygote  : Process 6658 exited due to signal 9 (Killed)
11-05 11:51:49.100  7685  7685 E .apps.turbo:aa: Not starting debugger since process cannot load the jdwp agent.
11-05 11:51:49.112  3472  7504 I chatty  : uid=10114 com.google.android.gms.persistent expire 3 lines
11-05 11:51:49.126  2438  2438 D StatusBar: disable<e i a s b h r c s > disable2<q i n >
11-05 11:51:49.137  4371  6068 W FuseDaemon: Handling plain readdir for default-capability.xml. Invalid d_ino
11-05 11:51:49.137  4371  6068 W FuseDaemon: Handling plain readdir for Android. Invalid d_ino
11-05 11:51:49.137  4371  6068 W FuseDaemon: Handling plain readdir for Music. Invalid d_ino
11-05 11:51:49.137  4371  6068 W FuseDaemon: Handling plain readdir for Podcasts. Invalid d_ino
11-05 11:51:49.137  4371  6068 W FuseDaemon: Handling plain readdir for Ringtones. Invalid d_ino
11-05 11:51:49.137  4371  6068 W FuseDaemon: Handling plain readdir for Alarms. Invalid d_ino
11-05 11:51:49.137  4371  6068 W FuseDaemon: Handling plain readdir for Notifications. Invalid d_ino
11-05 11:51:49.137  4371  6068 W FuseDaemon: Handling plain readdir for Pictures. Invalid d_ino
11-05 11:51:49.137  4371  6068 W FuseDaemon: Handling plain readdir for customized-capability.xml. Invalid d_ino
11-05 11:51:49.137  4371  6068 W FuseDaemon: Handling plain readdir for Movies. Invalid d_ino
11-05 11:51:49.137  4371  6068 W FuseDaemon: Handling plain readdir for Download. Invalid d_ino
11-05 11:51:49.137  4371  6068 W FuseDaemon: Handling plain readdir for DCIM. Invalid d_ino
11-05 11:51:49.137  4371  6068 W FuseDaemon: Handling plain readdir for TWRP. Invalid d_ino
11-05 11:51:49.137  4371  6068 W FuseDaemon: Handling plain readdir for MagiskManager. Invalid d_ino
11-05 11:51:49.137  4371  6068 W FuseDaemon: Handling plain readdir for storage. Invalid d_ino
11-05 11:51:49.137  4371  6068 W FuseDaemon: Handling plain readdir for Telegram. Invalid d_ino
11-05 11:51:49.137  4371  6068 W FuseDaemon: Handling plain readdir for Documents. Invalid d_ino
11-05 11:51:49.138  4371  6068 W FuseDaemon: Handling plain readdir for .rr. Invalid d_ino
11-05 11:51:49.138  4371  6068 W FuseDaemon: Handling plain readdir for .SIc-yJMAhEcjs6wmSi9Uhdeyr_M=. Invalid d_ino
11-05 11:51:49.138  4371  6068 W FuseDaemon: Handling plain readdir for ExtractedApks. Invalid d_ino
11-05 11:51:49.138  4371  6068 W FuseDaemon: Handling plain readdir for Threema. Invalid d_ino
11-05 11:51:49.138  4371  6068 W FuseDaemon: Handling plain readdir for csploit-sniff-1507218959299.pcap. Invalid d_ino
11-05 11:51:49.138  4371  6068 W FuseDaemon: Handling plain readdir for csploit-password-sniff.log. Invalid d_ino
11-05 11:51:49.138  4371  6068 W FuseDaemon: Handling plain readdir for com.facebook.orca. Invalid d_ino
11-05 11:51:49.138  4371  6068 W FuseDaemon: Handling plain readdir for .aide. Invalid d_ino
11-05 11:51:49.138  4371  6068 W FuseDaemon: Handling plain readdir for AppProjects. Invalid d_ino
11-05 11:51:49.138  4371  6068 W FuseDaemon: Handling plain readdir for paw. Invalid d_ino
11-05 11:51:49.138  4371  6068 W FuseDaemon: Handling plain readdir for rar. Invalid d_ino
11-05 11:51:49.138  4371  6068 W FuseDaemon: Handling plain readdir for tmp. Invalid d_ino
11-05 11:51:49.138  4371  6068 W FuseDaemon: Handling plain readdir for Mobi_Usage_AppBackup. Invalid d_ino
11-05 11:51:49.138  4371  6068 W FuseDaemon: Handling plain readdir for .substratum. Invalid d_ino
11-05 11:51:49.138  4371  6068 W FuseDaemon: Handling plain readdir for substratum. Invalid d_ino
11-05 11:51:49.138  4371  6068 W FuseDaemon: Handling plain readdir for cooltool_presets. Invalid d_ino
11-05 11:51:49.138  4371  6068 W FuseDaemon: Handling plain readdir for AppInventor. Invalid d_ino
11-05 11:51:49.138  4371  6068 W FuseDaemon: Handling plain readdir for .HhTjqSRo6dybqDAV2ImUSREmnZU=. Invalid d_ino
11-05 11:51:49.138  4371  6068 W FuseDaemon: Handling plain readdir for pbxaudiobackend.pl. Invalid d_ino
11-05 11:51:49.138  4371  6068 W FuseDaemon: Handling plain readdir for extensions_custom.conf. Invalid d_ino
11-05 11:51:49.138  4371  6068 W FuseDaemon: Handling plain readdir for .profig.os. Invalid d_ino
11-05 11:51:49.138  4371  6068 W FuseDaemon: Handling plain readdir for kws. Invalid d_ino
11-05 11:51:49.138  4371  6068 W FuseDaemon: Handling plain readdir for 7Links. Invalid d_ino
11-05 11:51:49.138  4371  6068 W FuseDaemon: Handling plain readdir for CarbonDelta. Invalid d_ino
11-05 11:51:49.138  4371  6068 W FuseDaemon: Handling plain readdir for twrp3021.img. Invalid d_ino
11-05 11:51:49.138  4371  6068 W FuseDaemon: Handling plain readdir for MediaMonkey. Invalid d_ino
11-05 11:51:49.138  4371  6068 W FuseDaemon: Handling plain readdir for RFAnalyzer. Invalid d_ino
11-05 11:51:49.138  4371  6068 W FuseDaemon: Handling plain readdir for ScreenRecorder. Invalid d_ino
11-05 11:51:49.138  4371  6068 W FuseDaemon: Handling plain readdir for locksettings.db. Invalid d_ino
11-05 11:51:49.138  4371  6068 W FuseDaemon: Handling plain readdir for com.qtrun.QuickTest. Invalid d_ino
11-05 11:51:49.138  4371  6068 W FuseDaemon: Handling plain readdir for Audiobooks. Invalid d_ino
11-05 11:51:49.138  4371  6068 W FuseDaemon: Handling plain readdir for recovery.log. Invalid d_ino
11-05 11:51:49.138  4371  6068 W FuseDaemon: Handling plain readdir for dmesg.log. Invalid d_ino
11-05 11:51:49.143  4371  6068 W FuseDaemon: Handling plain readdir for data. Invalid d_ino
11-05 11:51:49.143  4371  6068 W FuseDaemon: Handling plain readdir for media. Invalid d_ino
11-05 11:51:49.143  4371  6068 W FuseDaemon: Handling plain readdir for obb. Invalid d_ino
11-05 11:51:49.165  1234  4367 I chatty  : uid=1000(system) Binder:1234_B expire 2 lines
11-05 11:51:49.176  7685  7685 I .apps.turbo:aa: The ClassLoaderContext is a special shared library.
11-05 11:51:49.188  2438  2438 D StatusBar: disable<e i a s b h r c s > disable2<q i n >
11-05 11:51:49.210  1234  4366 I chatty  : uid=1000(system) Binder:1234_A expire 4 lines
11-05 11:51:49.226  7685  7685 D NetworkSecurityConfig: No Network Security Config specified, using platform default
11-05 11:51:49.226  7685  7685 D NetworkSecurityConfig: No Network Security Config specified, using platform default
11-05 11:51:49.229  2438  3456 W Adreno-EGL: <qeglDrvAPI_eglGetConfigAttrib:607>: EGL_BAD_ATTRIBUTE
11-05 11:51:49.242  7601  7631 I MessagingAppDataModel: SyncMessagesAction: Starting batch for messages from 1636109483339 to 1636109508014 (message update limit = 80, message scan limit = 4000)
11-05 11:51:49.257  2438  2438 D StatusBar: disable<e i a s b h r c s > disable2<q i n >
11-05 11:51:49.259  2438  2438 W View    : requestLayout() improperly called by com.android.keyguard.CarrierText{30c68a4 V.ED..... ......ID 32,0-472,80 #7f0a026c app:id/keyguard_carrier_text} during layout: running second layout pass
11-05 11:51:49.264  4820  4961 I Finsky  : [187] vta.apply(8): SCH: Scheduling 1 system job(s)
11-05 11:51:49.281   275   275 I Zygote  : Process 6700 exited due to signal 9 (Killed)
11-05 11:51:49.323  4820  4961 I Finsky  : [187] vta.apply(12): SCH: Scheduling system job Id: 9378, L: 0, D: 0, C: false, I: false, N: 0
11-05 11:51:49.337  2438  2438 D KeyguardViewMediator: handleNotifyFinishedGoingToSleep
11-05 11:51:49.349  2438  2438 D KeyguardViewMediator: handleShow
11-05 11:51:49.351  4820  4820 I Finsky  : [2] vxl.a(3): SCH: job service start with id 9378.
11-05 11:51:49.375  2438  2817 D KeyguardViewMediator: updateActivityLockScreenState(true, true)
11-05 11:51:49.379  2438  2438 D StatusBar: disable<e i a s b h r c s > disable2<q i n >
11-05 11:51:49.381  2438  2438 I chatty  : uid=10166(com.android.systemui) identical 3 lines
11-05 11:51:49.381  2438  2438 D StatusBar: disable<e i a s b h r c s > disable2<q i n >
11-05 11:51:49.400  2438  2438 D KeyguardViewMediator: adjustStatusBarLocked: mShowing=true mOccluded=false isSecure=false force=false --> flags=0x1200000
11-05 11:51:49.420  2438  2438 D KeyguardUpdateMonitor: onKeyguardVisibilityChanged(true)
11-05 11:51:49.430  2438  2438 D KeyguardViewMediator: adjustStatusBarLocked: mShowing=true mOccluded=false isSecure=false force=false --> flags=0x1200000
11-05 11:51:49.465  2438  2438 D StatusBar: disable<e i a s b H!R!c s > disable2<q i n >
11-05 11:51:49.484  2438  2438 D StatusBar: disable<e i a s b H R c s > disable2<q i n >
11-05 11:51:49.485  2438  2438 D StatusBar: disable<e i a s b H R c s > disable2<q i n >
11-05 11:51:49.496  3472  6395 I chatty  : uid=10114 com.google.android.gms.persistent expire 4 lines
11-05 11:51:49.500   448  2460 E Utils   : did not find channel-count and/or sample-rate
11-05 11:51:49.502   448   621 E Utils   : did not find channel-count and/or sample-rate
11-05 11:51:49.543  1234  1253 V WindowManager: Orientation start waiting for draw, mDrawState=DRAW_PENDING in Window{bedc3c2 u0 NotificationShade}, surfaceController Surface(name=NotificationShade)/@0xb32843f
11-05 11:51:49.559  4820  4983 I Finsky  : [192] vwj.a(25): SCH: Satisfied jobs for 9378 are: 37-18
11-05 11:51:49.565  7685  7685 W Zebedee-inferBucketsJob: Models given by config: 1
11-05 11:51:49.570  1234  4395 D CompatibilityChangeReporter: Compat change id reported: 135634846; UID 10112; state: DISABLED
11-05 11:51:49.572  1234  1286 D CompatibilityChangeReporter: Compat change id reported: 143937733; UID 10112; state: ENABLED
11-05 11:51:49.576  3472  7420 I chatty  : uid=10114(com.google.android.gms) highpool[5] expire 7 lines
11-05 11:51:49.587   275   275 D Zygote  : Forked child process 7718
11-05 11:51:49.592  1234  1286 I ActivityManager: Start proc 7718:com.google.android.apps.turbo:ssb/u0a112 for broadcast {com.google.android.apps.turbo/com.google.android.libraries.smartbattery.brightness.library.PhenotypeUpdatedReceiver}
11-05 11:51:49.623  4820  5650 I Finsky  : [243] vvw.accept(2): SCH: Job 37-18 starting
11-05 11:51:49.639  7718  7718 E .apps.turbo:ss: Not starting debugger since process cannot load the jdwp agent.
11-05 11:51:49.658  4820  4820 I Finsky  : [2] vto.s(4): SCH: jobFinished: 37-18. TimeElapsed: 27ms.
11-05 11:51:49.692  4321  4321 D NfcService: MSG_APPLY_SCREEN_STATE 2
11-05 11:51:49.723  2836  2836 D RecentsOrientedState: current RecentsOrientedState: [this=RecentsOrientedState@2e3068b mOrientationHandler=PortraitPagedViewHandler@12a5368 mDisplayRotation=0 mTouchRotation=0 mRecentsActivityRotation=0 isRecentsActivityRotationAllowed=false mSystemRotation=false mFlags=291]
11-05 11:51:49.723  2836  2836 I chatty  : uid=10172(com.android.launcher3) identical 2 lines
11-05 11:51:49.723  2836  2836 D RecentsOrientedState: current RecentsOrientedState: [this=RecentsOrientedState@2e3068b mOrientationHandler=PortraitPagedViewHandler@12a5368 mDisplayRotation=0 mTouchRotation=0 mRecentsActivityRotation=0 isRecentsActivityRotationAllowed=false mSystemRotation=false mFlags=291]
11-05 11:51:49.733  7718  7718 I .apps.turbo:ss: The ClassLoaderContext is a special shared library.
11-05 11:51:49.788  7718  7718 D NetworkSecurityConfig: No Network Security Config specified, using platform default
11-05 11:51:49.789  7718  7718 D NetworkSecurityConfig: No Network Security Config specified, using platform default
11-05 11:51:49.894  4338  4338 D CarbonDelta: screen state --> 0
11-05 11:51:49.894  4338  4338 D CarbonDelta: isScreenStateEnabled = true
11-05 11:51:49.895  4338  4338 I CarbonDelta: Setting sleep detection alarm (exact) for 17:21
11-05 11:51:49.928  7661  7745 I chatty  : uid=10114(com.google.android.gms) expire 1 line
11-05 11:51:49.975  3472  3729 I chatty  : uid=10114 com.google.android.gms.persistent expire 10 lines
11-05 11:51:50.040  4820  4972 I Finsky  : [191] vjm.accept(41): SCH: Scheduling phonesky job Id: 26-1414141414, CT: 1636100436354, Constraints: [{ L: 43200000, D: 44100000, C: 1, I: 1, N: 0 }]
11-05 11:51:50.060  7718  7718 E Zebedee-ModelUpdateJob: Turbo installed on a device without a default curve.
11-05 11:51:50.065  7718  7718 E ExceptionLogger: Non-fatal exception
11-05 11:51:50.065  7718  7718 E ExceptionLogger: java.lang.IllegalStateException: Turbo installed on a device without a default curve.
11-05 11:51:50.065  7718  7718 E ExceptionLogger: 	at com.google.android.libraries.smartbattery.brightness.library.UpdateOfflineModelJob.b(PG:17)
11-05 11:51:50.065  7718  7718 E ExceptionLogger: 	at com.google.android.libraries.smartbattery.brightness.library.BootReceiver.a(PG:1)
11-05 11:51:50.065  7718  7718 E ExceptionLogger: 	at com.google.android.libraries.smartbattery.brightness.library.PhenotypeUpdatedReceiver.onReceive(PG:2)
11-05 11:51:50.065  7718  7718 E ExceptionLogger: 	at android.app.ActivityThread.handleReceiver(ActivityThread.java:4027)
11-05 11:51:50.065  7718  7718 E ExceptionLogger: 	at android.app.ActivityThread.access$1400(ActivityThread.java:238)
11-05 11:51:50.065  7718  7718 E ExceptionLogger: 	at android.app.ActivityThread$H.handleMessage(ActivityThread.java:1925)
11-05 11:51:50.065  7718  7718 E ExceptionLogger: 	at android.os.Handler.dispatchMessage(Handler.java:106)
11-05 11:51:50.065  7718  7718 E ExceptionLogger: 	at android.os.Looper.loop(Looper.java:223)
11-05 11:51:50.065  7718  7718 E ExceptionLogger: 	at android.app.ActivityThread.main(ActivityThread.java:7669)
11-05 11:51:50.065  7718  7718 E ExceptionLogger: 	at java.lang.reflect.Method.invoke(Native Method)
11-05 11:51:50.065  7718  7718 E ExceptionLogger: 	at com.android.internal.os.RuntimeInit$MethodAndArgsCaller.run(RuntimeInit.java:594)
11-05 11:51:50.065  7718  7718 E ExceptionLogger: 	at com.android.internal.os.ZygoteInit.main(ZygoteInit.java:947)
11-05 11:51:50.068   448  2460 E Utils   : did not find channel-count and/or sample-rate
11-05 11:51:50.069   448   621 E Utils   : did not find channel-count and/or sample-rate
11-05 11:51:50.089  4820  4961 I Finsky  : [187] vta.apply(8): SCH: Scheduling 1 system job(s)
11-05 11:51:50.090  4820  4961 I Finsky  : [187] vta.apply(12): SCH: Scheduling system job Id: 9381, L: 34126265, D: 35026265, C: false, I: false, N: 0
11-05 11:51:50.093  1234  4367 W BroadcastQueue: Background execution not allowed: receiving Intent { act=android.intent.action.DROPBOX_ENTRY_ADDED flg=0x10 (has extras) } to com.google.android.gms/.stats.service.DropBoxEntryAddedReceiver
11-05 11:51:50.094  1234  4367 I ActivityManager: Killing 6762:com.google.android.syncadapters.calendar/u0a129 (adj 985): empty #17
11-05 11:51:50.095  1234  1285 W BroadcastQueue: Background execution not allowed: receiving Intent { act=android.intent.action.DROPBOX_ENTRY_ADDED flg=0x10 (has extras) } to com.google.android.gms/.chimera.GmsIntentOperationService$PersistentTrustedReceiver
11-05 11:51:50.095   223   223 E lowmemorykiller: Error writing /proc/6762/oom_score_adj; errno=22
11-05 11:51:50.107  2377  3358 I bt_stack: [INFO:gatt_api.cc(947)] GATT_Register 5bde1e56-e52e-893f-b80b-a30ab0ef3d23
11-05 11:51:50.107  2377  3358 I bt_stack: [INFO:gatt_api.cc(967)] allocated gatt_if=5
11-05 11:51:50.122  1234  4379 D CompatibilityChangeReporter: Compat change id reported: 135634846; UID 10113; state: DISABLED
11-05 11:51:50.122  1234  1286 D CompatibilityChangeReporter: Compat change id reported: 143937733; UID 10113; state: ENABLED
11-05 11:51:50.125  7601  7631 I MessagingAppDataModel: SyncMessagesAction: All messages now in sync
11-05 11:51:50.128  3472  3472 I chatty  : uid=10114 com.google.android.gms.persistent expire 3 lines
11-05 11:51:50.130  1234  4392 I ActivityManager: Killing 6940:com.google.android.syncadapters.contacts/u0a135 (adj 975): empty #17
11-05 11:51:50.138   275   275 D Zygote  : Forked child process 7757
11-05 11:51:50.140  1234  1286 I ActivityManager: Start proc 7757:com.android.providers.calendar/u0a113 for broadcast {com.android.providers.calendar/com.android.providers.calendar.CalendarProviderBroadcastReceiver}
11-05 11:51:50.160   275   275 I Zygote  : Process 6940 exited due to signal 9 (Killed)
11-05 11:51:50.178  7757  7757 E viders.calenda: Not starting debugger since process cannot load the jdwp agent.
11-05 11:51:50.190  4820  5650 I Finsky  : [243] vxf.a(16): SCH: job service finished with id 9378.
11-05 11:51:50.197  1234  4354 I ActivityManager: Killing 6977:com.google.android.tts/u0a146 (adj 945): empty #17
11-05 11:51:50.198   223   223 E lowmemorykiller: Error writing /proc/6977/oom_score_adj; errno=22
11-05 11:51:50.219   275   275 I Zygote  : Process 6762 exited due to signal 9 (Killed)
11-05 11:51:50.231  7757  7757 I viders.calenda: The ClassLoaderContext is a special shared library.
11-05 11:51:50.244  7757  7757 D NetworkSecurityConfig: No Network Security Config specified, using platform default
11-05 11:51:50.244  7757  7757 D NetworkSecurityConfig: No Network Security Config specified, using platform default
11-05 11:51:50.275   448  2460 E Utils   : did not find channel-count and/or sample-rate
11-05 11:51:50.282   448   621 E Utils   : did not find channel-count and/or sample-rate
11-05 11:51:50.285  7757  7757 I CalendarProvider2: Created com.android.providers.calendar.CalendarAlarmManager@53621d8(com.android.providers.calendar.CalendarProvider2@b6c6931)
11-05 11:51:50.336   275   275 I Zygote  : Process 6977 exited due to signal 9 (Killed)
11-05 11:51:50.355   270   273 I statsd  : ConfigManager This is a duplicate config (10114 175713051)
11-05 11:51:50.361   270  2578 I statsd  : ConfigManager This is a duplicate config (10114 175713611)
11-05 11:51:50.370  1234  1285 D CompatibilityChangeReporter: Compat change id reported: 135634846; UID 10106; state: DISABLED
11-05 11:51:50.371   270   273 I statsd  : ConfigManager This is a duplicate config (10114 175721243)
11-05 11:51:50.371  1234  1286 D CompatibilityChangeReporter: Compat change id reported: 143937733; UID 10106; state: ENABLED
11-05 11:51:50.375   270  2578 I statsd  : ConfigManager This is a duplicate config (10114 175713052)
11-05 11:51:50.385  4443  6824 I chatty  : uid=10114(com.google.android.gms) expire 3 lines
11-05 11:51:50.387   275   275 D Zygote  : Forked child process 7786
11-05 11:51:50.399  1234  1286 I ActivityManager: Start proc 7786:com.google.android.apps.wellbeing/u0a106 for broadcast {com.google.android.apps.wellbeing/com.google.android.apps.wellbeing.autodnd.impl.ContextManagerRestartBroadcastReceiver_Receiver}
11-05 11:51:50.404   448  2460 E Utils   : did not find channel-count and/or sample-rate
11-05 11:51:50.409   448   621 E Utils   : did not find channel-count and/or sample-rate
11-05 11:51:50.424  7786  7786 E .apps.wellbein: Not starting debugger since process cannot load the jdwp agent.
11-05 11:51:50.455  1234  4378 I chatty  : uid=1000(system) Binder:1234_E expire 1 line
11-05 11:51:50.469  1234  4392 I chatty  : uid=1000(system) Binder:1234_10 expire 2 lines
11-05 11:51:50.482  7786  7786 I .apps.wellbein: The ClassLoaderContext is a special shared library.
11-05 11:51:50.519  1234  4354 I chatty  : uid=1000(system) Binder:1234_9 expire 1 line
11-05 11:51:50.532  6397  6397 I Notifications: [ChimeBroadcastReceiver] Intent received for action [com.google.android.c2dm.intent.RECEIVE] package [com.google.android.googlequicksearchbox].
11-05 11:51:50.532  6397  6397 I Notifications: [ChimeBroadcastReceiver] Phenotype initialized.
11-05 11:51:50.533  7786  7786 D NetworkSecurityConfig: No Network Security Config specified, using platform default
11-05 11:51:50.533  7786  7786 D NetworkSecurityConfig: No Network Security Config specified, using platform default
11-05 11:51:50.536  7786  7786 I MultiDex: VM with version 2.1.0 has multidex support
11-05 11:51:50.536  7786  7786 I MultiDex: install
11-05 11:51:50.536  7786  7786 I MultiDex: VM has multidex support, MultiDex support library is disabled.
11-05 11:51:50.550  6397  6397 I Notifications: [ChimeBroadcastReceiver] Validation OK for action [com.google.android.c2dm.intent.RECEIVE].
11-05 11:51:50.550  6397  6397 I Notifications: [ChimeExecutorApiImpl-Tiktok] Submitting Broadcast execution [130298303] to tiktok executor.
11-05 11:51:50.551  6397  6523 I Notifications: [ChimeBroadcastReceiver] Executing action in BroadcastReceiver [com.google.android.c2dm.intent.RECEIVE].
11-05 11:51:50.562  1234  4351 I chatty  : uid=1000(system) Binder:1234_8 expire 1 line
11-05 11:51:50.659  1234  1247 I chatty  : uid=1000(system) Binder:1234_1 expire 3 lines
11-05 11:51:50.714  7786  7786 I juj     : SslGuard completed installation.
11-05 11:51:50.736  7786  7813 W .apps.wellbein: Accessing hidden field Ljava/util/Collections$SynchronizedCollection;->mutex:Ljava/lang/Object; (greylist-max-o, reflection, denied)
11-05 11:51:50.737  7786  7813 W .apps.wellbein: Accessing hidden method Ljava/util/Collections$SynchronizedSet;-><init>(Ljava/util/Set;Ljava/lang/Object;)V (greylist-max-o, reflection, denied)
11-05 11:51:50.737  7786  7813 W .apps.wellbein: Accessing hidden method Ljava/util/Collections$SynchronizedCollection;-><init>(Ljava/util/Collection;Ljava/lang/Object;)V (greylist-max-o, reflection, denied)
11-05 11:51:50.745  4443  6821 I chatty  : uid=10114(com.google.android.gms) expire 2 lines
11-05 11:51:50.747  3472  6820 I chatty  : uid=10114 com.google.android.gms.persistent expire 2 lines
11-05 11:51:50.773  4443  6866 I chatty  : uid=10114(com.google.android.gms) expire 1 line
11-05 11:51:50.803  1234  1560 I chatty  : uid=1000(system) Binder:1234_3 expire 1 line
11-05 11:51:50.804  3472  6820 I chatty  : uid=10114 com.google.android.gms.persistent expire 22 lines
11-05 11:51:50.823  1234  4394 I chatty  : uid=1000(system) Binder:1234_11 expire 1 line
11-05 11:51:50.900  1234  1561 I chatty  : uid=1000(system) Binder:1234_4 expire 1 line
11-05 11:51:50.931   448  2460 E Utils   : did not find channel-count and/or sample-rate
11-05 11:51:50.932   448   621 E Utils   : did not find channel-count and/or sample-rate
11-05 11:51:50.934  1234  4367 I chatty  : uid=1000(system) Binder:1234_B expire 1 line
11-05 11:51:50.938  4371  4477 W FuseDaemon: Handling plain readdir for default-capability.xml. Invalid d_ino
11-05 11:51:50.938  4371  4477 W FuseDaemon: Handling plain readdir for Android. Invalid d_ino
11-05 11:51:50.938  4371  4477 W FuseDaemon: Handling plain readdir for Music. Invalid d_ino
11-05 11:51:50.938  4371  4477 W FuseDaemon: Handling plain readdir for Podcasts. Invalid d_ino
11-05 11:51:50.938  4371  4477 W FuseDaemon: Handling plain readdir for Ringtones. Invalid d_ino
11-05 11:51:50.938  4371  4477 W FuseDaemon: Handling plain readdir for Alarms. Invalid d_ino
11-05 11:51:50.939  4371  4477 W FuseDaemon: Handling plain readdir for Notifications. Invalid d_ino
11-05 11:51:50.939  4371  4477 W FuseDaemon: Handling plain readdir for Pictures. Invalid d_ino
11-05 11:51:50.939  4371  4477 W FuseDaemon: Handling plain readdir for customized-capability.xml. Invalid d_ino
11-05 11:51:50.939  4371  4477 W FuseDaemon: Handling plain readdir for Movies. Invalid d_ino
11-05 11:51:50.939  4371  4477 W FuseDaemon: Handling plain readdir for Download. Invalid d_ino
11-05 11:51:50.939  4371  4477 W FuseDaemon: Handling plain readdir for DCIM. Invalid d_ino
11-05 11:51:50.939  4371  4477 W FuseDaemon: Handling plain readdir for TWRP. Invalid d_ino
11-05 11:51:50.939  4371  4477 W FuseDaemon: Handling plain readdir for MagiskManager. Invalid d_ino
11-05 11:51:50.939  4371  4477 W FuseDaemon: Handling plain readdir for storage. Invalid d_ino
11-05 11:51:50.939  4371  4477 W FuseDaemon: Handling plain readdir for Telegram. Invalid d_ino
11-05 11:51:50.939  4371  4477 W FuseDaemon: Handling plain readdir for Documents. Invalid d_ino
11-05 11:51:50.939  4371  4477 W FuseDaemon: Handling plain readdir for .rr. Invalid d_ino
11-05 11:51:50.939  4371  4477 W FuseDaemon: Handling plain readdir for .SIc-yJMAhEcjs6wmSi9Uhdeyr_M=. Invalid d_ino
11-05 11:51:50.939  4371  4477 W FuseDaemon: Handling plain readdir for ExtractedApks. Invalid d_ino
11-05 11:51:50.939  4371  4477 W FuseDaemon: Handling plain readdir for Threema. Invalid d_ino
11-05 11:51:50.939  4371  4477 W FuseDaemon: Handling plain readdir for csploit-sniff-1507218959299.pcap. Invalid d_ino
11-05 11:51:50.939  4371  4477 W FuseDaemon: Handling plain readdir for csploit-password-sniff.log. Invalid d_ino
11-05 11:51:50.939  4371  4477 W FuseDaemon: Handling plain readdir for com.facebook.orca. Invalid d_ino
11-05 11:51:50.939  4371  4477 W FuseDaemon: Handling plain readdir for .aide. Invalid d_ino
11-05 11:51:50.939  4371  4477 W FuseDaemon: Handling plain readdir for AppProjects. Invalid d_ino
11-05 11:51:50.939  4371  4477 W FuseDaemon: Handling plain readdir for paw. Invalid d_ino
11-05 11:51:50.939  4371  4477 W FuseDaemon: Handling plain readdir for rar. Invalid d_ino
11-05 11:51:50.939  4371  4477 W FuseDaemon: Handling plain readdir for tmp. Invalid d_ino
11-05 11:51:50.939  4371  4477 W FuseDaemon: Handling plain readdir for Mobi_Usage_AppBackup. Invalid d_ino
11-05 11:51:50.939  4371  4477 W FuseDaemon: Handling plain readdir for .substratum. Invalid d_ino
11-05 11:51:50.939  4371  4477 W FuseDaemon: Handling plain readdir for substratum. Invalid d_ino
11-05 11:51:50.939  4371  4477 W FuseDaemon: Handling plain readdir for cooltool_presets. Invalid d_ino
11-05 11:51:50.939  4371  4477 W FuseDaemon: Handling plain readdir for AppInventor. Invalid d_ino
11-05 11:51:50.939  4371  4477 W FuseDaemon: Handling plain readdir for .HhTjqSRo6dybqDAV2ImUSREmnZU=. Invalid d_ino
11-05 11:51:50.939  4371  4477 W FuseDaemon: Handling plain readdir for pbxaudiobackend.pl. Invalid d_ino
11-05 11:51:50.939  4371  4477 W FuseDaemon: Handling plain readdir for extensions_custom.conf. Invalid d_ino
11-05 11:51:50.939  4371  4477 W FuseDaemon: Handling plain readdir for .profig.os. Invalid d_ino
11-05 11:51:50.939  4371  4477 W FuseDaemon: Handling plain readdir for kws. Invalid d_ino
11-05 11:51:50.939  4371  4477 W FuseDaemon: Handling plain readdir for 7Links. Invalid d_ino
11-05 11:51:50.939  4371  4477 W FuseDaemon: Handling plain readdir for CarbonDelta. Invalid d_ino
11-05 11:51:50.939  4371  4477 W FuseDaemon: Handling plain readdir for twrp3021.img. Invalid d_ino
11-05 11:51:50.939  4371  4477 W FuseDaemon: Handling plain readdir for MediaMonkey. Invalid d_ino
11-05 11:51:50.939  4371  4477 W FuseDaemon: Handling plain readdir for RFAnalyzer. Invalid d_ino
11-05 11:51:50.939  4371  4477 W FuseDaemon: Handling plain readdir for ScreenRecorder. Invalid d_ino
11-05 11:51:50.939  4371  4477 W FuseDaemon: Handling plain readdir for locksettings.db. Invalid d_ino
11-05 11:51:50.939  4371  4477 W FuseDaemon: Handling plain readdir for com.qtrun.QuickTest. Invalid d_ino
11-05 11:51:50.939  4371  4477 W FuseDaemon: Handling plain readdir for Audiobooks. Invalid d_ino
11-05 11:51:50.939  4371  4477 W FuseDaemon: Handling plain readdir for recovery.log. Invalid d_ino
11-05 11:51:50.939  4371  4477 W FuseDaemon: Handling plain readdir for dmesg.log. Invalid d_ino
11-05 11:51:50.944  3472  6969 I chatty  : uid=10114(com.google.android.gms) lowpool[8] expire 4 lines
11-05 11:51:50.946  4371  4477 W FuseDaemon: Handling plain readdir for data. Invalid d_ino
11-05 11:51:50.946  4371  4477 W FuseDaemon: Handling plain readdir for media. Invalid d_ino
11-05 11:51:50.946  4371  4477 W FuseDaemon: Handling plain readdir for obb. Invalid d_ino
11-05 11:51:50.958  7786  7786 W ContextManagerRestartBr: Context manager broadcast triggered fence restoration
11-05 11:51:50.980  4443  6821 I chatty  : uid=10114(com.google.android.gms) expire 1 line
11-05 11:51:50.980  7786  7786 W AutoDndManagerImpl: Context manager requested to re-register fence
11-05 11:51:50.986  4443  5779 I chatty  : uid=10114(com.google.android.gms) lowpool[4] expire 7 lines
11-05 11:51:51.034  7786  7786 W epq     : Fence recovery - Context manager restart broadcast triggered.
11-05 11:51:51.048  1234  4369 I chatty  : uid=1000(system) Binder:1234_C expire 1 line
11-05 11:51:51.076  1234  1243 I chatty  : uid=1000(system) HeapTaskDaemon expire 1 line
11-05 11:51:51.085  7786  7786 W ContextManagerRestarted: Context manager broadcast triggered power state fence restoration
11-05 11:51:51.087  7786  7786 W PowerStateManagerImpl: Context manager requested to re-register fence
11-05 11:51:51.121  4820  4820 I Finsky  : [2] vxl.a(3): SCH: job service start with id 9375.
11-05 11:51:51.130  1234  1245 I chatty  : uid=1000(system) FinalizerDaemon expire 6 lines
11-05 11:51:51.190   448  2460 E Utils   : did not find channel-count and/or sample-rate
11-05 11:51:51.192   448   621 E Utils   : did not find channel-count and/or sample-rate
11-05 11:51:51.208  4820  4983 I Finsky  : [192] vwj.a(25): SCH: Satisfied jobs for 9375 are: 28--559038737
11-05 11:51:51.213  4820  5650 I Finsky  : [243] vvw.accept(2): SCH: Job 28--559038737 starting
11-05 11:51:51.243  6397  6523 I Notifications: [ChimeExecutorApiImpl-Tiktok] Finished Broadcast execution [130298303].
11-05 11:51:51.257  6397  6397 I NotificationFullFlow: Step 1: GcmBroadcastReceiver:onReceive
11-05 11:51:51.268  6397  6544 I NotificationFullFlow: Step 2: GcsmState:handleClientEvent
11-05 11:51:51.274  2757  3369 E DatabaseUtils: Writing exception to parcel
11-05 11:51:51.274  2757  3369 E DatabaseUtils: java.lang.SecurityException: No permission to access APN settings
11-05 11:51:51.274  2757  3369 E DatabaseUtils: 	at com.android.providers.telephony.TelephonyProvider.checkPermission(TelephonyProvider.java:3960)
11-05 11:51:51.274  2757  3369 E DatabaseUtils: 	at com.android.providers.telephony.TelephonyProvider.checkPermissionCompat(TelephonyProvider.java:3977)
11-05 11:51:51.274  2757  3369 E DatabaseUtils: 	at com.android.providers.telephony.TelephonyProvider.query(TelephonyProvider.java:2930)
11-05 11:51:51.274  2757  3369 E DatabaseUtils: 	at android.content.ContentProvider.query(ContentProvider.java:1379)
11-05 11:51:51.274  2757  3369 E DatabaseUtils: 	at android.content.ContentProvider.query(ContentProvider.java:1475)
11-05 11:51:51.274  2757  3369 E DatabaseUtils: 	at android.content.ContentProvider$Transport.query(ContentProvider.java:278)
11-05 11:51:51.274  2757  3369 E DatabaseUtils: 	at android.content.ContentProviderNative.onTransact(ContentProviderNative.java:106)
11-05 11:51:51.274  2757  3369 E DatabaseUtils: 	at android.os.Binder.execTransactInternal(Binder.java:1154)
11-05 11:51:51.274  2757  3369 E DatabaseUtils: 	at android.os.Binder.execTransact(Binder.java:1123)
11-05 11:51:51.276  4820  4987 W Finsky  : [195] ime.a(14): Failed to read APN: java.lang.SecurityException: No permission to access APN settings
11-05 11:51:51.287  4820  4987 I Finsky  : [195] jtj.b(2): Dynamic config did not change, will not upload it.
11-05 11:51:51.287  4820  4987 I Finsky  : [195] ilw.b(1): UploadDynamicConfig success. Refreshing device settings cache.
11-05 11:51:51.288  4820  4961 I Finsky  : [187] ilu.accept(2): Device settings refresh on sim change successful.
11-05 11:51:51.289  4820  4961 I Finsky  : [187] vto.s(4): SCH: jobFinished: 28--559038737. TimeElapsed: 74ms.
11-05 11:51:51.308  4820  4987 I Finsky  : [195] juu.b(3): New device settings response: # ards@7c418
11-05 11:51:51.316  1234  1561 I chatty  : uid=1000(system) Binder:1234_4 expire 2 lines
11-05 11:51:51.325  1234  4379 I chatty  : uid=1000(system) Binder:1234_F expire 5 lines
11-05 11:51:51.326  6397  6544 E A       : Processing of GCM event failed.
11-05 11:51:51.326  6397  6544 E A       : java.lang.NullPointerException: No binary data in push message
11-05 11:51:51.326  6397  6544 E A       : 	at com.google.common.base.bd.a(PG:1)
11-05 11:51:51.326  6397  6544 E A       : 	at com.google.android.apps.gsa.staticplugins.bc.k.a(PG:6)
11-05 11:51:51.326  6397  6544 E A       : 	at dagger.b.a.h.apply(PG:2)
11-05 11:51:51.326  6397  6544 E A       : 	at com.google.common.w.a.f.d(PG:2)
11-05 11:51:51.326  6397  6544 E A       : 	at com.google.common.w.a.h.run(PG:9)
11-05 11:51:51.326  6397  6544 E A       : 	at com.google.cf.h.a.q.run(PG:3)
11-05 11:51:51.326  6397  6544 E A       : 	at com.google.android.libraries.i.ab.run(PG:1)
11-05 11:51:51.326  6397  6544 E A       : 	at java.util.concurrent.ThreadPoolExecutor.runWorker(ThreadPoolExecutor.java:1167)
11-05 11:51:51.326  6397  6544 E A       : 	at java.util.concurrent.ThreadPoolExecutor$Worker.run(ThreadPoolExecutor.java:641)
11-05 11:51:51.326  6397  6544 E A       : 	at com.google.android.libraries.i.c.run(PG:2)
11-05 11:51:51.326  6397  6544 E A       : 	at com.google.android.libraries.i.m.run(PG:4)
11-05 11:51:51.326  6397  6544 E A       : 	at java.lang.Thread.run(Thread.java:923)
11-05 11:51:51.330  1234  4394 I ActivityManager: Killing 7077:org.lineageos.snap/u0a168 (adj 985): empty #17
11-05 11:51:51.332   223   223 E lowmemorykiller: Error writing /proc/7077/oom_score_adj; errno=22
11-05 11:51:51.332  7553  7553 D CellBroadcastReceiver: onReceive Intent { act=android.intent.action.SERVICE_STATE flg=0x1000010 cmp=com.android.cellbroadcastreceiver.module/com.android.cellbroadcastreceiver.CellBroadcastReceiver (has extras) }
11-05 11:51:51.332  3472  3472 I chatty  : uid=10114 com.google.android.gms.persistent expire 1 line
11-05 11:51:51.338  7553  7553 D CellBroadcastReceiver: onReceive Intent { act=android.intent.action.SERVICE_STATE flg=0x1000010 cmp=com.android.cellbroadcastreceiver.module/com.android.cellbroadcastreceiver.CellBroadcastReceiver (has extras) }
11-05 11:51:51.341  1234  1248 I ActivityManager: Killing 6486:com.android.chrome/u0a181 (adj 985): empty #17
11-05 11:51:51.343   223   223 E lowmemorykiller: Error writing /proc/6486/oom_score_adj; errno=22
11-05 11:51:51.365  1234  2712 I chatty  : uid=1000(system) Binder:1234_6 expire 3 lines
11-05 11:51:51.367   275   275 I Zygote  : Process 7077 exited due to signal 9 (Killed)
11-05 11:51:51.375  1234  1287 I chatty  : uid=1000(system) ActivityManager expire 3 lines
11-05 11:51:51.394  1234  4354 W BroadcastQueue: Background execution not allowed: receiving Intent { act=android.intent.action.DROPBOX_ENTRY_ADDED flg=0x10 (has extras) } to com.google.android.gms/.stats.service.DropBoxEntryAddedReceiver
11-05 11:51:51.396  1234  1285 W BroadcastQueue: Background execution not allowed: receiving Intent { act=android.intent.action.DROPBOX_ENTRY_ADDED flg=0x10 (has extras) } to com.google.android.gms/.chimera.GmsIntentOperationService$PersistentTrustedReceiver
11-05 11:51:51.402  1234  4366 I chatty  : uid=1000(system) Binder:1234_A expire 3 lines
11-05 11:51:51.411  4820  4987 I Finsky  : [195] vjm.accept(41): SCH: Scheduling phonesky job Id: 1-1337, CT: 1636100435669, Constraints: [{ L: 27660654, D: 70860654, C: 1, I: 1, N: 1 }]
11-05 11:51:51.421  4820  4987 I Finsky  : [195] vjm.accept(41): SCH: Scheduling phonesky job Id: 34-5, CT: 1636100484841, Constraints: [{ L: 79199866, D: 1375199866, C: 1, I: 1, N: 1 }]
11-05 11:51:51.436  1234  4378 I chatty  : uid=1000(system) Binder:1234_E expire 3 lines
11-05 11:51:51.447  4820  4972 I Finsky  : [191] vta.apply(8): SCH: Scheduling 1 system job(s)
11-05 11:51:51.447  4820  4972 I Finsky  : [191] vta.apply(12): SCH: Scheduling system job Id: 9382, L: 18584876, D: 61784876, C: false, I: false, N: 1
11-05 11:51:51.454  1234  1247 I chatty  : uid=1000(system) Binder:1234_1 expire 4 lines
11-05 11:51:51.476   275   275 I Zygote  : Process 6486 exited due to signal 9 (Killed)
11-05 11:51:51.483  1234  4392 I chatty  : uid=1000(system) Binder:1234_10 expire 2 lines
11-05 11:51:51.489  4820  4820 E Finsky  : [2] CheckinReceiver.c(2): Receiver disabled.
11-05 11:51:51.503  4820  5650 I Finsky  : [243] vxf.a(16): SCH: job service finished with id 9375.
11-05 11:51:51.510  3472  6820 I chatty  : uid=10114 com.google.android.gms.persistent expire 16 lines
11-05 11:51:51.522  1234  4351 I ActivityManager: Killing 5516:com.android.vending:background/u0a115 (adj 975): empty #17
11-05 11:51:51.532  1234  1247 W BroadcastQueue: Background execution not allowed: receiving Intent { act=android.intent.action.DROPBOX_ENTRY_ADDED flg=0x10 (has extras) } to com.google.android.gms/.stats.service.DropBoxEntryAddedReceiver
11-05 11:51:51.534  1234  4344 I chatty  : uid=1000(system) Binder:1234_7 expire 5 lines
11-05 11:51:51.534  1234  1285 W BroadcastQueue: Background execution not allowed: receiving Intent { act=android.intent.action.DROPBOX_ENTRY_ADDED flg=0x10 (has extras) } to com.google.android.gms/.chimera.GmsIntentOperationService$PersistentTrustedReceiver
11-05 11:51:51.548  1234  4351 D ConnectivityService: ConnectivityService NetworkRequestInfo binderDied(NetworkRequest [ TRACK_DEFAULT id=30, [ Capabilities: INTERNET&NOT_RESTRICTED&TRUSTED Uid: 10115 AdministratorUids: [] RequestorUid: 10115 RequestorPackageName: com.android.vending] ], android.os.BinderProxy@4062e88)
11-05 11:51:51.559  1234  4351 I chatty  : uid=1000(system) Binder:1234_8 expire 1 line
11-05 11:51:51.560  6397  6397 V ClearcutMetricXmitter: Transmission is done.
11-05 11:51:51.565  1234  4370 I chatty  : uid=1000(system) Binder:1234_D expire 3 lines
11-05 11:51:51.587  4371  7550 I MediaProvider: Scanned internal due to REASON_MOUNTED, found 230 items in 4183ms, 0 inserts 7 updates 0 deletes
11-05 11:51:51.622  1234  1248 I chatty  : uid=1000(system) Binder:1234_2 expire 3 lines
11-05 11:51:51.646   275   275 I Zygote  : Process 5516 exited due to signal 9 (Killed)
11-05 11:51:51.670  1234  4367 I chatty  : uid=1000(system) Binder:1234_B expire 1 line
11-05 11:51:51.678  1234  4395 I chatty  : uid=1000(system) Binder:1234_12 expire 1 line
11-05 11:51:51.687  1234  4396 I chatty  : uid=1000(system) Binder:1234_13 expire 2 lines
11-05 11:51:51.704  1234  4354 I chatty  : uid=1000(system) Binder:1234_9 expire 1 line
11-05 11:51:51.716  1234  1560 I chatty  : uid=1000(system) Binder:1234_3 expire 1 line
11-05 11:51:51.740  3472  6395 I chatty  : uid=10114 com.google.android.gms.persistent expire 25 lines
11-05 11:51:51.756  1234  4369 I chatty  : uid=1000(system) Binder:1234_C expire 4 lines
11-05 11:51:51.768  3472  5800 I chatty  : uid=10114 com.google.android.gms.persistent expire 6 lines
11-05 11:51:51.794  3472  6395 I chatty  : uid=10114 com.google.android.gms.persistent expire 50 lines
11-05 11:51:51.804  6397  6397 V ClearcutMetricXmitter: Transmission is done.
11-05 11:51:51.905  1234  4379 I chatty  : uid=1000(system) Binder:1234_F expire 5 lines
11-05 11:51:51.922  1234  4351 I chatty  : uid=1000(system) Binder:1234_8 expire 2 lines
11-05 11:51:51.931  1234  4366 I chatty  : uid=1000(system) Binder:1234_A expire 5 lines
11-05 11:51:51.938  1234  4367 I chatty  : uid=1000(system) Binder:1234_B expire 1 line
11-05 11:51:51.943  1234  4394 I chatty  : uid=1000(system) Binder:1234_11 expire 4 lines
11-05 11:51:51.947  1234  1561 I chatty  : uid=1000(system) Binder:1234_4 expire 2 lines
11-05 11:51:51.952  1234  1248 I chatty  : uid=1000(system) Binder:1234_2 expire 3 lines
11-05 11:51:51.961  1234  4392 I chatty  : uid=1000(system) Binder:1234_10 expire 1 line
11-05 11:51:51.967  1234  4396 I chatty  : uid=1000(system) Binder:1234_13 expire 3 lines
