11-05 11:51:51.978  1234  2706 I chatty  : uid=1000(system) Binder:1234_5 expire 2 lines
11-05 11:51:52.012  1234  4395 I chatty  : uid=1000(system) Binder:1234_12 expire 2 lines
11-05 11:51:52.035  1234  4344 I chatty  : uid=1000(system) Binder:1234_7 expire 2 lines
11-05 11:51:52.049  1234  4378 I chatty  : uid=1000(system) Binder:1234_E expire 5 lines
11-05 11:51:52.063  7024  7045 I chatty  : uid=10114(com.google.android.gms) Binder:7024_2 expire 4 lines
11-05 11:51:52.090  1234  2712 I chatty  : uid=1000(system) Binder:1234_6 expire 3 lines
11-05 11:51:52.097  1234  1247 I chatty  : uid=1000(system) Binder:1234_1 expire 2 lines
11-05 11:51:52.134  3472  5095 I chatty  : uid=10114(com.google.android.gms) netscheduler-qu expire 1 line
11-05 11:51:52.185  1234  1560 I chatty  : uid=1000(system) Binder:1234_3 expire 1 line
11-05 11:51:52.241  3472  6395 I chatty  : uid=10114 com.google.android.gms.persistent expire 4 lines
11-05 11:51:52.257  7024  7045 I chatty  : uid=10114(com.google.android.gms) Binder:7024_2 expire 1 line
11-05 11:51:52.259  3472  7437 I chatty  : uid=10114(com.google.android.gms) lowpool[14] expire 3 lines
11-05 11:51:52.266  3472  6395 I chatty  : uid=10114 com.google.android.gms.persistent expire 30 lines
11-05 11:51:52.331  1234  4354 I chatty  : uid=1000(system) Binder:1234_9 expire 1 line
11-05 11:51:52.349  1234  4370 I chatty  : uid=1000(system) Binder:1234_D expire 1 line
11-05 11:51:52.369  4443  4458 I chatty  : uid=10114(com.google.android.gms) HeapTaskDaemon expire 1 line
11-05 11:51:52.374  4443  4674 I chatty  : uid=10114(com.google.android.gms) lowpool[2] expire 3 lines
11-05 11:51:52.384  4443  6821 I chatty  : uid=10114(com.google.android.gms) expire 4 lines
11-05 11:51:52.396  3472  6966 I chatty  : uid=10114 com.google.android.gms.persistent expire 8 lines
11-05 11:51:52.403  4371  7550 I MediaProvider: Observed non-standard /storage/emulated/0/Telegram/Telegram Images/.nomedia
11-05 11:51:52.453  4443  6821 I chatty  : uid=10114(com.google.android.gms) expire 5 lines
11-05 11:51:52.459  4443  4674 I chatty  : uid=10114(com.google.android.gms) lowpool[2] expire 5 lines
11-05 11:51:52.498  3472  5800 I chatty  : uid=10114 com.google.android.gms.persistent expire 4 lines
11-05 11:51:52.502  3472  3493 I chatty  : uid=10114(com.google.android.gms) HeapTaskDaemon expire 1 line
11-05 11:51:52.628  3472  7437 I chatty  : uid=10114(com.google.android.gms) lowpool[14] expire 2 lines
11-05 11:51:52.710  3472  7363 I chatty  : uid=10114(com.google.android.gms) Binder:3472_8 expire 2 lines
11-05 11:51:52.716  3472  7355 I chatty  : uid=10114(com.google.android.gms) Binder:3472_7 expire 2 lines
11-05 11:51:52.726  4443  5779 I chatty  : uid=10114(com.google.android.gms) lowpool[4] expire 2 lines
11-05 11:51:52.825  3472  6969 I chatty  : uid=10114(com.google.android.gms) lowpool[8] expire 4 lines
11-05 11:51:52.833  4820  4820 E Finsky  : [2] CheckinReceiver.c(2): Receiver disabled.
11-05 11:51:52.904  1234  1990 I chatty  : uid=1000(system) WifiHandlerThre expire 2 lines
11-05 11:51:52.904  2757  2757 D PhoneSwitcherNetworkRequstListener: got request NetworkRequest [ TRACK_DEFAULT id=43, [ Capabilities: INTERNET&NOT_RESTRICTED&TRUSTED Uid: 10114 AdministratorUids: [] RequestorUid: 10114 RequestorPackageName: com.google.android.gms] ] with score 58 and providerId 4
11-05 11:51:52.907  1234  2293 I chatty  : uid=1000(system) EthernetService expire 1 line
11-05 11:51:53.084   314  3276 E bt_upio : upio_set : open(/proc/bluetooth/sleep/btwrite) for write failed: No such file or directory (2)
11-05 11:51:53.340  1234  7847 I chatty  : uid=1000 system_server expire 55 lines
11-05 11:51:53.582  6825  6842 I PermissionControllerServiceImpl: Updating user sensitive for user 0
11-05 11:51:53.597  6397  6551 D CompatibilityChangeReporter: Compat change id reported: 150939131; UID 10122; state: ENABLED
11-05 11:51:53.605  6825  6853 I UserPackageInfos: updating UserPackageInfosLiveData for user 0
11-05 11:51:53.606  6825  6854 I LancherPackagesLiveData: updating LauncherPackageLiveData
11-05 11:51:53.685  1234  1253 W ActivityTaskManager: Sleep timeout!  Sleeping now.
11-05 11:51:53.980   462   462 W wificond: Copy constructor is only used for unit tests
11-05 11:51:53.980   462   462 W wificond: Failed to get NL80211_ATTR_EXT_FEATURES
11-05 11:51:53.980   462   462 W wificond: Copy constructor is only used for unit tests
11-05 11:51:53.981   462   462 W wificond: Failed to get NL80211_ATTR_EXT_FEATURES
11-05 11:51:53.981   462   462 W wificond: Copy constructor is only used for unit tests
11-05 11:51:53.981   462   462 W wificond: Failed to get NL80211_ATTR_EXT_FEATURES
11-05 11:51:53.982   462   462 W wificond: Copy constructor is only used for unit tests
11-05 11:51:53.982   462   462 W wificond: Failed to get NL80211_ATTR_EXT_FEATURES
11-05 11:51:54.102   443  1437 V installd: DexInv: --- BEGIN '/data/app/~~owod7-Bl97i2aIjDLCZVUw==/com.topjohnwu.magisk-i2VfNWiuZUdXkMeQMTKymQ==/base.apk' ---
11-05 11:51:54.229  7854  7854 I dex2oat32: /apex/com.android.art/bin/dex2oat32 --input-vdex-fd=-1 --output-vdex-fd=9 --updatable-bcp-packages-file=/system/etc/updatable-bcp-packages.txt --resolve-startup-const-strings=true --max-image-block-size=524288 --compiler-filter=verify -j2 --debuggable --classpath-dir=/data/app/~~owod7-Bl97i2aIjDLCZVUw==/com.topjohnwu.magisk-i2VfNWiuZUdXkMeQMTKymQ== --class-loader-context=PCL[]{} --generate-mini-debug-info --compact-dex-level=none --compilation-reason=boot
11-05 11:51:54.236  7854  7854 I dex2oat32: setting boot class path to /apex/com.android.art/javalib/core-oj.jar:/apex/com.android.art/javalib/core-libart.jar:/apex/com.android.art/javalib/core-icu4j.jar:/apex/com.android.art/javalib/okhttp.jar:/apex/com.android.art/javalib/bouncycastle.jar:/apex/com.android.art/javalib/apache-xml.jar:/system/framework/framework.jar:/system/framework/ext.jar:/system/framework/telephony-common.jar:/system/framework/voip-common.jar:/system/framework/ims-common.jar:/system/framework/framework-atb-backward-compatibility.jar:/system/framework/telephony-ext.jar
11-05 11:51:54.788  4371  4386 I FuseDaemon: Background concurrent copying GC freed 301109(21MB) AllocSpace objects, 15(296KB) LOS objects, 54% free, 5167KB/11MB, paused 98us total 266.590ms
11-05 11:51:54.793  3472  3472 I chatty  : uid=10114 com.google.android.gms.persistent expire 1 line
11-05 11:51:55.072  4443  7836 I chatty  : uid=10114(com.google.android.gms) ChromiumNet expire 1 line
11-05 11:51:55.202  3472  4949 I chatty  : uid=10114(com.google.android.gms) Binder:3472_6 expire 2 lines
11-05 11:51:55.206  3472  6969 I chatty  : uid=10114(com.google.android.gms) lowpool[8] expire 2 lines
11-05 11:51:55.249  4443  6821 I chatty  : uid=10114(com.google.android.gms) expire 1 line
11-05 11:51:55.280  3472  7367 I chatty  : uid=10114(com.google.android.gms) Binder:3472_9 expire 2 lines
11-05 11:51:55.288  3472  7363 I chatty  : uid=10114(com.google.android.gms) Binder:3472_8 expire 2 lines
11-05 11:51:55.288  3472  3724 I chatty  : uid=10114(com.google.android.gms) highpool[1] expire 2 lines
11-05 11:51:55.333  3472  6966 I chatty  : uid=10114 com.google.android.gms.persistent expire 1 line
11-05 11:51:55.500  4371  4386 I FuseDaemon: Background young concurrent copying GC freed 71551(5568KB) AllocSpace objects, 0(0B) LOS objects, 49% free, 5727KB/11MB, paused 5.817ms total 85.244ms
11-05 11:51:55.569  7854  7854 W dex2oat32: Could not reserve sentinel fault page
11-05 11:51:55.582  4443  4443 I chatty  : uid=10114(com.google.android.gms) expire 1 line
11-05 11:51:56.734  2377  2377 V AvrcpMediaPlayerList: mPackageChangedBroadcastReceiver: action: android.intent.action.PACKAGE_CHANGED
11-05 11:51:56.734  2377  2377 D AvrcpMediaPlayerList: Name of package changed: com.google.android.gms
11-05 11:51:56.763  1234  1841 I chatty  : uid=1000(system) InputReader expire 1 line
11-05 11:51:56.784  4443  4463 I chatty  : uid=10114(com.google.android.gms) Binder:4443_1 expire 3 lines
11-05 11:51:56.785  4321  4321 D RegisteredNfcFServicesCache: Service unchanged, not updating
11-05 11:51:56.807  3472  5164 I chatty  : uid=10114(com.google.android.gms) NearbyDiscovery expire 3 lines
11-05 11:51:56.822  4443  4443 I chatty  : uid=10114(com.google.android.gms) expire 1 line
11-05 11:51:56.827  1234  1234 I Telecom : DefaultDialerCache: Refreshing default dialer for user 0: now com.android.dialer: DDC.oR@AJ8
11-05 11:51:56.831  6825  6843 I PermissionControllerServiceImpl: Updating user sensitive for uid 10114
11-05 11:51:56.847  2757  2757 D CarrierSvcBindHelper: No carrier app for: 0
11-05 11:51:56.897  4443  4751 I chatty  : uid=10114(com.google.android.gms) highpool[1] expire 1 line
11-05 11:51:56.897  4443  4676 I chatty  : uid=10114(com.google.android.gms) lowpool[3] expire 1 line
11-05 11:51:56.912  3472  7504 I chatty  : uid=10114 com.google.android.gms.persistent expire 1 line
11-05 11:51:56.973  4443  4443 I chatty  : uid=10114(com.google.android.gms) expire 1 line
11-05 11:51:56.992  3472  6395 I chatty  : uid=10114 com.google.android.gms.persistent expire 1 line
11-05 11:51:56.996  3472  3724 I chatty  : uid=10114(com.google.android.gms) highpool[1] expire 1 line
11-05 11:51:57.010  3472  5164 I chatty  : uid=10114(com.google.android.gms) NearbyDiscovery expire 4 lines
11-05 11:51:57.018  4443  4676 I chatty  : uid=10114(com.google.android.gms) lowpool[3] expire 4 lines
11-05 11:51:57.121  3472  6969 I chatty  : uid=10114(com.google.android.gms) lowpool[8] expire 6 lines
11-05 11:51:57.247  3472  5253 I chatty  : uid=10114(com.google.android.gms) NearbyDirectMai expire 2 lines
11-05 11:51:57.251  3472  6969 I GCoreUlr: Unbound from all signal providers. [CONTEXT service_id=22 ]
11-05 11:51:57.254  2377  3358 E bt_btm  : BTM_BleObserve Observe not active
11-05 11:51:57.261  2377  3358 I bt_stack: [INFO:gatt_api.cc(947)] GATT_Register 80fb3350-efae-07a0-b5dc-99418535d1a1
11-05 11:51:57.261  2377  3358 I bt_stack: [INFO:gatt_api.cc(967)] allocated gatt_if=5
11-05 11:51:57.262  3472  4949 D BluetoothLeScanner: onScannerRegistered() - status=0 scannerId=5 mScannerId=0
11-05 11:51:57.296   314   319 E bt_upio : upio_set : open(/proc/bluetooth/sleep/btwrite) for write failed: No such file or directory (2)
11-05 11:51:57.297  3472  3472 I GCoreUlr: Unbound from all signal providers. [CONTEXT service_id=22 ]
11-05 11:51:57.297  3472  3472 I GCoreUlr: Stopping handler for UlrDispSvcFast [CONTEXT service_id=22 ]
11-05 11:51:57.462  4371  7550 I MediaProvider: Observed non-standard /storage/emulated/0/Telegram/Telegram Images/.nomedia
11-05 11:51:57.465  4371  7550 I MediaProvider: Observed non-standard /storage/emulated/0/Telegram/Telegram Video/.nomedia
11-05 11:51:57.500  4371  7550 I MediaProvider: Observed non-standard /storage/emulated/0/Telegram/Telegram Video/.nomedia
11-05 11:51:57.504  4371  7550 I MediaProvider: Observed non-standard /storage/emulated/0/Telegram/Telegram Audio/.nomedia
11-05 11:51:58.432  7854  7854 I dex2oat32: Explicit concurrent copying GC freed 33197(5611KB) AllocSpace objects, 0(0B) LOS objects, 95% free, 65KB/1601KB, paused 70us total 57.860ms
11-05 11:51:58.443  7854  7854 I dex2oat32: Explicit concurrent copying GC freed 64(30KB) AllocSpace objects, 0(0B) LOS objects, 95% free, 67KB/1603KB, paused 43us total 4.092ms
11-05 11:51:58.489  7854  7854 I dex2oat32: Explicit concurrent copying GC freed 1607(477KB) AllocSpace objects, 0(0B) LOS objects, 95% free, 70KB/1606KB, paused 45us total 6.116ms
11-05 11:51:58.528  1234  4378 D WifiNl80211Manager: Scan result ready event
11-05 11:51:58.528  1234  4378 D WifiNative: Scan result ready event
11-05 11:51:58.528  1234  1250 I EthernetTracker: interfaceLinkStateChanged, iface: wlan0, up: true
11-05 11:51:58.534  7854  7854 I dex2oat32: Explicit concurrent copying GC freed 1417(179KB) AllocSpace objects, 0(0B) LOS objects, 95% free, 72KB/1608KB, paused 844us total 9.147ms
11-05 11:51:58.545  7854  7895 I dex2oat32: WaitForGcToComplete blocked ClassLinker on ClassLinker for 5.324ms
11-05 11:51:58.562  1234  1990 E WifiVendorHal: getWifiLinkLayerStats_1_3_Internal(l.973) failed {.code = ERROR_UNKNOWN, .description = unknown error}
11-05 11:51:58.563  3472  5164 I NearbyDiscovery: Show notifications: 0 total, no changes since last shown, no-op. [CONTEXT service_id=49 ]
11-05 11:51:58.582  7854  7854 I dex2oat32: Explicit concurrent copying GC freed 1043(176KB) AllocSpace objects, 0(0B) LOS objects, 95% free, 75KB/1611KB, paused 41us total 4.781ms
11-05 11:51:58.624  7854  7854 I dex2oat32: Explicit concurrent copying GC freed 673(95KB) AllocSpace objects, 0(0B) LOS objects, 95% free, 77KB/1613KB, paused 44us total 4.513ms
11-05 11:51:58.672  7854  7854 I dex2oat32: Explicit concurrent copying GC freed 1771(294KB) AllocSpace objects, 0(0B) LOS objects, 95% free, 80KB/1616KB, paused 42us total 5.663ms
11-05 11:51:58.779  7854  7854 I dex2oat32: Explicit concurrent copying GC freed 2757(786KB) AllocSpace objects, 0(0B) LOS objects, 94% free, 82KB/1618KB, paused 51us total 8.287ms
11-05 11:51:58.791  7854  7854 I dex2oat32: Explicit concurrent copying GC freed 270(65KB) AllocSpace objects, 0(0B) LOS objects, 94% free, 85KB/1621KB, paused 49us total 5.005ms
11-05 11:51:58.818  7854  7854 I dex2oat32: Explicit concurrent copying GC freed 762(111KB) AllocSpace objects, 0(0B) LOS objects, 94% free, 88KB/1624KB, paused 49us total 5.154ms
11-05 11:51:58.858  7854  7854 I dex2oat32: Explicit concurrent copying GC freed 1008(172KB) AllocSpace objects, 0(0B) LOS objects, 94% free, 90KB/1626KB, paused 45us total 5.457ms
11-05 11:51:58.896  7854  7854 I dex2oat32: Explicit concurrent copying GC freed 1036(182KB) AllocSpace objects, 0(0B) LOS objects, 94% free, 93KB/1629KB, paused 50us total 5.722ms
11-05 11:51:58.973  7854  7854 I dex2oat32: Explicit concurrent copying GC freed 1032(170KB) AllocSpace objects, 0(0B) LOS objects, 94% free, 96KB/1632KB, paused 67us total 8.728ms
11-05 11:51:59.061  7854  7854 I dex2oat32: Explicit concurrent copying GC freed 1112(236KB) AllocSpace objects, 0(0B) LOS objects, 93% free, 99KB/1635KB, paused 108us total 9.340ms
11-05 11:51:59.086  7854  7854 I dex2oat32: Explicit concurrent copying GC freed 309(45KB) AllocSpace objects, 0(0B) LOS objects, 93% free, 101KB/1637KB, paused 45us total 6.182ms
11-05 11:51:59.122  7854  7854 I dex2oat32: Explicit concurrent copying GC freed 1496(217KB) AllocSpace objects, 0(0B) LOS objects, 93% free, 104KB/1640KB, paused 40us total 6.237ms
11-05 11:51:59.155  7854  7854 I dex2oat32: Explicit concurrent copying GC freed 1470(273KB) AllocSpace objects, 0(0B) LOS objects, 93% free, 107KB/1643KB, paused 45us total 6.082ms
11-05 11:51:59.205  7854  7854 I dex2oat32: Explicit concurrent copying GC freed 1025(220KB) AllocSpace objects, 0(0B) LOS objects, 93% free, 110KB/1646KB, paused 49us total 6.005ms
11-05 11:51:59.387  4371  7550 I MediaProvider: Observed non-standard /storage/emulated/0/Telegram/Telegram Audio/.nomedia
11-05 11:51:59.390  4371  7550 I MediaProvider: Observed non-standard /storage/emulated/0/Telegram/Telegram Documents/.nomedia
11-05 11:51:59.517  4371  7550 I MediaProvider: Observed non-standard /storage/emulated/0/Telegram/Telegram Documents/.nomedia
11-05 11:51:59.555  4371  7550 I MediaProvider: Observed non-standard /storage/emulated/0/Threema/Ringtones/.nomedia
11-05 11:51:59.564  4371  7550 I MediaProvider: Observed non-standard /storage/emulated/0/Threema/Ringtones/.nomedia
11-05 11:51:59.574  4371  7550 I MediaProvider: Observed non-standard /storage/emulated/0/com.facebook.orca/fb_temp/.nomedia
11-05 11:51:59.582  4371  7550 I MediaProvider: Observed non-standard /storage/emulated/0/com.facebook.orca/fb_temp/.nomedia
11-05 11:51:59.608  4371  7550 I MediaProvider: Observed non-standard /storage/emulated/0/AppProjects/.nomedia
11-05 11:52:00.036  3472  3472 D BoundBrokerSvc: onUnbind: Intent { act=com.google.android.gms.gmscompliance.service.START pkg=com.google.android.gms cmp=com.google.android.gms/.chimera.PersistentBoundBrokerService }
11-05 11:52:00.099  4371  7550 I MediaProvider: Observed non-standard /storage/emulated/0/AppProjects/.nomedia
11-05 11:52:00.144  4371  7550 I MediaProvider: Observed non-standard /storage/emulated/0/paw/html/.nomedia
11-05 11:52:00.192  3472  3472 D BoundBrokerSvc: onUnbind: Intent { act=com.google.android.gms.auth.proximity.devicesyncservice.START cmp=com.google.android.gms/.chimera.PersistentBoundBrokerService }
11-05 11:52:00.361  7854  7854 I dex2oat32: Explicit concurrent copying GC freed 21605(2345KB) AllocSpace objects, 0(0B) LOS objects, 92% free, 123KB/1659KB, paused 215us total 74.240ms
11-05 11:52:00.399  7854  7854 I dex2oat32: dex2oat took 6.175s (8.124s cpu) (threads: 2) arena alloc=0B (0B) java alloc=123KB (126312B) native alloc=5783KB (5922088B) free=760KB (778968B)
11-05 11:52:00.429   443  1437 V installd: DexInv: --- END '/data/app/~~owod7-Bl97i2aIjDLCZVUw==/com.topjohnwu.magisk-i2VfNWiuZUdXkMeQMTKymQ==/base.apk' (success) ---
11-05 11:52:00.441  1234  7847 I system_server: The ClassLoaderContext is a special shared library.
11-05 11:52:00.813  1234  7847 I chatty  : uid=1000 system_server identical 23 lines
11-05 11:52:00.826  1234  7847 I system_server: The ClassLoaderContext is a special shared library.
11-05 11:52:00.827  4371  7550 I MediaProvider: Observed non-standard /storage/emulated/0/paw/html/.nomedia
11-05 11:52:00.834  4371  7550 I MediaProvider: Observed non-standard /storage/emulated/0/paw/tmp/.nomedia
11-05 11:52:00.836  1234  7847 I system_server: The ClassLoaderContext is a special shared library.
11-05 11:52:00.839  4371  7550 I MediaProvider: Observed non-standard /storage/emulated/0/paw/tmp/.nomedia
11-05 11:52:00.845  1234  7847 I system_server: The ClassLoaderContext is a special shared library.
11-05 11:52:00.849  1234  7847 I chatty  : uid=1000 system_server identical 1 line
11-05 11:52:00.856  1234  7847 I system_server: The ClassLoaderContext is a special shared library.
11-05 11:52:00.865  4371  7550 I MediaProvider: Observed non-standard /storage/emulated/0/tmp/.nomedia
11-05 11:52:00.868  4371  7550 I MediaProvider: Observed non-standard /storage/emulated/0/tmp/.nomedia
11-05 11:52:00.872  1234  7847 I BackgroundDexOptService: Pinning optimized code {com.topjohnwu.magisk}
11-05 11:52:00.900   448  2460 E Utils   : did not find channel-count and/or sample-rate
11-05 11:52:00.901   448   621 E Utils   : did not find channel-count and/or sample-rate
11-05 11:52:00.926   448  2460 E Utils   : did not find channel-count and/or sample-rate
11-05 11:52:00.927   448   621 E Utils   : did not find channel-count and/or sample-rate
11-05 11:52:00.992   448  2460 E Utils   : did not find channel-count and/or sample-rate
11-05 11:52:00.992   448   621 E Utils   : did not find channel-count and/or sample-rate
11-05 11:52:01.052   448  2460 E Utils   : did not find channel-count and/or sample-rate
11-05 11:52:01.053   448   621 E Utils   : did not find channel-count and/or sample-rate
11-05 11:52:01.115  4443  4443 D BoundBrokerSvc: onUnbind: Intent { act=com.google.android.gms.facs.internal.service.START cmp=com.google.android.gms/.chimera.GmsInternalApiService }
11-05 11:52:01.156  4371  7550 I MediaProvider: Observed non-standard /storage/emulated/0/MediaMonkey/files/.nomedia
11-05 11:52:01.161  4371  7550 I MediaProvider: Observed non-standard /storage/emulated/0/MediaMonkey/files/.nomedia
11-05 11:52:01.163  4371  7550 I MediaProvider: Observed non-standard /storage/emulated/0/MediaMonkey/artworks/.nomedia
11-05 11:52:01.166  4371  7550 I MediaProvider: Observed non-standard /storage/emulated/0/MediaMonkey/artworks/.nomedia
11-05 11:52:01.326  4371  7550 I MediaProvider: Scanned external_primary due to REASON_MOUNTED, found 7676 items in 9722ms, 1 inserts 4 updates 0 deletes
11-05 11:52:01.331  4371  7550 I MediaProvider: End Intent { act=android.intent.action.MEDIA_MOUNTED dat=file:///storage/emulated/0 flg=0x5000010 cmp=com.android.providers.media.module/com.android.providers.media.MediaService (has extras) }
11-05 11:52:01.333  4371  7550 I MediaProvider: Begin Intent { act=android.intent.action.MEDIA_MOUNTED dat=file:///storage/3465-6537 flg=0x5000010 cmp=com.android.providers.media.module/com.android.providers.media.MediaService (has extras) }
11-05 11:52:01.351  4371  7550 I MediaProvider: Scanned internal due to REASON_MOUNTED, found 6 items in 8ms, 0 inserts 0 updates 0 deletes
11-05 11:52:01.354  4371  7550 W ModernMediaScanner: Failed to visit /oem/media: java.nio.file.NoSuchFileException: /oem/media
11-05 11:52:01.356  4371  7550 I MediaProvider: Scanned internal due to REASON_MOUNTED, found 0 items in 3ms, 0 inserts 0 updates 0 deletes
11-05 11:52:01.388   448  2460 E Utils   : did not find channel-count and/or sample-rate
11-05 11:52:01.389   448   621 E Utils   : did not find channel-count and/or sample-rate
11-05 11:52:01.414   448  2460 E Utils   : did not find channel-count and/or sample-rate
11-05 11:52:01.415   448   621 E Utils   : did not find channel-count and/or sample-rate
11-05 11:52:01.454   448  2460 E Utils   : did not find channel-count and/or sample-rate
11-05 11:52:01.455   448   621 E Utils   : did not find channel-count and/or sample-rate
11-05 11:52:01.511   448  2460 E Utils   : did not find channel-count and/or sample-rate
11-05 11:52:01.512   448   621 E Utils   : did not find channel-count and/or sample-rate
11-05 11:52:01.585   448  2460 E Utils   : did not find channel-count and/or sample-rate
11-05 11:52:01.587   448   621 E Utils   : did not find channel-count and/or sample-rate
11-05 11:52:01.725   448  2460 E Utils   : did not find channel-count and/or sample-rate
11-05 11:52:01.727   448   621 E Utils   : did not find channel-count and/or sample-rate
11-05 11:52:01.754   448  2460 E Utils   : did not find channel-count and/or sample-rate
11-05 11:52:01.755   448   621 E Utils   : did not find channel-count and/or sample-rate
11-05 11:52:01.875  4371  7550 I MediaProvider: Scanned internal due to REASON_MOUNTED, found 230 items in 517ms, 0 inserts 7 updates 0 deletes
11-05 11:52:02.026   448  2460 E Utils   : did not find channel-count and/or sample-rate
11-05 11:52:02.027   448   621 E Utils   : did not find channel-count and/or sample-rate
11-05 11:52:02.067  3472  3724 W ChimeraUtils: Module com.google.android.gms.nearby_en has empty metadata display_name_string_id
11-05 11:52:02.068  3472  3724 W ChimeraUtils: Module com.google.android.gms.nearby_en has empty metadata display_name_string_id
11-05 11:52:02.351  1234  2712 I ActivityManager: Killing 7225:com.google.android.youtube/u0a185 (adj 985): empty #17
11-05 11:52:02.370   223   223 E lowmemorykiller: Error writing /proc/7225/oom_score_adj; errno=22
11-05 11:52:02.459  1234  4369 D ConnectivityService: ConnectivityService NetworkRequestInfo binderDied(NetworkRequest [ TRACK_DEFAULT id=40, [ Capabilities: INTERNET&NOT_RESTRICTED&TRUSTED Uid: 10185 AdministratorUids: [] RequestorUid: 10185 RequestorPackageName: com.google.android.youtube] ], android.os.BinderProxy@84abd34)
11-05 11:52:02.459  1234  4369 D ConnectivityService: ConnectivityService NetworkRequestInfo binderDied(NetworkRequest [ TRACK_DEFAULT id=38, [ Capabilities: INTERNET&NOT_RESTRICTED&TRUSTED Uid: 10185 AdministratorUids: [] RequestorUid: 10185 RequestorPackageName: com.google.android.youtube] ], android.os.BinderProxy@7b0975d)
11-05 11:52:02.459  1234  1561 D ConnectivityService: ConnectivityService NetworkRequestInfo binderDied(NetworkRequest [ LISTEN id=39, [ Capabilities: INTERNET&NOT_RESTRICTED&TRUSTED&FOREGROUND Uid: 10185 AdministratorUids: [] RequestorUid: 10185 RequestorPackageName: com.google.android.youtube] ], android.os.BinderProxy@33cf8d2)
11-05 11:52:02.459  1234  1248 D ConnectivityService: ConnectivityService NetworkRequestInfo binderDied(NetworkRequest [ TRACK_DEFAULT id=37, [ Capabilities: INTERNET&NOT_RESTRICTED&TRUSTED Uid: 10185 AdministratorUids: [] RequestorUid: 10185 RequestorPackageName: com.google.android.youtube] ], android.os.BinderProxy@9321da3)
11-05 11:52:02.479  4443  4443 D BoundBrokerSvc: onUnbind: Intent { act=com.google.android.gms.audit.service.START cmp=com.google.android.gms/.chimera.GmsBoundBrokerService }
11-05 11:52:02.485  1234  1287 I libprocessgroup: Successfully killed process cgroup uid 10185 pid 7225 in 129ms
11-05 11:52:02.515   275   275 I Zygote  : Process 7225 exited due to signal 9 (Killed)
11-05 11:52:03.078  4371  4386 I FuseDaemon: Background concurrent copying GC freed 93183(5774KB) AllocSpace objects, 1(76KB) LOS objects, 66% free, 3052KB/9196KB, paused 100us total 103.001ms
11-05 11:52:03.249  3472  5253 I Nearby  : Start ble scanning from NearbyDirect:BluetoothAdapterWrapper [CONTEXT service_id=49 ]
11-05 11:52:03.255  3472  3472 D BoundBrokerSvc: onUnbind: Intent { act=com.google.android.gms.scheduler.ACTION_PROXY_SCHEDULE cmp=com.google.android.gms/.chimera.PersistentInternalBoundBrokerService }
11-05 11:52:03.262  3472  5253 I Nearby  : M hardware scan: 1 clients, scanMode= OPPORTUNISTIC, callback type= ALL_MATCHES [CONTEXT service_id=49 ]
11-05 11:52:03.269  2377  3358 I bt_stack: [INFO:gatt_api.cc(947)] GATT_Register e1daaa70-ebab-a623-ed10-467b2848b793
11-05 11:52:03.269  2377  3358 I bt_stack: [INFO:gatt_api.cc(967)] allocated gatt_if=5
11-05 11:52:03.271  3472  4538 D BluetoothLeScanner: onScannerRegistered() - status=0 scannerId=5 mScannerId=0
11-05 11:52:03.915  6730  6730 I SetupWizard: [atd] Pausing wifi scanner.
11-05 11:52:04.997  4443  4443 D BoundBrokerSvc: onUnbind: Intent { act=com.google.android.gms.mdns.service.START cmp=com.google.android.gms/.chimera.GmsBoundBrokerService }
11-05 11:52:05.199  4371  4391 W SQLiteQueryBuilder: Allowing abusive custom column: *
11-05 11:52:05.200  4371  4391 I chatty  : uid=10177(com.android.providers.media.module) Binder:4371_2 identical 1 line
11-05 11:52:05.201  4371  4391 W SQLiteQueryBuilder: Allowing abusive custom column: *
11-05 11:52:05.223  4486  4582 V VanillaMusic: xxx --- starting scan of type 104
11-05 11:52:05.231  4371  5513 W SQLiteQueryBuilder: Allowing abusive custom column: AND
11-05 11:52:05.249  4486  4582 V VanillaMusic: NativeLibraryScanner finished, mtime mark is now at 1521811489
11-05 11:52:05.277  1234  1234 D CompatibilityChangeReporter: Compat change id reported: 135634846; UID 10118; state: DISABLED
11-05 11:52:05.277  1234  1286 D CompatibilityChangeReporter: Compat change id reported: 143937733; UID 10118; state: ENABLED
11-05 11:52:05.297  6397  6397 I BgTaskExecutorImpl: Starting EXCLUSIVE background task FETCH_OPT_IN_STATUSES.
11-05 11:52:05.304   275   275 D Zygote  : Forked child process 7959
11-05 11:52:05.310  1234  1286 I ActivityManager: Start proc 7959:com.google.android.projection.gearhead:shared/u0a118 for service {com.google.android.projection.gearhead/com.google.android.apps.auto.components.app.fzero.LauncherIconStateVerificationService}
11-05 11:52:05.348  7959  7959 E gearhead:share: Not starting debugger since process cannot load the jdwp agent.
11-05 11:52:05.414  3472  7363 I FacsCacheGmsModule: Receiving API connection to FACS API from package 'com.google.android.googlequicksearchbox'...
11-05 11:52:05.414  3472  3472 D BoundBrokerSvc: onUnbind: Intent { act=com.google.android.gms.clearcut.bootcount.service.START cmp=com.google.android.gms/.chimera.PersistentBoundBrokerService }
11-05 11:52:05.422  3472  7363 I FacsCacheGmsModule: API connection successful!
11-05 11:52:05.430  4443  4443 D BoundBrokerSvc: onBind: Intent { act=com.google.android.gms.facs.internal.service.START cmp=com.google.android.gms/.chimera.GmsInternalApiService }
11-05 11:52:05.430  4443  4443 D BoundBrokerSvc: Loading bound service for intent: Intent { act=com.google.android.gms.facs.internal.service.START cmp=com.google.android.gms/.chimera.GmsInternalApiService }
11-05 11:52:05.436  3472  4949 I FacsCacheGmsModule: Received 'getActivityControlsSettings' request from package 'com.google.android.googlequicksearchbox', instance id 'AGSA_UDC_INSTANCE', version '1'...
11-05 11:52:05.436  3472  4949 I FacsCacheGmsModule: Operation 'getActivityControlsSettings' dispatched!
11-05 11:52:05.438  3472  3724 I FacsCacheGmsModule: Executing operation 'GetActivityControlsSettingsOperation'...
11-05 11:52:05.439  3472  3724 I FacsCacheGmsModule: Operation 'GetActivityControlsSettingsOperation' successful!
11-05 11:52:05.441  7959  7959 I gearhead:share: The ClassLoaderContext is a special shared library.
11-05 11:52:05.442  4443  4893 I FacsCacheGmsModule: Receiving API connection to internal FACS API...
11-05 11:52:05.446  4443  4893 I FacsCacheGmsModule: API connection successful!
11-05 11:52:05.448  1234  1234 D NotificationService: 0|ch.blinkenlights.android.vanilla|56162|null|10132: granting content://settings/system/notification_sound
11-05 11:52:05.449  1234  1234 I chatty  : uid=1000 system_server identical 1 line
11-05 11:52:05.449  1234  1234 D NotificationService: 0|ch.blinkenlights.android.vanilla|56162|null|10132: granting content://settings/system/notification_sound
11-05 11:52:05.458  1234  1234 W NotificationHistory: Attempted to add notif for locked/gone/disabled user 0
11-05 11:52:05.473  6397  6397 I BgTaskExecutorImpl: Starting EXCLUSIVE background task NOW_UPDATE_GCM_REGISTRATION.
11-05 11:52:05.492  2438  2438 D InterruptionStateProvider: No bubble up: not allowed to bubble: 0|ch.blinkenlights.android.vanilla|56162|null|10132
11-05 11:52:05.494  2438  2438 D InterruptionStateProvider: No pulsing: not important enough: 0|ch.blinkenlights.android.vanilla|56162|null|10132
11-05 11:52:05.505  6397  6544 W SearchServiceCore: Abort, client detached.
11-05 11:52:05.526  7959  7959 D NetworkSecurityConfig: No Network Security Config specified, using platform default
11-05 11:52:05.527  7959  7959 D NetworkSecurityConfig: No Network Security Config specified, using platform default
11-05 11:52:05.540  7959  7959 D WM-WrkMgrInitializer: Initializing WorkManager with default configuration.
11-05 11:52:05.544  7959  7959 W gearhead:share: Accessing hidden field Ljava/util/Collections$SynchronizedCollection;->mutex:Ljava/lang/Object; (greylist-max-o, reflection, denied)
11-05 11:52:05.544  7959  7959 W gearhead:share: Accessing hidden method Ljava/util/Collections$SynchronizedSet;-><init>(Ljava/util/Set;Ljava/lang/Object;)V (greylist-max-o, reflection, denied)
11-05 11:52:05.544  7959  7959 W gearhead:share: Accessing hidden method Ljava/util/Collections$SynchronizedCollection;-><init>(Ljava/util/Collection;Ljava/lang/Object;)V (greylist-max-o, reflection, denied)
11-05 11:52:05.554  7959  7959 I TetheringManager: registerTetheringEventCallback:com.google.android.projection.gearhead
11-05 11:52:05.578  4443  4443 D BoundBrokerSvc: onUnbind: Intent { act=com.google.android.gms.feedback.internal.IFeedbackService cmp=com.google.android.gms/.chimera.GmsBoundBrokerService }
11-05 11:52:05.579  4371  4386 I FuseDaemon: Background concurrent copying GC freed 101221(6137KB) AllocSpace objects, 0(0B) LOS objects, 67% free, 2898KB/9042KB, paused 94us total 128.417ms
11-05 11:52:05.639  1234  1243 I system_server: Background young concurrent copying GC freed 291375(11MB) AllocSpace objects, 22(1724KB) LOS objects, 38% free, 21MB/34MB, paused 233us total 230.810ms
11-05 11:52:05.642  6397  6512 I A       : Falling back to non-UDC sources
11-05 11:52:05.644  6397  6512 I A       : Setting = NOW_CARDS, optedInt = false
11-05 11:52:05.750  7959  7959 I Primes  : Primes not initialized, returning default (no-op) Primes instance which will ignore all calls. Please call Primes.initialize(...) before using any Primes API.
11-05 11:52:05.750  7959  7959 I CAR.GH  : onCreate
11-05 11:52:05.753  7959  7959 I GH.AutoPhenotypeFlags: Load phenotype cache from the disk with configurationVersion: -1 in 1 ms
11-05 11:52:05.756  7959  7959 I CAR.GH  : Process: SHARED_SERVICE
11-05 11:52:05.913  1234  4354 I ActivityManager: Killing 7398:net.simplyadvanced.ltediscovery/u0a187 (adj 975): empty #17
11-05 11:52:05.944   448  2460 I ESQueue : found MPEG2 video codec config (720 x 576)
11-05 11:52:05.958  1234  1287 I libprocessgroup: Successfully killed process cgroup uid 10187 pid 7398 in 44ms
11-05 11:52:06.012   275   275 I Zygote  : Process 7398 exited due to signal 9 (Killed)
11-05 11:52:06.036   448  2460 E Utils   : did not find width and/or height
11-05 11:52:06.036   448   621 E Utils   : did not find width and/or height
11-05 11:52:06.156  4443  4443 D BoundBrokerSvc: onUnbind: Intent { act=com.google.android.gms.pay.service.BIND cmp=com.google.android.gms/.chimera.GmsApiService }
11-05 11:52:06.267   314  3276 E bt_upio : upio_set : open(/proc/bluetooth/sleep/btwrite) for write failed: No such file or directory (2)
11-05 11:52:06.755  3472  3472 D BoundBrokerSvc: onUnbind: Intent { act=com.google.android.gms.udc.service.START cmp=com.google.android.gms/.chimera.PersistentApiService }
11-05 11:52:06.928  3472  3472 D BoundBrokerSvc: onUnbind: Intent { act=com.google.android.gms.tapandpay.service.BIND cmp=com.google.android.gms/.chimera.PersistentApiService }
11-05 11:52:06.931   448   621 E Utils   : did not find channel-count and/or sample-rate
11-05 11:52:06.932   448  3262 E Utils   : did not find channel-count and/or sample-rate
11-05 11:52:07.349  1234  1560 I ActivityManager: Killing 7525:com.android.externalstorage/u0a104 (adj 985): empty #17
11-05 11:52:07.351  3472  3472 D BoundBrokerSvc: onUnbind: Intent { act=com.google.android.gms.pseudonymous.service.START cmp=com.google.android.gms/.chimera.PersistentApiService }
11-05 11:52:07.357   223   223 E lowmemorykiller: Error writing /proc/7525/oom_score_adj; errno=22
11-05 11:52:07.424  1234  1287 I libprocessgroup: Successfully killed process cgroup uid 10104 pid 7525 in 73ms
11-05 11:52:07.530   275   275 I Zygote  : Process 7525 exited due to signal 9 (Killed)
11-05 11:52:07.857  3472  3472 D BoundBrokerSvc: onUnbind: Intent { act=com.google.android.gms.phenotype.service.START cmp=com.google.android.gms/.chimera.PersistentApiService }
11-05 11:52:07.978   448   621 E Utils   : did not find channel-count and/or sample-rate
11-05 11:52:07.979   448  3262 E Utils   : did not find channel-count and/or sample-rate
11-05 11:52:08.063   448   621 E Utils   : did not find channel-count and/or sample-rate
11-05 11:52:08.064   448  3262 E Utils   : did not find channel-count and/or sample-rate
11-05 11:52:08.106   448   621 E Utils   : did not find channel-count and/or sample-rate
11-05 11:52:08.107   448   448 E Utils   : did not find channel-count and/or sample-rate
11-05 11:52:08.134   448   621 E Utils   : did not find channel-count and/or sample-rate
11-05 11:52:08.135   448   448 E Utils   : did not find channel-count and/or sample-rate
11-05 11:52:08.176   448   621 E Utils   : did not find channel-count and/or sample-rate
11-05 11:52:08.177   448   448 E Utils   : did not find channel-count and/or sample-rate
11-05 11:52:08.233   448   621 E Utils   : did not find channel-count and/or sample-rate
11-05 11:52:08.235   448   448 E Utils   : did not find channel-count and/or sample-rate
11-05 11:52:08.275   448   621 E Utils   : did not find channel-count and/or sample-rate
11-05 11:52:08.276   448   448 E Utils   : did not find channel-count and/or sample-rate
11-05 11:52:08.318   448   621 E Utils   : did not find channel-count and/or sample-rate
11-05 11:52:08.320   448   448 E Utils   : did not find channel-count and/or sample-rate
11-05 11:52:08.348   448   621 E Utils   : did not find channel-count and/or sample-rate
11-05 11:52:08.349   448   448 E Utils   : did not find channel-count and/or sample-rate
11-05 11:52:08.393   448   621 E Utils   : did not find channel-count and/or sample-rate
11-05 11:52:08.395   448   448 E Utils   : did not find channel-count and/or sample-rate
11-05 11:52:08.437   448   621 E Utils   : did not find channel-count and/or sample-rate
11-05 11:52:08.438   448   448 E Utils   : did not find channel-count and/or sample-rate
11-05 11:52:08.481   448   621 E Utils   : did not find channel-count and/or sample-rate
11-05 11:52:08.482   448   448 E Utils   : did not find channel-count and/or sample-rate
11-05 11:52:08.639   448   621 E Utils   : did not find channel-count and/or sample-rate
11-05 11:52:08.639   448   448 E Utils   : did not find channel-count and/or sample-rate
11-05 11:52:08.651   448   621 E Utils   : did not find channel-count and/or sample-rate
11-05 11:52:08.652   448   448 E Utils   : did not find channel-count and/or sample-rate
11-05 11:52:08.680   448   621 E Utils   : did not find channel-count and/or sample-rate
11-05 11:52:08.681   448   448 E Utils   : did not find channel-count and/or sample-rate
11-05 11:52:08.737   448   621 E Utils   : did not find channel-count and/or sample-rate
11-05 11:52:08.738   448   448 E Utils   : did not find channel-count and/or sample-rate
11-05 11:52:08.760   448   621 E Utils   : did not find channel-count and/or sample-rate
11-05 11:52:08.760   448   448 E Utils   : did not find channel-count and/or sample-rate
11-05 11:52:08.781   448   621 E Utils   : did not find channel-count and/or sample-rate
11-05 11:52:08.781   448   448 E Utils   : did not find channel-count and/or sample-rate
11-05 11:52:08.800   448   621 E Utils   : did not find channel-count and/or sample-rate
11-05 11:52:08.800   448   448 E Utils   : did not find channel-count and/or sample-rate
11-05 11:52:08.816   448   621 E Utils   : did not find channel-count and/or sample-rate
11-05 11:52:08.817   448   448 E Utils   : did not find channel-count and/or sample-rate
11-05 11:52:08.839   448   621 E Utils   : did not find channel-count and/or sample-rate
11-05 11:52:08.839   448   448 E Utils   : did not find channel-count and/or sample-rate
11-05 11:52:08.856   448   621 E Utils   : did not find channel-count and/or sample-rate
11-05 11:52:08.856   448   448 E Utils   : did not find channel-count and/or sample-rate
11-05 11:52:08.883   448   621 E Utils   : did not find channel-count and/or sample-rate
11-05 11:52:08.884   448   448 E Utils   : did not find channel-count and/or sample-rate
11-05 11:52:09.052   448   621 E Utils   : did not find channel-count and/or sample-rate
11-05 11:52:09.052   448   448 E Utils   : did not find channel-count and/or sample-rate
11-05 11:52:09.130   448   621 E Utils   : did not find channel-count and/or sample-rate
11-05 11:52:09.131   448   448 E Utils   : did not find channel-count and/or sample-rate
11-05 11:52:09.145   448   621 E Utils   : did not find channel-count and/or sample-rate
11-05 11:52:09.145   448   448 E Utils   : did not find channel-count and/or sample-rate
11-05 11:52:09.164   448   621 E Utils   : did not find channel-count and/or sample-rate
11-05 11:52:09.165   448   448 E Utils   : did not find channel-count and/or sample-rate
11-05 11:52:09.186   448   621 E Utils   : did not find channel-count and/or sample-rate
11-05 11:52:09.187   448   448 E Utils   : did not find channel-count and/or sample-rate
11-05 11:52:09.188  1234  1285 W ActivityManager: Stopping service due to app idle: u0a132 -1m0s201ms ch.blinkenlights.android.vanilla/.PlaybackService
11-05 11:52:09.194  4486  4486 E MediaPlayerNative: error (-38, 0)
11-05 11:52:09.197  4486  4486 V MediaPlayer: resetDrmState:  mDrmInfo=null mDrmProvisioningThread=null mPrepareDrmInProgress=false mActiveDrmScheme=false
11-05 11:52:09.197  4486  4486 V MediaPlayer: cleanDrmObj: mDrmObj=null mDrmSessionId=null
11-05 11:52:09.198  4486  4486 V MediaPlayer: resetDrmState:  mDrmInfo=null mDrmProvisioningThread=null mPrepareDrmInProgress=false mActiveDrmScheme=false
11-05 11:52:09.198  4486  4486 V MediaPlayer: cleanDrmObj: mDrmObj=null mDrmSessionId=null
11-05 11:52:09.200  2377  2377 V AvrcpMediaPlayerList: onActiveSessionsChanged: number of controllers: 0
11-05 11:52:09.203  4486  4486 W MediaPlayer: mediaplayer went away with unhandled events
11-05 11:52:09.204  1234  1247 I ActivityManager: Killing 4486:ch.blinkenlights.android.vanilla/u0a132 (adj 935): empty #17
11-05 11:52:09.213  2377  2377 W AvrcpMediaPlayerWrapper: The session was destroyed ch.blinkenlights.android.vanilla
11-05 11:52:09.219  2377  2377 D AvrcpMediaPlayerList: sessionUpdatedCallback(): packageName: ch.blinkenlights.android.vanilla
11-05 11:52:09.222  2377  2377 D AvrcpMediaPlayerList: sendMediaUpdate
11-05 11:52:09.222  2377  2377 D AvrcpMediaPlayerList: sendMediaUpdate state=null
11-05 11:52:09.225  2377  2377 D AvrcpTargetService: onMediaUpdated: track_changed=false state=true queue=false
11-05 11:52:09.225  2377  2377 D AvrcpNativeInterface: sendMediaUpdate: metadata=false playStatus=true queue=false
11-05 11:52:09.225  2377  2377 D AvrcpTargetJni: sendMediaUpdateNative
11-05 11:52:09.225  2377  2377 I bt_stack: [INFO:avrcp_service.cc(346)] virtual void bluetooth::avrcp::AvrcpService::SendMediaUpdate(bool, bool, bool) track_changed=0 :  play_state=1 :  queue=0
11-05 11:52:09.226  2377  2377 D AvrcpMediaPlayerList: Removing media player ch.blinkenlights.android.vanilla
11-05 11:52:09.226  2377  2377 V AvrcpMediaPlayerList: onActiveSessionsChanged: number of controllers: 0
11-05 11:52:09.228   448   621 E Utils   : did not find channel-count and/or sample-rate
11-05 11:52:09.229   448   448 E Utils   : did not find channel-count and/or sample-rate
11-05 11:52:09.274   448   621 E Utils   : did not find channel-count and/or sample-rate
11-05 11:52:09.275   448   448 E Utils   : did not find channel-count and/or sample-rate
11-05 11:52:09.295   448   621 E Utils   : did not find channel-count and/or sample-rate
11-05 11:52:09.295  1234  1287 I libprocessgroup: Successfully killed process cgroup uid 10132 pid 4486 in 89ms
11-05 11:52:09.295   448   448 E Utils   : did not find channel-count and/or sample-rate
11-05 11:52:09.297   275   275 I Zygote  : Process 4486 exited due to signal 9 (Killed)
11-05 11:52:09.316   448   621 E Utils   : did not find channel-count and/or sample-rate
11-05 11:52:09.316   448   448 E Utils   : did not find channel-count and/or sample-rate
11-05 11:52:09.335   448   621 E Utils   : did not find channel-count and/or sample-rate
11-05 11:52:09.336   448   448 E Utils   : did not find channel-count and/or sample-rate
11-05 11:52:09.367   448   621 E Utils   : did not find channel-count and/or sample-rate
11-05 11:52:09.368   448   448 E Utils   : did not find channel-count and/or sample-rate
11-05 11:52:09.395   448   621 E Utils   : did not find channel-count and/or sample-rate
11-05 11:52:09.396   448   448 E Utils   : did not find channel-count and/or sample-rate
11-05 11:52:09.497   448   621 E Utils   : did not find channel-count and/or sample-rate
11-05 11:52:09.499   448   448 E Utils   : did not find channel-count and/or sample-rate
11-05 11:52:09.572   448   621 E Utils   : did not find channel-count and/or sample-rate
11-05 11:52:09.574   448   448 E Utils   : did not find channel-count and/or sample-rate
11-05 11:52:09.742   448   621 E Utils   : did not find channel-count and/or sample-rate
11-05 11:52:09.743   448   448 E Utils   : did not find channel-count and/or sample-rate
11-05 11:52:09.779   448   621 E Utils   : did not find channel-count and/or sample-rate
11-05 11:52:09.780   448   448 E Utils   : did not find channel-count and/or sample-rate
11-05 11:52:09.816  3472  3472 D BoundBrokerSvc: onBind: Intent { act=com.google.android.gms.scheduler.ACTION_PROXY_SCHEDULE cmp=com.google.android.gms/.chimera.PersistentInternalBoundBrokerService }
11-05 11:52:09.816  3472  3472 D BoundBrokerSvc: Loading bound service for intent: Intent { act=com.google.android.gms.scheduler.ACTION_PROXY_SCHEDULE cmp=com.google.android.gms/.chimera.PersistentInternalBoundBrokerService }
11-05 11:52:09.837   448   621 E Utils   : did not find channel-count and/or sample-rate
11-05 11:52:09.838   448   448 E Utils   : did not find channel-count and/or sample-rate
11-05 11:52:09.857   448   621 E Utils   : did not find channel-count and/or sample-rate
11-05 11:52:09.857   448   448 E Utils   : did not find channel-count and/or sample-rate
11-05 11:52:09.875   448   621 E Utils   : did not find channel-count and/or sample-rate
11-05 11:52:09.876   448   448 E Utils   : did not find channel-count and/or sample-rate
11-05 11:52:09.898   448   621 E Utils   : did not find channel-count and/or sample-rate
11-05 11:52:09.898   448   448 E Utils   : did not find channel-count and/or sample-rate
11-05 11:52:09.938   448   621 E Utils   : did not find channel-count and/or sample-rate
11-05 11:52:09.940   448   448 E Utils   : did not find channel-count and/or sample-rate
11-05 11:52:09.979   448   621 E Utils   : did not find channel-count and/or sample-rate
11-05 11:52:09.980   448   448 E Utils   : did not find channel-count and/or sample-rate
11-05 11:52:10.084   448   621 E Utils   : did not find channel-count and/or sample-rate
11-05 11:52:10.085   448   448 E Utils   : did not find channel-count and/or sample-rate
11-05 11:52:10.110   448   621 E Utils   : did not find channel-count and/or sample-rate
11-05 11:52:10.111   448   448 E Utils   : did not find channel-count and/or sample-rate
11-05 11:52:10.134   448   621 E Utils   : did not find channel-count and/or sample-rate
11-05 11:52:10.134   448   448 E Utils   : did not find channel-count and/or sample-rate
11-05 11:52:10.169   448   621 E Utils   : did not find channel-count and/or sample-rate
11-05 11:52:10.170   448   448 E Utils   : did not find channel-count and/or sample-rate
11-05 11:52:10.191   448   621 E Utils   : did not find channel-count and/or sample-rate
11-05 11:52:10.192   448   448 E Utils   : did not find channel-count and/or sample-rate
11-05 11:52:10.210   448   621 E Utils   : did not find channel-count and/or sample-rate
11-05 11:52:10.211   448   448 E Utils   : did not find channel-count and/or sample-rate
11-05 11:52:10.232   448   621 E Utils   : did not find channel-count and/or sample-rate
11-05 11:52:10.232   448   448 E Utils   : did not find channel-count and/or sample-rate
11-05 11:52:10.290   448   621 E Utils   : did not find channel-count and/or sample-rate
11-05 11:52:10.290   448   448 E Utils   : did not find channel-count and/or sample-rate
11-05 11:52:10.300  3472  3472 D BoundBrokerSvc: onUnbind: Intent { act=com.google.android.gms.facs.cache.service.START cmp=com.google.android.gms/.chimera.PersistentApiService }
11-05 11:52:10.316   448   621 E Utils   : did not find channel-count and/or sample-rate
11-05 11:52:10.316   448   448 E Utils   : did not find channel-count and/or sample-rate
11-05 11:52:10.353   448   621 E Utils   : did not 